RMM memory resource = pool
CUIO host memory resource = pinned_pool
# Devices

## [0] `Tesla T4`
* SM Version: 750 (PTX Version: 750)
* Number of SMs: 40
* SM Default Clock Rate: 1590 MHz
* Global Memory: 7208 MiB Free / 14913 MiB Total
* Global Memory Bus Peak: 320 GB/sec (256-bit DDR @5001MHz)
* Max Shared Memory: 64 KiB/SM, 48 KiB/Block
* L2 Cache Size: 4096 KiB
* Maximum Active Blocks: 16/SM
* Maximum Active Threads: 1024/SM, 1024/Block
* Available Registers: 65536/SM, 65536/Block
* ECC Enabled: Yes

# Log

```
Run:  [1/3] ndsh_q1 [Device=0 scale_factor=0.01]
Creating managed pool just for data generation
Pass: Cold: 5.372438ms GPU, 5.376895ms CPU, 14.78s total GPU, 14.89s total wall, 2752x 
Run:  [2/3] ndsh_q1 [Device=0 scale_factor=0.1]
Creating managed pool just for data generation
Pass: Cold: 14.642640ms GPU, 14.647132ms CPU, 10.54s total GPU, 10.57s total wall, 720x 
Run:  [3/3] ndsh_q1 [Device=0 scale_factor=1]
Creating managed pool just for data generation
Pass: Cold: 63.162510ms GPU, 63.166439ms CPU, 0.69s total GPU, 0.70s total wall, 11x 
```

# Benchmark Results

## ndsh_q1

### [0] Tesla T4

| scale_factor | Samples | CPU Time  | Noise | GPU Time  | Noise |
|--------------|---------|-----------|-------|-----------|-------|
|         0.01 |   2752x |  5.377 ms | 7.13% |  5.372 ms | 7.13% |
|          0.1 |    720x | 14.647 ms | 1.23% | 14.643 ms | 1.23% |
|            1 |     11x | 63.166 ms | 0.42% | 63.163 ms | 0.42% |
