---------------------------------------------------------------------------------------------------------
Benchmark                                               Time             CPU   Iterations UserCounters...
---------------------------------------------------------------------------------------------------------
Gather/double_coalesced/1024/1/manual_time           3863 ns        31070 ns       182346 bytes_per_second=3.95008G/s
Gather/double_coalesced/2048/1/manual_time           3951 ns        31136 ns       175779 bytes_per_second=7.72497G/s
Gather/double_coalesced/4096/1/manual_time           4823 ns        31761 ns       144889 bytes_per_second=12.6539G/s
Gather/double_coalesced/8192/1/manual_time           5289 ns        32017 ns       132069 bytes_per_second=23.0788G/s
Gather/double_coalesced/16384/1/manual_time          5599 ns        31513 ns       124552 bytes_per_second=43.6012G/s
Gather/double_coalesced/32768/1/manual_time          6977 ns        32453 ns       100089 bytes_per_second=69.9848G/s
Gather/double_coalesced/65536/1/manual_time          9982 ns        34394 ns        70069 bytes_per_second=97.8345G/s
Gather/double_coalesced/131072/1/manual_time        16235 ns        38456 ns        43011 bytes_per_second=120.307G/s
Gather/double_coalesced/262144/1/manual_time        24778 ns        45407 ns        28210 bytes_per_second=157.649G/s
Gather/double_coalesced/524288/1/manual_time        45289 ns        67392 ns        15448 bytes_per_second=172.504G/s
Gather/double_coalesced/1048576/1/manual_time       88199 ns       116051 ns         7937 bytes_per_second=177.157G/s
Gather/double_coalesced/2097152/1/manual_time      173615 ns       201188 ns         4032 bytes_per_second=179.996G/s
Gather/double_coalesced/4194304/1/manual_time      344960 ns       373324 ns         2029 bytes_per_second=181.18G/s
Gather/double_coalesced/8388608/1/manual_time      687725 ns       716071 ns         1018 bytes_per_second=181.759G/s
Gather/double_coalesced/16777216/1/manual_time    1373087 ns      1401592 ns          510 bytes_per_second=182.072G/s
Gather/double_coalesced/33554432/1/manual_time    2743491 ns      2772520 ns          255 bytes_per_second=182.25G/s
Gather/double_coalesced/67108864/1/manual_time    5490110 ns      5519986 ns          127 bytes_per_second=182.146G/s
Gather/double_coalesced/1024/2/manual_time           6229 ns        33210 ns       112457 bytes_per_second=4.8996G/s
Gather/double_coalesced/2048/2/manual_time           7293 ns        34049 ns        95910 bytes_per_second=8.3693G/s
Gather/double_coalesced/4096/2/manual_time           8191 ns        34729 ns        85587 bytes_per_second=14.9029G/s
Gather/double_coalesced/8192/2/manual_time           8507 ns        34510 ns        82312 bytes_per_second=28.6993G/s
Gather/double_coalesced/16384/2/manual_time          9171 ns        34566 ns        76372 bytes_per_second=53.2392G/s
Gather/double_coalesced/32768/2/manual_time         11311 ns        35125 ns        61897 bytes_per_second=86.3396G/s
Gather/double_coalesced/65536/2/manual_time         16465 ns        38426 ns        42527 bytes_per_second=118.623G/s
Gather/double_coalesced/131072/2/manual_time        25056 ns        46429 ns        27940 bytes_per_second=155.9G/s
Gather/double_coalesced/262144/2/manual_time        47964 ns        70434 ns        14597 bytes_per_second=162.881G/s
Gather/double_coalesced/524288/2/manual_time        90493 ns       118285 ns         7736 bytes_per_second=172.666G/s
Gather/double_coalesced/1048576/2/manual_time      175576 ns       203281 ns         3986 bytes_per_second=177.986G/s
Gather/double_coalesced/2097152/2/manual_time      346698 ns       374956 ns         2019 bytes_per_second=180.272G/s
Gather/double_coalesced/4194304/2/manual_time      689275 ns       717865 ns         1016 bytes_per_second=181.35G/s
Gather/double_coalesced/8388608/2/manual_time     1374660 ns      1403146 ns          509 bytes_per_second=181.863G/s
Gather/double_coalesced/16777216/2/manual_time    2744964 ns      2774877 ns          255 bytes_per_second=182.152G/s
Gather/double_coalesced/33554432/2/manual_time    5488827 ns      5518502 ns          128 bytes_per_second=182.188G/s
Gather/double_coalesced/67108864/2/manual_time   10975917 ns     11005633 ns           64 bytes_per_second=182.217G/s
Gather/double_coalesced/1024/4/manual_time          12278 ns        39158 ns        57546 bytes_per_second=4.97118G/s
Gather/double_coalesced/2048/4/manual_time          13887 ns        40426 ns        50894 bytes_per_second=8.79054G/s
Gather/double_coalesced/4096/4/manual_time          14098 ns        40059 ns        49672 bytes_per_second=17.3177G/s
Gather/double_coalesced/8192/4/manual_time          14843 ns        40092 ns        47317 bytes_per_second=32.8972G/s
Gather/double_coalesced/16384/4/manual_time         15492 ns        39396 ns        44480 bytes_per_second=63.0364G/s
Gather/double_coalesced/32768/4/manual_time         19325 ns        41668 ns        35896 bytes_per_second=101.068G/s
Gather/double_coalesced/65536/4/manual_time         27537 ns        47834 ns        25383 bytes_per_second=141.856G/s
Gather/double_coalesced/131072/4/manual_time        45915 ns        67885 ns        15242 bytes_per_second=170.152G/s
Gather/double_coalesced/262144/4/manual_time        95355 ns       123304 ns         7341 bytes_per_second=163.862G/s
Gather/double_coalesced/524288/4/manual_time       180201 ns       207849 ns         3885 bytes_per_second=173.418G/s
Gather/double_coalesced/1048576/4/manual_time      350919 ns       379005 ns         1995 bytes_per_second=178.104G/s
Gather/double_coalesced/2097152/4/manual_time      692829 ns       720917 ns         1010 bytes_per_second=180.42G/s
Gather/double_coalesced/4194304/4/manual_time     1378121 ns      1407468 ns          508 bytes_per_second=181.406G/s
Gather/double_coalesced/8388608/4/manual_time     2747172 ns      2776568 ns          255 bytes_per_second=182.005G/s
Gather/double_coalesced/16777216/4/manual_time    5491153 ns      5520723 ns          128 bytes_per_second=182.111G/s
Gather/double_coalesced/33554432/4/manual_time   10977094 ns     11007903 ns           64 bytes_per_second=182.198G/s
Gather/double_coalesced/67108864/4/manual_time   21954031 ns     21983535 ns           32 bytes_per_second=182.199G/s
Gather/double_coalesced/1024/8/manual_time          26294 ns        52764 ns        25706 bytes_per_second=4.64243G/s
Gather/double_coalesced/2048/8/manual_time          26676 ns        52693 ns        25466 bytes_per_second=9.15218G/s
Gather/double_coalesced/4096/8/manual_time          27555 ns        52882 ns        25454 bytes_per_second=17.72G/s
Gather/double_coalesced/8192/8/manual_time          28918 ns        52967 ns        24349 bytes_per_second=33.7702G/s
Gather/double_coalesced/16384/8/manual_time         31725 ns        53227 ns        22268 bytes_per_second=61.5647G/s
Gather/double_coalesced/32768/8/manual_time         35721 ns        57046 ns        19823 bytes_per_second=109.354G/s
Gather/double_coalesced/65536/8/manual_time         52825 ns        74581 ns        13250 bytes_per_second=147.894G/s
Gather/double_coalesced/131072/8/manual_time        89509 ns       117756 ns         7819 bytes_per_second=174.563G/s
Gather/double_coalesced/262144/8/manual_time       190518 ns       217986 ns         3674 bytes_per_second=164.027G/s
Gather/double_coalesced/524288/8/manual_time       360440 ns       388190 ns         1942 bytes_per_second=173.399G/s
Gather/double_coalesced/1048576/8/manual_time      701457 ns       729664 ns          998 bytes_per_second=178.201G/s
Gather/double_coalesced/2097152/8/manual_time     1385854 ns      1414456 ns          505 bytes_per_second=180.394G/s
Gather/double_coalesced/4194304/8/manual_time     2754666 ns      2783551 ns          254 bytes_per_second=181.51G/s
Gather/double_coalesced/8388608/8/manual_time     5496692 ns      5527089 ns          127 bytes_per_second=181.928G/s
Gather/double_coalesced/16777216/8/manual_time   10980561 ns     11010704 ns           64 bytes_per_second=182.14G/s
Gather/double_coalesced/33554432/8/manual_time   21947677 ns     21978318 ns           32 bytes_per_second=182.252G/s
Gather/double_coalesced/67108864/8/manual_time   43721291 ns     43752010 ns           16 bytes_per_second=182.977G/s
Gather/double_shuffled/1024/1/manual_time            3819 ns        30985 ns       182519 bytes_per_second=3.99588G/s
Gather/double_shuffled/2048/1/manual_time            3846 ns        30904 ns       175400 bytes_per_second=7.93539G/s
Gather/double_shuffled/4096/1/manual_time            4762 ns        31416 ns       148161 bytes_per_second=12.8176G/s
Gather/double_shuffled/8192/1/manual_time            5126 ns        31540 ns       137193 bytes_per_second=23.8145G/s
Gather/double_shuffled/16384/1/manual_time           6218 ns        31917 ns       112883 bytes_per_second=39.2606G/s
Gather/double_shuffled/32768/1/manual_time           7524 ns        32486 ns        93224 bytes_per_second=64.897G/s
Gather/double_shuffled/65536/1/manual_time          10965 ns        34476 ns        63856 bytes_per_second=89.0593G/s
Gather/double_shuffled/131072/1/manual_time         18895 ns        40087 ns        37046 bytes_per_second=103.37G/s
Gather/double_shuffled/262144/1/manual_time         34072 ns        54451 ns        20564 bytes_per_second=114.646G/s
Gather/double_shuffled/524288/1/manual_time        112949 ns       133335 ns         6198 bytes_per_second=69.1684G/s
Gather/double_shuffled/1048576/1/manual_time       403978 ns       424132 ns         1733 bytes_per_second=38.6779G/s
Gather/double_shuffled/2097152/1/manual_time      1013884 ns      1034363 ns          690 bytes_per_second=30.8221G/s
Gather/double_shuffled/4194304/1/manual_time      2240071 ns      2261638 ns          313 bytes_per_second=27.9009G/s
Gather/double_shuffled/8388608/1/manual_time      4772739 ns      4794049 ns          147 bytes_per_second=26.1904G/s
Gather/double_shuffled/16777216/1/manual_time     9858106 ns      9880725 ns           71 bytes_per_second=25.3598G/s
Gather/double_shuffled/33554432/1/manual_time    20048999 ns     20072153 ns           35 bytes_per_second=24.9389G/s
Gather/double_shuffled/67108864/1/manual_time    40426810 ns     40452115 ns           17 bytes_per_second=24.7361G/s
Gather/double_shuffled/1024/2/manual_time            6342 ns        33367 ns       110029 bytes_per_second=4.81173G/s
Gather/double_shuffled/2048/2/manual_time            7518 ns        34263 ns        93213 bytes_per_second=8.11879G/s
Gather/double_shuffled/4096/2/manual_time            7887 ns        34201 ns        88818 bytes_per_second=15.4782G/s
Gather/double_shuffled/8192/2/manual_time            8487 ns        34149 ns        82602 bytes_per_second=28.7661G/s
Gather/double_shuffled/16384/2/manual_time           9842 ns        34949 ns        71283 bytes_per_second=49.6141G/s
Gather/double_shuffled/32768/2/manual_time          12078 ns        35635 ns        57999 bytes_per_second=80.8517G/s
Gather/double_shuffled/65536/2/manual_time          18327 ns        39306 ns        38166 bytes_per_second=106.569G/s
Gather/double_shuffled/131072/2/manual_time         33202 ns        53642 ns        21097 bytes_per_second=117.652G/s
Gather/double_shuffled/262144/2/manual_time         61475 ns        83460 ns        11397 bytes_per_second=127.084G/s
Gather/double_shuffled/524288/2/manual_time        215684 ns       236306 ns         3245 bytes_per_second=72.4441G/s
Gather/double_shuffled/1048576/2/manual_time       796755 ns       817726 ns          879 bytes_per_second=39.2216G/s
Gather/double_shuffled/2097152/2/manual_time      1988306 ns      2009131 ns          352 bytes_per_second=31.4338G/s
Gather/double_shuffled/4194304/2/manual_time      4465591 ns      4487541 ns          157 bytes_per_second=27.9918G/s
Gather/double_shuffled/8388608/2/manual_time      9531986 ns      9554085 ns           73 bytes_per_second=26.2275G/s
Gather/double_shuffled/16777216/2/manual_time    19706050 ns     19730427 ns           36 bytes_per_second=25.3729G/s
Gather/double_shuffled/33554432/2/manual_time    40067496 ns     40091101 ns           17 bytes_per_second=24.9579G/s
Gather/double_shuffled/67108864/2/manual_time    80841116 ns     80866979 ns            9 bytes_per_second=24.7399G/s
Gather/double_shuffled/1024/4/manual_time           12285 ns        39011 ns        56824 bytes_per_second=4.96842G/s
Gather/double_shuffled/2048/4/manual_time           13584 ns        39885 ns        51671 bytes_per_second=8.98623G/s
Gather/double_shuffled/4096/4/manual_time           13982 ns        39700 ns        50274 bytes_per_second=17.4616G/s
Gather/double_shuffled/8192/4/manual_time           14842 ns        39904 ns        47475 bytes_per_second=32.8993G/s
Gather/double_shuffled/16384/4/manual_time          16683 ns        40248 ns        40329 bytes_per_second=58.5351G/s
Gather/double_shuffled/32768/4/manual_time          21239 ns        43221 ns        32293 bytes_per_second=91.9578G/s
Gather/double_shuffled/65536/4/manual_time          31750 ns        52628 ns        22029 bytes_per_second=123.033G/s
Gather/double_shuffled/131072/4/manual_time         60502 ns        81884 ns        11605 bytes_per_second=129.129G/s
Gather/double_shuffled/262144/4/manual_time        118245 ns       143713 ns         5925 bytes_per_second=132.141G/s
Gather/double_shuffled/524288/4/manual_time        422117 ns       442282 ns         1659 bytes_per_second=74.0317G/s
Gather/double_shuffled/1048576/4/manual_time      1570885 ns      1591556 ns          445 bytes_per_second=39.7865G/s
Gather/double_shuffled/2097152/4/manual_time      3964388 ns      3986719 ns          177 bytes_per_second=31.5307G/s
Gather/double_shuffled/4194304/4/manual_time      8917008 ns      8939231 ns           78 bytes_per_second=28.0363G/s
Gather/double_shuffled/8388608/4/manual_time     19049120 ns     19075020 ns           37 bytes_per_second=26.2479G/s
Gather/double_shuffled/16777216/4/manual_time    39406446 ns     39429489 ns           18 bytes_per_second=25.3766G/s
Gather/double_shuffled/33554432/4/manual_time    80147629 ns     80177127 ns            9 bytes_per_second=24.954G/s
Gather/double_shuffled/67108864/4/manual_time   161304284 ns    161339131 ns            4 bytes_per_second=24.7979G/s
Gather/double_shuffled/1024/8/manual_time           27063 ns        53309 ns        25925 bytes_per_second=4.5106G/s
Gather/double_shuffled/2048/8/manual_time           27790 ns        53590 ns        25413 bytes_per_second=8.78512G/s
Gather/double_shuffled/4096/8/manual_time           28209 ns        53340 ns        25055 bytes_per_second=17.3094G/s
Gather/double_shuffled/8192/8/manual_time           29717 ns        53206 ns        23622 bytes_per_second=32.8625G/s
Gather/double_shuffled/16384/8/manual_time          32062 ns        53431 ns        22138 bytes_per_second=60.9165G/s
Gather/double_shuffled/32768/8/manual_time          39075 ns        60474 ns        17973 bytes_per_second=99.9692G/s
Gather/double_shuffled/65536/8/manual_time          59726 ns        81901 ns        11757 bytes_per_second=130.807G/s
Gather/double_shuffled/131072/8/manual_time        113156 ns       139090 ns         6204 bytes_per_second=138.084G/s
Gather/double_shuffled/262144/8/manual_time        232304 ns       257675 ns         3017 bytes_per_second=134.522G/s
Gather/double_shuffled/524288/8/manual_time        831079 ns       851619 ns          842 bytes_per_second=75.2034G/s
Gather/double_shuffled/1048576/8/manual_time      3132061 ns      3153366 ns          223 bytes_per_second=39.9098G/s
Gather/double_shuffled/2097152/8/manual_time      7928252 ns      7949727 ns           88 bytes_per_second=31.5328G/s
Gather/double_shuffled/4194304/8/manual_time     17859534 ns     17883697 ns           39 bytes_per_second=27.9963G/s
Gather/double_shuffled/8388608/8/manual_time     38090151 ns     38113476 ns           18 bytes_per_second=26.2535G/s
Gather/double_shuffled/16777216/8/manual_time    78813555 ns     78844442 ns            9 bytes_per_second=25.3763G/s
Gather/double_shuffled/33554432/8/manual_time   160059188 ns    160088457 ns            4 bytes_per_second=24.9908G/s
Gather/double_shuffled/67108864/8/manual_time   321978688 ns    322027179 ns            2 bytes_per_second=24.8464G/s
