---------------------------------------------------------------------------------------------
Benchmark                                                   Time             CPU   Iterations
---------------------------------------------------------------------------------------------
ReplaceClamp/int8_no_nulls/10000/manual_time            44911 ns        72046 ns        15540
ReplaceClamp/int8_no_nulls/100000/manual_time           48368 ns        74505 ns        14376
ReplaceClamp/int8_no_nulls/1000000/manual_time          65147 ns        88009 ns        11469
ReplaceClamp/int8_no_nulls/10000000/manual_time        219607 ns       247458 ns         3192
ReplaceClamp/int8_no_nulls/100000000/manual_time      1906579 ns      1935718 ns          369
ReplaceClamp/int32_no_nulls/10000/manual_time           46567 ns        73946 ns        15104
ReplaceClamp/int32_no_nulls/100000/manual_time          49749 ns        76956 ns        14123
ReplaceClamp/int32_no_nulls/1000000/manual_time         77571 ns        97196 ns         9037
ReplaceClamp/int32_no_nulls/10000000/manual_time       376637 ns       404953 ns         1862
ReplaceClamp/int32_no_nulls/100000000/manual_time     3326758 ns      3356628 ns          210
ReplaceClamp/uint64_no_nulls/10000/manual_time          46354 ns        73059 ns        14980
ReplaceClamp/uint64_no_nulls/100000/manual_time         52790 ns        76056 ns        13194
ReplaceClamp/uint64_no_nulls/1000000/manual_time       112964 ns       140752 ns         6197
ReplaceClamp/uint64_no_nulls/10000000/manual_time      719883 ns       748393 ns          975
ReplaceClamp/uint64_no_nulls/100000000/manual_time    6760229 ns      6789711 ns          104
ReplaceClamp/float_no_nulls/10000/manual_time           46188 ns        73455 ns        15037
ReplaceClamp/float_no_nulls/100000/manual_time          49478 ns        76719 ns        14067
ReplaceClamp/float_no_nulls/1000000/manual_time         77482 ns        97113 ns         9052
ReplaceClamp/float_no_nulls/10000000/manual_time       376120 ns       403959 ns         1861
ReplaceClamp/float_no_nulls/100000000/manual_time     3333815 ns      3363258 ns          210
ReplaceClamp/int16_nulls/10000/manual_time              50491 ns        77560 ns        13704
ReplaceClamp/int16_nulls/100000/manual_time             54864 ns        80336 ns        12778
ReplaceClamp/int16_nulls/1000000/manual_time            74464 ns        95408 ns         9426
ReplaceClamp/int16_nulls/10000000/manual_time          336365 ns       364333 ns         2075
ReplaceClamp/int16_nulls/100000000/manual_time        3053631 ns      3082653 ns          229
ReplaceClamp/uint32_nulls/10000/manual_time             51654 ns        78871 ns        13312
ReplaceClamp/uint32_nulls/100000/manual_time            55909 ns        82845 ns        12532
ReplaceClamp/uint32_nulls/1000000/manual_time           83257 ns       103210 ns         8414
ReplaceClamp/uint32_nulls/10000000/manual_time         403033 ns       431124 ns         1740
ReplaceClamp/uint32_nulls/100000000/manual_time       3598425 ns      3626988 ns          195
ReplaceClamp/double_nulls/10000/manual_time             52488 ns        79294 ns        13226
ReplaceClamp/double_nulls/100000/manual_time            58565 ns        81699 ns        11958
ReplaceClamp/double_nulls/1000000/manual_time          119351 ns       147702 ns         5765
ReplaceClamp/double_nulls/10000000/manual_time         736646 ns       764900 ns          951
ReplaceClamp/double_nulls/100000000/manual_time       6879110 ns      6908307 ns          102
ReplaceNans/float32_nulls/10000/manual_time             22629 ns        51248 ns        30746
ReplaceNans/float32_nulls/100000/manual_time            27056 ns        55607 ns        25973
ReplaceNans/float32_nulls/1000000/manual_time           64342 ns        86386 ns        11048
ReplaceNans/float32_nulls/10000000/manual_time         488616 ns       517711 ns         1431
ReplaceNans/float32_nulls/100000000/manual_time       4792775 ns      4823447 ns          146
ReplaceNans/float64_nulls/10000/manual_time             22530 ns        50760 ns        30702
ReplaceNans/float64_nulls/100000/manual_time            27144 ns        52221 ns        25908
ReplaceNans/float64_nulls/1000000/manual_time           91420 ns       121049 ns         7659
ReplaceNans/float64_nulls/10000000/manual_time         702755 ns       732650 ns          996
ReplaceNans/float64_nulls/100000000/manual_time       6807223 ns      6837803 ns          103
ReplaceNans/float32_no_nulls/10000/manual_time          18877 ns        47512 ns        37092
ReplaceNans/float32_no_nulls/100000/manual_time         27801 ns        55971 ns        25102
ReplaceNans/float32_no_nulls/1000000/manual_time        53303 ns        75042 ns        13167
ReplaceNans/float32_no_nulls/10000000/manual_time      375275 ns       404527 ns         1832
ReplaceNans/float32_no_nulls/100000000/manual_time    3697665 ns      3727929 ns          189
ReplaceNans/float64_no_nulls/10000/manual_time          19025 ns        47173 ns        36753
ReplaceNans/float64_no_nulls/100000/manual_time         28496 ns        53530 ns        24773
ReplaceNans/float64_no_nulls/1000000/manual_time        88095 ns       117227 ns         7967
ReplaceNans/float64_no_nulls/10000000/manual_time      683011 ns       712696 ns         1028
ReplaceNans/float64_no_nulls/100000000/manual_time    6601763 ns      6632357 ns          106
