RMM memory resource = pool
CUIO host memory resource = pinned_pool
# Devices

## [0] `Tesla T4`
* SM Version: 750 (PTX Version: 750)
* Number of SMs: 40
* SM Default Clock Rate: 1590 MHz
* Global Memory: 7206 MiB Free / 14913 MiB Total
* Global Memory Bus Peak: 320 GB/sec (256-bit DDR @5001MHz)
* Max Shared Memory: 64 KiB/SM, 48 KiB/Block
* L2 Cache Size: 4096 KiB
* Maximum Active Blocks: 16/SM
* Maximum Active Threads: 1024/SM, 1024/Block
* Available Registers: 65536/SM, 65536/Block
* ECC Enabled: Yes

# Log

```
Run:  [1/175] decimal_floating_conversion [Device=0 InputType=F32 OutputType=F32 num_rows=2^28 exp_range=0]
Skip: Meaningless conversion.
Run:  [2/175] decimal_floating_conversion [Device=0 InputType=F32 OutputType=F32 num_rows=2^28 exp_range=1]
Skip: Meaningless conversion.
Run:  [3/175] decimal_floating_conversion [Device=0 InputType=F32 OutputType=F32 num_rows=2^28 exp_range=2]
Skip: Meaningless conversion.
Run:  [4/175] decimal_floating_conversion [Device=0 InputType=F32 OutputType=F32 num_rows=2^28 exp_range=3]
Skip: Meaningless conversion.
Run:  [5/175] decimal_floating_conversion [Device=0 InputType=F32 OutputType=F32 num_rows=2^28 exp_range=4]
Skip: Meaningless conversion.
Run:  [6/175] decimal_floating_conversion [Device=0 InputType=F32 OutputType=F32 num_rows=2^28 exp_range=5]
Skip: Meaningless conversion.
Run:  [7/175] decimal_floating_conversion [Device=0 InputType=F32 OutputType=F32 num_rows=2^28 exp_range=6]
Skip: Meaningless conversion.
Run:  [8/175] decimal_floating_conversion [Device=0 InputType=F32 OutputType=F64 num_rows=2^28 exp_range=0]
Skip: Meaningless conversion.
Run:  [9/175] decimal_floating_conversion [Device=0 InputType=F32 OutputType=F64 num_rows=2^28 exp_range=1]
Skip: Meaningless conversion.
Run:  [10/175] decimal_floating_conversion [Device=0 InputType=F32 OutputType=F64 num_rows=2^28 exp_range=2]
Skip: Meaningless conversion.
Run:  [11/175] decimal_floating_conversion [Device=0 InputType=F32 OutputType=F64 num_rows=2^28 exp_range=3]
Skip: Meaningless conversion.
Run:  [12/175] decimal_floating_conversion [Device=0 InputType=F32 OutputType=F64 num_rows=2^28 exp_range=4]
Skip: Meaningless conversion.
Run:  [13/175] decimal_floating_conversion [Device=0 InputType=F32 OutputType=F64 num_rows=2^28 exp_range=5]
Skip: Meaningless conversion.
Run:  [14/175] decimal_floating_conversion [Device=0 InputType=F32 OutputType=F64 num_rows=2^28 exp_range=6]
Skip: Meaningless conversion.
Run:  [15/175] decimal_floating_conversion [Device=0 InputType=F32 OutputType=numeric::fixed_point<int, (numeric::Radix)10> num_rows=2^28 exp_range=0]
Skip: Range beyond end of float tests.
Run:  [16/175] decimal_floating_conversion [Device=0 InputType=F32 OutputType=numeric::fixed_point<int, (numeric::Radix)10> num_rows=2^28 exp_range=1]
Warn: Current measurement timed out (15.01s) while over noise threshold (0.75% > 0.50%)
Pass: Cold: 20.095142ms GPU, 20.099473ms CPU, 14.99s total GPU, 15.01s total wall, 746x 
Run:  [17/175] decimal_floating_conversion [Device=0 InputType=F32 OutputType=numeric::fixed_point<int, (numeric::Radix)10> num_rows=2^28 exp_range=2]
Pass: Cold: 19.170615ms GPU, 19.174959ms CPU, 11.04s total GPU, 11.06s total wall, 576x 
Run:  [18/175] decimal_floating_conversion [Device=0 InputType=F32 OutputType=numeric::fixed_point<int, (numeric::Radix)10> num_rows=2^28 exp_range=3]
Pass: Cold: 18.876945ms GPU, 18.881252ms CPU, 0.51s total GPU, 0.51s total wall, 27x 
Run:  [19/175] decimal_floating_conversion [Device=0 InputType=F32 OutputType=numeric::fixed_point<int, (numeric::Radix)10> num_rows=2^28 exp_range=4]
Pass: Cold: 24.214775ms GPU, 24.219222ms CPU, 3.10s total GPU, 3.10s total wall, 128x 
Run:  [20/175] decimal_floating_conversion [Device=0 InputType=F32 OutputType=numeric::fixed_point<int, (numeric::Radix)10> num_rows=2^28 exp_range=5]
Pass: Cold: 27.644569ms GPU, 27.649116ms CPU, 12.38s total GPU, 12.40s total wall, 448x 
Run:  [21/175] decimal_floating_conversion [Device=0 InputType=F32 OutputType=numeric::fixed_point<int, (numeric::Radix)10> num_rows=2^28 exp_range=6]
Skip: Range beyond end of float tests.
Run:  [22/175] decimal_floating_conversion [Device=0 InputType=F32 OutputType=numeric::fixed_point<long, (numeric::Radix)10> num_rows=2^28 exp_range=0]
Skip: Range beyond end of float tests.
Run:  [23/175] decimal_floating_conversion [Device=0 InputType=F32 OutputType=numeric::fixed_point<long, (numeric::Radix)10> num_rows=2^28 exp_range=1]
Pass: Cold: 24.707083ms GPU, 24.711241ms CPU, 0.52s total GPU, 0.52s total wall, 21x 
Run:  [24/175] decimal_floating_conversion [Device=0 InputType=F32 OutputType=numeric::fixed_point<long, (numeric::Radix)10> num_rows=2^28 exp_range=2]
Pass: Cold: 24.342429ms GPU, 24.346664ms CPU, 0.51s total GPU, 0.51s total wall, 21x 
Run:  [25/175] decimal_floating_conversion [Device=0 InputType=F32 OutputType=numeric::fixed_point<long, (numeric::Radix)10> num_rows=2^28 exp_range=3]
Pass: Cold: 24.173042ms GPU, 24.177208ms CPU, 0.51s total GPU, 0.51s total wall, 21x 
Run:  [26/175] decimal_floating_conversion [Device=0 InputType=F32 OutputType=numeric::fixed_point<long, (numeric::Radix)10> num_rows=2^28 exp_range=4]
Pass: Cold: 25.714297ms GPU, 25.718728ms CPU, 13.99s total GPU, 14.00s total wall, 544x 
Run:  [27/175] decimal_floating_conversion [Device=0 InputType=F32 OutputType=numeric::fixed_point<long, (numeric::Radix)10> num_rows=2^28 exp_range=5]
Pass: Cold: 28.903432ms GPU, 28.907940ms CPU, 10.17s total GPU, 10.18s total wall, 352x 
Run:  [28/175] decimal_floating_conversion [Device=0 InputType=F32 OutputType=numeric::fixed_point<long, (numeric::Radix)10> num_rows=2^28 exp_range=6]
Skip: Range beyond end of float tests.
Run:  [29/175] decimal_floating_conversion [Device=0 InputType=F32 OutputType=numeric::fixed_point<__int128, (numeric::Radix)10> num_rows=2^28 exp_range=0]
Skip: Ignoring float <--> dec128.
Run:  [30/175] decimal_floating_conversion [Device=0 InputType=F32 OutputType=numeric::fixed_point<__int128, (numeric::Radix)10> num_rows=2^28 exp_range=1]
Skip: Ignoring float <--> dec128.
Run:  [31/175] decimal_floating_conversion [Device=0 InputType=F32 OutputType=numeric::fixed_point<__int128, (numeric::Radix)10> num_rows=2^28 exp_range=2]
Skip: Ignoring float <--> dec128.
Run:  [32/175] decimal_floating_conversion [Device=0 InputType=F32 OutputType=numeric::fixed_point<__int128, (numeric::Radix)10> num_rows=2^28 exp_range=3]
Skip: Ignoring float <--> dec128.
Run:  [33/175] decimal_floating_conversion [Device=0 InputType=F32 OutputType=numeric::fixed_point<__int128, (numeric::Radix)10> num_rows=2^28 exp_range=4]
Skip: Ignoring float <--> dec128.
Run:  [34/175] decimal_floating_conversion [Device=0 InputType=F32 OutputType=numeric::fixed_point<__int128, (numeric::Radix)10> num_rows=2^28 exp_range=5]
Skip: Ignoring float <--> dec128.
Run:  [35/175] decimal_floating_conversion [Device=0 InputType=F32 OutputType=numeric::fixed_point<__int128, (numeric::Radix)10> num_rows=2^28 exp_range=6]
Skip: Ignoring float <--> dec128.
Run:  [36/175] decimal_floating_conversion [Device=0 InputType=F64 OutputType=F32 num_rows=2^28 exp_range=0]
Skip: Meaningless conversion.
Run:  [37/175] decimal_floating_conversion [Device=0 InputType=F64 OutputType=F32 num_rows=2^28 exp_range=1]
Skip: Meaningless conversion.
Run:  [38/175] decimal_floating_conversion [Device=0 InputType=F64 OutputType=F32 num_rows=2^28 exp_range=2]
Skip: Meaningless conversion.
Run:  [39/175] decimal_floating_conversion [Device=0 InputType=F64 OutputType=F32 num_rows=2^28 exp_range=3]
Skip: Meaningless conversion.
Run:  [40/175] decimal_floating_conversion [Device=0 InputType=F64 OutputType=F32 num_rows=2^28 exp_range=4]
Skip: Meaningless conversion.
Run:  [41/175] decimal_floating_conversion [Device=0 InputType=F64 OutputType=F32 num_rows=2^28 exp_range=5]
Skip: Meaningless conversion.
Run:  [42/175] decimal_floating_conversion [Device=0 InputType=F64 OutputType=F32 num_rows=2^28 exp_range=6]
Skip: Meaningless conversion.
Run:  [43/175] decimal_floating_conversion [Device=0 InputType=F64 OutputType=F64 num_rows=2^28 exp_range=0]
Skip: Meaningless conversion.
Run:  [44/175] decimal_floating_conversion [Device=0 InputType=F64 OutputType=F64 num_rows=2^28 exp_range=1]
Skip: Meaningless conversion.
Run:  [45/175] decimal_floating_conversion [Device=0 InputType=F64 OutputType=F64 num_rows=2^28 exp_range=2]
Skip: Meaningless conversion.
Run:  [46/175] decimal_floating_conversion [Device=0 InputType=F64 OutputType=F64 num_rows=2^28 exp_range=3]
Skip: Meaningless conversion.
Run:  [47/175] decimal_floating_conversion [Device=0 InputType=F64 OutputType=F64 num_rows=2^28 exp_range=4]
Skip: Meaningless conversion.
Run:  [48/175] decimal_floating_conversion [Device=0 InputType=F64 OutputType=F64 num_rows=2^28 exp_range=5]
Skip: Meaningless conversion.
Run:  [49/175] decimal_floating_conversion [Device=0 InputType=F64 OutputType=F64 num_rows=2^28 exp_range=6]
Skip: Meaningless conversion.
Run:  [50/175] decimal_floating_conversion [Device=0 InputType=F64 OutputType=numeric::fixed_point<int, (numeric::Radix)10> num_rows=2^28 exp_range=0]
Warn: Current measurement timed out (15.04s) while over noise threshold (0.85% > 0.50%)
Pass: Cold: 54.269910ms GPU, 54.274375ms CPU, 15.03s total GPU, 15.04s total wall, 277x 
Run:  [51/175] decimal_floating_conversion [Device=0 InputType=F64 OutputType=numeric::fixed_point<int, (numeric::Radix)10> num_rows=2^28 exp_range=1]
Pass: Cold: 27.337674ms GPU, 27.342371ms CPU, 2.19s total GPU, 2.19s total wall, 80x 
Run:  [52/175] decimal_floating_conversion [Device=0 InputType=F64 OutputType=numeric::fixed_point<int, (numeric::Radix)10> num_rows=2^28 exp_range=2]
Warn: Current measurement timed out (15.00s) while over noise threshold (0.77% > 0.50%)
Pass: Cold: 25.101146ms GPU, 25.105645ms CPU, 14.99s total GPU, 15.00s total wall, 597x 
Run:  [53/175] decimal_floating_conversion [Device=0 InputType=F64 OutputType=numeric::fixed_point<int, (numeric::Radix)10> num_rows=2^28 exp_range=3]
Pass: Cold: 24.558062ms GPU, 24.562534ms CPU, 8.55s total GPU, 8.56s total wall, 348x 
Run:  [54/175] decimal_floating_conversion [Device=0 InputType=F64 OutputType=numeric::fixed_point<int, (numeric::Radix)10> num_rows=2^28 exp_range=4]
Warn: Current measurement timed out (15.01s) while over noise threshold (0.76% > 0.50%)
Pass: Cold: 29.010722ms GPU, 29.015302ms CPU, 15.00s total GPU, 15.01s total wall, 517x 
Run:  [55/175] decimal_floating_conversion [Device=0 InputType=F64 OutputType=numeric::fixed_point<int, (numeric::Radix)10> num_rows=2^28 exp_range=5]
Pass: Cold: 40.636564ms GPU, 40.641023ms CPU, 0.73s total GPU, 0.73s total wall, 18x 
Run:  [56/175] decimal_floating_conversion [Device=0 InputType=F64 OutputType=numeric::fixed_point<int, (numeric::Radix)10> num_rows=2^28 exp_range=6]
Pass: Cold: 189.789006ms GPU, 189.792170ms CPU, 2.09s total GPU, 2.09s total wall, 11x 
Run:  [57/175] decimal_floating_conversion [Device=0 InputType=F64 OutputType=numeric::fixed_point<long, (numeric::Radix)10> num_rows=2^28 exp_range=0]
Warn: Current measurement timed out (15.04s) while over noise threshold (0.84% > 0.50%)
Pass: Cold: 54.054691ms GPU, 54.059295ms CPU, 15.03s total GPU, 15.04s total wall, 278x 
Run:  [58/175] decimal_floating_conversion [Device=0 InputType=F64 OutputType=numeric::fixed_point<long, (numeric::Radix)10> num_rows=2^28 exp_range=1]
Pass: Cold: 29.528100ms GPU, 29.533786ms CPU, 0.50s total GPU, 0.50s total wall, 17x 
Run:  [59/175] decimal_floating_conversion [Device=0 InputType=F64 OutputType=numeric::fixed_point<long, (numeric::Radix)10> num_rows=2^28 exp_range=2]
Pass: Cold: 28.872524ms GPU, 28.876739ms CPU, 0.52s total GPU, 0.52s total wall, 18x 
Run:  [60/175] decimal_floating_conversion [Device=0 InputType=F64 OutputType=numeric::fixed_point<long, (numeric::Radix)10> num_rows=2^28 exp_range=3]
Pass: Cold: 28.746702ms GPU, 28.750958ms CPU, 0.52s total GPU, 0.52s total wall, 18x 
Run:  [61/175] decimal_floating_conversion [Device=0 InputType=F64 OutputType=numeric::fixed_point<long, (numeric::Radix)10> num_rows=2^28 exp_range=4]
Warn: Current measurement timed out (15.02s) while over noise threshold (0.52% > 0.50%)
Pass: Cold: 30.371860ms GPU, 30.376367ms CPU, 15.00s total GPU, 15.02s total wall, 494x 
Run:  [62/175] decimal_floating_conversion [Device=0 InputType=F64 OutputType=numeric::fixed_point<long, (numeric::Radix)10> num_rows=2^28 exp_range=5]
Warn: Current measurement timed out (15.01s) while over noise threshold (0.77% > 0.50%)
Pass: Cold: 41.217044ms GPU, 41.221472ms CPU, 15.00s total GPU, 15.01s total wall, 364x 
Run:  [63/175] decimal_floating_conversion [Device=0 InputType=F64 OutputType=numeric::fixed_point<long, (numeric::Radix)10> num_rows=2^28 exp_range=6]
Pass: Cold: 190.351238ms GPU, 190.353980ms CPU, 2.09s total GPU, 2.09s total wall, 11x 
Run:  [64/175] decimal_floating_conversion [Device=0 InputType=F64 OutputType=numeric::fixed_point<__int128, (numeric::Radix)10> num_rows=2^28 exp_range=0]
Warn: Current measurement timed out (15.02s) while over noise threshold (0.86% > 0.50%)
Pass: Cold: 56.230900ms GPU, 56.235396ms CPU, 15.01s total GPU, 15.02s total wall, 267x 
Run:  [65/175] decimal_floating_conversion [Device=0 InputType=F64 OutputType=numeric::fixed_point<__int128, (numeric::Radix)10> num_rows=2^28 exp_range=1]
Pass: Cold: 40.229374ms GPU, 40.233297ms CPU, 0.52s total GPU, 0.52s total wall, 13x 
Run:  [66/175] decimal_floating_conversion [Device=0 InputType=F64 OutputType=numeric::fixed_point<__int128, (numeric::Radix)10> num_rows=2^28 exp_range=2]
Pass: Cold: 40.129849ms GPU, 40.133692ms CPU, 0.52s total GPU, 0.52s total wall, 13x 
Run:  [67/175] decimal_floating_conversion [Device=0 InputType=F64 OutputType=numeric::fixed_point<__int128, (numeric::Radix)10> num_rows=2^28 exp_range=3]
Pass: Cold: 40.089561ms GPU, 40.093680ms CPU, 0.52s total GPU, 0.52s total wall, 13x 
Run:  [68/175] decimal_floating_conversion [Device=0 InputType=F64 OutputType=numeric::fixed_point<__int128, (numeric::Radix)10> num_rows=2^28 exp_range=4]
Pass: Cold: 40.214882ms GPU, 40.218906ms CPU, 0.52s total GPU, 0.52s total wall, 13x 
Run:  [69/175] decimal_floating_conversion [Device=0 InputType=F64 OutputType=numeric::fixed_point<__int128, (numeric::Radix)10> num_rows=2^28 exp_range=5]
Warn: Current measurement timed out (15.02s) while over noise threshold (0.77% > 0.50%)
Pass: Cold: 43.119507ms GPU, 43.124020ms CPU, 15.01s total GPU, 15.02s total wall, 348x 
Run:  [70/175] decimal_floating_conversion [Device=0 InputType=F64 OutputType=numeric::fixed_point<__int128, (numeric::Radix)10> num_rows=2^28 exp_range=6]
Pass: Cold: 194.469961ms GPU, 194.473141ms CPU, 2.14s total GPU, 2.14s total wall, 11x 
Run:  [71/175] decimal_floating_conversion [Device=0 InputType=numeric::fixed_point<int, (numeric::Radix)10> OutputType=F32 num_rows=2^28 exp_range=0]
Skip: Range beyond end of float tests.
Run:  [72/175] decimal_floating_conversion [Device=0 InputType=numeric::fixed_point<int, (numeric::Radix)10> OutputType=F32 num_rows=2^28 exp_range=1]
Pass: Cold: 13.729913ms GPU, 13.734195ms CPU, 14.28s total GPU, 14.32s total wall, 1040x 
Run:  [73/175] decimal_floating_conversion [Device=0 InputType=numeric::fixed_point<int, (numeric::Radix)10> OutputType=F32 num_rows=2^28 exp_range=2]
Pass: Cold: 10.566633ms GPU, 10.570832ms CPU, 9.30s total GPU, 9.33s total wall, 880x 
Run:  [74/175] decimal_floating_conversion [Device=0 InputType=numeric::fixed_point<int, (numeric::Radix)10> OutputType=F32 num_rows=2^28 exp_range=3]
Pass: Cold: 9.482016ms GPU, 9.486176ms CPU, 4.57s total GPU, 4.59s total wall, 482x 
Run:  [75/175] decimal_floating_conversion [Device=0 InputType=numeric::fixed_point<int, (numeric::Radix)10> OutputType=F32 num_rows=2^28 exp_range=4]
Pass: Cold: 9.286728ms GPU, 9.290754ms CPU, 0.50s total GPU, 0.50s total wall, 54x 
Run:  [76/175] decimal_floating_conversion [Device=0 InputType=numeric::fixed_point<int, (numeric::Radix)10> OutputType=F32 num_rows=2^28 exp_range=5]
Pass: Cold: 10.373293ms GPU, 10.377514ms CPU, 12.45s total GPU, 12.49s total wall, 1200x 
Run:  [77/175] decimal_floating_conversion [Device=0 InputType=numeric::fixed_point<int, (numeric::Radix)10> OutputType=F32 num_rows=2^28 exp_range=6]
Skip: Range beyond end of float tests.
Run:  [78/175] decimal_floating_conversion [Device=0 InputType=numeric::fixed_point<int, (numeric::Radix)10> OutputType=F64 num_rows=2^28 exp_range=0]
Pass: Cold: 200.523923ms GPU, 200.526585ms CPU, 2.21s total GPU, 2.21s total wall, 11x 
Run:  [79/175] decimal_floating_conversion [Device=0 InputType=numeric::fixed_point<int, (numeric::Radix)10> OutputType=F64 num_rows=2^28 exp_range=1]
Warn: Current measurement timed out (15.05s) while over noise threshold (0.82% > 0.50%)
Pass: Cold: 49.958816ms GPU, 49.962700ms CPU, 15.04s total GPU, 15.05s total wall, 301x 
Run:  [80/175] decimal_floating_conversion [Device=0 InputType=numeric::fixed_point<int, (numeric::Radix)10> OutputType=F64 num_rows=2^28 exp_range=2]
Warn: Current measurement timed out (15.02s) while over noise threshold (1.02% > 0.50%)
Pass: Cold: 26.777417ms GPU, 26.781564ms CPU, 15.00s total GPU, 15.02s total wall, 560x 
Run:  [81/175] decimal_floating_conversion [Device=0 InputType=numeric::fixed_point<int, (numeric::Radix)10> OutputType=F64 num_rows=2^28 exp_range=3]
Warn: Current measurement timed out (15.00s) while over noise threshold (1.41% > 0.50%)
Pass: Cold: 28.006500ms GPU, 28.010538ms CPU, 14.98s total GPU, 15.00s total wall, 535x 
Run:  [82/175] decimal_floating_conversion [Device=0 InputType=numeric::fixed_point<int, (numeric::Radix)10> OutputType=F64 num_rows=2^28 exp_range=4]
Pass: Cold: 14.906010ms GPU, 14.910196ms CPU, 2.38s total GPU, 2.39s total wall, 160x 
Run:  [83/175] decimal_floating_conversion [Device=0 InputType=numeric::fixed_point<int, (numeric::Radix)10> OutputType=F64 num_rows=2^28 exp_range=5]
Warn: Current measurement timed out (15.02s) while over noise threshold (1.20% > 0.50%)
Pass: Cold: 17.841239ms GPU, 17.845567ms CPU, 14.99s total GPU, 15.02s total wall, 840x 
Run:  [84/175] decimal_floating_conversion [Device=0 InputType=numeric::fixed_point<int, (numeric::Radix)10> OutputType=F64 num_rows=2^28 exp_range=6]
Pass: Cold: 38.381609ms GPU, 38.385627ms CPU, 3.07s total GPU, 3.07s total wall, 80x 
Run:  [85/175] decimal_floating_conversion [Device=0 InputType=numeric::fixed_point<int, (numeric::Radix)10> OutputType=numeric::fixed_point<int, (numeric::Radix)10> num_rows=2^28 exp_range=0]
Skip: Meaningless conversion.
Run:  [86/175] decimal_floating_conversion [Device=0 InputType=numeric::fixed_point<int, (numeric::Radix)10> OutputType=numeric::fixed_point<int, (numeric::Radix)10> num_rows=2^28 exp_range=1]
Skip: Meaningless conversion.
Run:  [87/175] decimal_floating_conversion [Device=0 InputType=numeric::fixed_point<int, (numeric::Radix)10> OutputType=numeric::fixed_point<int, (numeric::Radix)10> num_rows=2^28 exp_range=2]
Skip: Meaningless conversion.
Run:  [88/175] decimal_floating_conversion [Device=0 InputType=numeric::fixed_point<int, (numeric::Radix)10> OutputType=numeric::fixed_point<int, (numeric::Radix)10> num_rows=2^28 exp_range=3]
Skip: Meaningless conversion.
Run:  [89/175] decimal_floating_conversion [Device=0 InputType=numeric::fixed_point<int, (numeric::Radix)10> OutputType=numeric::fixed_point<int, (numeric::Radix)10> num_rows=2^28 exp_range=4]
Skip: Meaningless conversion.
Run:  [90/175] decimal_floating_conversion [Device=0 InputType=numeric::fixed_point<int, (numeric::Radix)10> OutputType=numeric::fixed_point<int, (numeric::Radix)10> num_rows=2^28 exp_range=5]
Skip: Meaningless conversion.
Run:  [91/175] decimal_floating_conversion [Device=0 InputType=numeric::fixed_point<int, (numeric::Radix)10> OutputType=numeric::fixed_point<int, (numeric::Radix)10> num_rows=2^28 exp_range=6]
Skip: Meaningless conversion.
Run:  [92/175] decimal_floating_conversion [Device=0 InputType=numeric::fixed_point<int, (numeric::Radix)10> OutputType=numeric::fixed_point<long, (numeric::Radix)10> num_rows=2^28 exp_range=0]
Skip: Meaningless conversion.
Run:  [93/175] decimal_floating_conversion [Device=0 InputType=numeric::fixed_point<int, (numeric::Radix)10> OutputType=numeric::fixed_point<long, (numeric::Radix)10> num_rows=2^28 exp_range=1]
Skip: Meaningless conversion.
Run:  [94/175] decimal_floating_conversion [Device=0 InputType=numeric::fixed_point<int, (numeric::Radix)10> OutputType=numeric::fixed_point<long, (numeric::Radix)10> num_rows=2^28 exp_range=2]
Skip: Meaningless conversion.
Run:  [95/175] decimal_floating_conversion [Device=0 InputType=numeric::fixed_point<int, (numeric::Radix)10> OutputType=numeric::fixed_point<long, (numeric::Radix)10> num_rows=2^28 exp_range=3]
Skip: Meaningless conversion.
Run:  [96/175] decimal_floating_conversion [Device=0 InputType=numeric::fixed_point<int, (numeric::Radix)10> OutputType=numeric::fixed_point<long, (numeric::Radix)10> num_rows=2^28 exp_range=4]
Skip: Meaningless conversion.
Run:  [97/175] decimal_floating_conversion [Device=0 InputType=numeric::fixed_point<int, (numeric::Radix)10> OutputType=numeric::fixed_point<long, (numeric::Radix)10> num_rows=2^28 exp_range=5]
Skip: Meaningless conversion.
Run:  [98/175] decimal_floating_conversion [Device=0 InputType=numeric::fixed_point<int, (numeric::Radix)10> OutputType=numeric::fixed_point<long, (numeric::Radix)10> num_rows=2^28 exp_range=6]
Skip: Meaningless conversion.
Run:  [99/175] decimal_floating_conversion [Device=0 InputType=numeric::fixed_point<int, (numeric::Radix)10> OutputType=numeric::fixed_point<__int128, (numeric::Radix)10> num_rows=2^28 exp_range=0]
Skip: Meaningless conversion.
Run:  [100/175] decimal_floating_conversion [Device=0 InputType=numeric::fixed_point<int, (numeric::Radix)10> OutputType=numeric::fixed_point<__int128, (numeric::Radix)10> num_rows=2^28 exp_range=1]
Skip: Meaningless conversion.
Run:  [101/175] decimal_floating_conversion [Device=0 InputType=numeric::fixed_point<int, (numeric::Radix)10> OutputType=numeric::fixed_point<__int128, (numeric::Radix)10> num_rows=2^28 exp_range=2]
Skip: Meaningless conversion.
Run:  [102/175] decimal_floating_conversion [Device=0 InputType=numeric::fixed_point<int, (numeric::Radix)10> OutputType=numeric::fixed_point<__int128, (numeric::Radix)10> num_rows=2^28 exp_range=3]
Skip: Meaningless conversion.
Run:  [103/175] decimal_floating_conversion [Device=0 InputType=numeric::fixed_point<int, (numeric::Radix)10> OutputType=numeric::fixed_point<__int128, (numeric::Radix)10> num_rows=2^28 exp_range=4]
Skip: Meaningless conversion.
Run:  [104/175] decimal_floating_conversion [Device=0 InputType=numeric::fixed_point<int, (numeric::Radix)10> OutputType=numeric::fixed_point<__int128, (numeric::Radix)10> num_rows=2^28 exp_range=5]
Skip: Meaningless conversion.
Run:  [105/175] decimal_floating_conversion [Device=0 InputType=numeric::fixed_point<int, (numeric::Radix)10> OutputType=numeric::fixed_point<__int128, (numeric::Radix)10> num_rows=2^28 exp_range=6]
Skip: Meaningless conversion.
Run:  [106/175] decimal_floating_conversion [Device=0 InputType=numeric::fixed_point<long, (numeric::Radix)10> OutputType=F32 num_rows=2^28 exp_range=0]
Skip: Range beyond end of float tests.
Run:  [107/175] decimal_floating_conversion [Device=0 InputType=numeric::fixed_point<long, (numeric::Radix)10> OutputType=F32 num_rows=2^28 exp_range=1]
Pass: Cold: 15.320133ms GPU, 15.324450ms CPU, 14.95s total GPU, 14.98s total wall, 976x 
Run:  [108/175] decimal_floating_conversion [Device=0 InputType=numeric::fixed_point<long, (numeric::Radix)10> OutputType=F32 num_rows=2^28 exp_range=2]
Pass: Cold: 13.116981ms GPU, 13.120939ms CPU, 0.51s total GPU, 0.51s total wall, 39x 
Run:  [109/175] decimal_floating_conversion [Device=0 InputType=numeric::fixed_point<long, (numeric::Radix)10> OutputType=F32 num_rows=2^28 exp_range=3]
Pass: Cold: 13.064488ms GPU, 13.068301ms CPU, 0.51s total GPU, 0.51s total wall, 39x 
Run:  [110/175] decimal_floating_conversion [Device=0 InputType=numeric::fixed_point<long, (numeric::Radix)10> OutputType=F32 num_rows=2^28 exp_range=4]
Pass: Cold: 13.064243ms GPU, 13.068093ms CPU, 0.51s total GPU, 0.51s total wall, 39x 
Run:  [111/175] decimal_floating_conversion [Device=0 InputType=numeric::fixed_point<long, (numeric::Radix)10> OutputType=F32 num_rows=2^28 exp_range=5]
Pass: Cold: 13.121442ms GPU, 13.125476ms CPU, 0.51s total GPU, 0.51s total wall, 39x 
Run:  [112/175] decimal_floating_conversion [Device=0 InputType=numeric::fixed_point<long, (numeric::Radix)10> OutputType=F32 num_rows=2^28 exp_range=6]
Skip: Range beyond end of float tests.
Run:  [113/175] decimal_floating_conversion [Device=0 InputType=numeric::fixed_point<long, (numeric::Radix)10> OutputType=F64 num_rows=2^28 exp_range=0]
Pass: Cold: 203.277292ms GPU, 203.279767ms CPU, 2.24s total GPU, 2.24s total wall, 11x 
Run:  [114/175] decimal_floating_conversion [Device=0 InputType=numeric::fixed_point<long, (numeric::Radix)10> OutputType=F64 num_rows=2^28 exp_range=1]
Warn: Current measurement timed out (15.01s) while over noise threshold (0.87% > 0.50%)
Pass: Cold: 51.033329ms GPU, 51.037131ms CPU, 15.00s total GPU, 15.01s total wall, 294x 
Run:  [115/175] decimal_floating_conversion [Device=0 InputType=numeric::fixed_point<long, (numeric::Radix)10> OutputType=F64 num_rows=2^28 exp_range=2]
Warn: Current measurement timed out (15.01s) while over noise threshold (1.38% > 0.50%)
Pass: Cold: 27.858007ms GPU, 27.862090ms CPU, 14.99s total GPU, 15.01s total wall, 538x 
Run:  [116/175] decimal_floating_conversion [Device=0 InputType=numeric::fixed_point<long, (numeric::Radix)10> OutputType=F64 num_rows=2^28 exp_range=3]
Warn: Current measurement timed out (15.02s) while over noise threshold (0.97% > 0.50%)
Pass: Cold: 29.018293ms GPU, 29.022325ms CPU, 15.00s total GPU, 15.02s total wall, 517x 
Run:  [117/175] decimal_floating_conversion [Device=0 InputType=numeric::fixed_point<long, (numeric::Radix)10> OutputType=F64 num_rows=2^28 exp_range=4]
Pass: Cold: 18.001907ms GPU, 18.005773ms CPU, 0.50s total GPU, 0.51s total wall, 28x 
Run:  [118/175] decimal_floating_conversion [Device=0 InputType=numeric::fixed_point<long, (numeric::Radix)10> OutputType=F64 num_rows=2^28 exp_range=5]
Warn: Current measurement timed out (15.01s) while over noise threshold (0.87% > 0.50%)
Pass: Cold: 19.084303ms GPU, 19.088556ms CPU, 14.98s total GPU, 15.01s total wall, 785x 
Run:  [119/175] decimal_floating_conversion [Device=0 InputType=numeric::fixed_point<long, (numeric::Radix)10> OutputType=F64 num_rows=2^28 exp_range=6]
Warn: Current measurement timed out (15.00s) while over noise threshold (1.03% > 0.50%)
Pass: Cold: 38.735452ms GPU, 38.739543ms CPU, 14.99s total GPU, 15.00s total wall, 387x 
Run:  [120/175] decimal_floating_conversion [Device=0 InputType=numeric::fixed_point<long, (numeric::Radix)10> OutputType=numeric::fixed_point<int, (numeric::Radix)10> num_rows=2^28 exp_range=0]
Skip: Meaningless conversion.
Run:  [121/175] decimal_floating_conversion [Device=0 InputType=numeric::fixed_point<long, (numeric::Radix)10> OutputType=numeric::fixed_point<int, (numeric::Radix)10> num_rows=2^28 exp_range=1]
Skip: Meaningless conversion.
Run:  [122/175] decimal_floating_conversion [Device=0 InputType=numeric::fixed_point<long, (numeric::Radix)10> OutputType=numeric::fixed_point<int, (numeric::Radix)10> num_rows=2^28 exp_range=2]
Skip: Meaningless conversion.
Run:  [123/175] decimal_floating_conversion [Device=0 InputType=numeric::fixed_point<long, (numeric::Radix)10> OutputType=numeric::fixed_point<int, (numeric::Radix)10> num_rows=2^28 exp_range=3]
Skip: Meaningless conversion.
Run:  [124/175] decimal_floating_conversion [Device=0 InputType=numeric::fixed_point<long, (numeric::Radix)10> OutputType=numeric::fixed_point<int, (numeric::Radix)10> num_rows=2^28 exp_range=4]
Skip: Meaningless conversion.
Run:  [125/175] decimal_floating_conversion [Device=0 InputType=numeric::fixed_point<long, (numeric::Radix)10> OutputType=numeric::fixed_point<int, (numeric::Radix)10> num_rows=2^28 exp_range=5]
Skip: Meaningless conversion.
Run:  [126/175] decimal_floating_conversion [Device=0 InputType=numeric::fixed_point<long, (numeric::Radix)10> OutputType=numeric::fixed_point<int, (numeric::Radix)10> num_rows=2^28 exp_range=6]
Skip: Meaningless conversion.
Run:  [127/175] decimal_floating_conversion [Device=0 InputType=numeric::fixed_point<long, (numeric::Radix)10> OutputType=numeric::fixed_point<long, (numeric::Radix)10> num_rows=2^28 exp_range=0]
Skip: Meaningless conversion.
Run:  [128/175] decimal_floating_conversion [Device=0 InputType=numeric::fixed_point<long, (numeric::Radix)10> OutputType=numeric::fixed_point<long, (numeric::Radix)10> num_rows=2^28 exp_range=1]
Skip: Meaningless conversion.
Run:  [129/175] decimal_floating_conversion [Device=0 InputType=numeric::fixed_point<long, (numeric::Radix)10> OutputType=numeric::fixed_point<long, (numeric::Radix)10> num_rows=2^28 exp_range=2]
Skip: Meaningless conversion.
Run:  [130/175] decimal_floating_conversion [Device=0 InputType=numeric::fixed_point<long, (numeric::Radix)10> OutputType=numeric::fixed_point<long, (numeric::Radix)10> num_rows=2^28 exp_range=3]
Skip: Meaningless conversion.
Run:  [131/175] decimal_floating_conversion [Device=0 InputType=numeric::fixed_point<long, (numeric::Radix)10> OutputType=numeric::fixed_point<long, (numeric::Radix)10> num_rows=2^28 exp_range=4]
Skip: Meaningless conversion.
Run:  [132/175] decimal_floating_conversion [Device=0 InputType=numeric::fixed_point<long, (numeric::Radix)10> OutputType=numeric::fixed_point<long, (numeric::Radix)10> num_rows=2^28 exp_range=5]
Skip: Meaningless conversion.
Run:  [133/175] decimal_floating_conversion [Device=0 InputType=numeric::fixed_point<long, (numeric::Radix)10> OutputType=numeric::fixed_point<long, (numeric::Radix)10> num_rows=2^28 exp_range=6]
Skip: Meaningless conversion.
Run:  [134/175] decimal_floating_conversion [Device=0 InputType=numeric::fixed_point<long, (numeric::Radix)10> OutputType=numeric::fixed_point<__int128, (numeric::Radix)10> num_rows=2^28 exp_range=0]
Skip: Meaningless conversion.
Run:  [135/175] decimal_floating_conversion [Device=0 InputType=numeric::fixed_point<long, (numeric::Radix)10> OutputType=numeric::fixed_point<__int128, (numeric::Radix)10> num_rows=2^28 exp_range=1]
Skip: Meaningless conversion.
Run:  [136/175] decimal_floating_conversion [Device=0 InputType=numeric::fixed_point<long, (numeric::Radix)10> OutputType=numeric::fixed_point<__int128, (numeric::Radix)10> num_rows=2^28 exp_range=2]
Skip: Meaningless conversion.
Run:  [137/175] decimal_floating_conversion [Device=0 InputType=numeric::fixed_point<long, (numeric::Radix)10> OutputType=numeric::fixed_point<__int128, (numeric::Radix)10> num_rows=2^28 exp_range=3]
Skip: Meaningless conversion.
Run:  [138/175] decimal_floating_conversion [Device=0 InputType=numeric::fixed_point<long, (numeric::Radix)10> OutputType=numeric::fixed_point<__int128, (numeric::Radix)10> num_rows=2^28 exp_range=4]
Skip: Meaningless conversion.
Run:  [139/175] decimal_floating_conversion [Device=0 InputType=numeric::fixed_point<long, (numeric::Radix)10> OutputType=numeric::fixed_point<__int128, (numeric::Radix)10> num_rows=2^28 exp_range=5]
Skip: Meaningless conversion.
Run:  [140/175] decimal_floating_conversion [Device=0 InputType=numeric::fixed_point<long, (numeric::Radix)10> OutputType=numeric::fixed_point<__int128, (numeric::Radix)10> num_rows=2^28 exp_range=6]
Skip: Meaningless conversion.
Run:  [141/175] decimal_floating_conversion [Device=0 InputType=numeric::fixed_point<__int128, (numeric::Radix)10> OutputType=F32 num_rows=2^28 exp_range=0]
Skip: Ignoring float <--> dec128.
Run:  [142/175] decimal_floating_conversion [Device=0 InputType=numeric::fixed_point<__int128, (numeric::Radix)10> OutputType=F32 num_rows=2^28 exp_range=1]
Skip: Ignoring float <--> dec128.
Run:  [143/175] decimal_floating_conversion [Device=0 InputType=numeric::fixed_point<__int128, (numeric::Radix)10> OutputType=F32 num_rows=2^28 exp_range=2]
Skip: Ignoring float <--> dec128.
Run:  [144/175] decimal_floating_conversion [Device=0 InputType=numeric::fixed_point<__int128, (numeric::Radix)10> OutputType=F32 num_rows=2^28 exp_range=3]
Skip: Ignoring float <--> dec128.
Run:  [145/175] decimal_floating_conversion [Device=0 InputType=numeric::fixed_point<__int128, (numeric::Radix)10> OutputType=F32 num_rows=2^28 exp_range=4]
Skip: Ignoring float <--> dec128.
Run:  [146/175] decimal_floating_conversion [Device=0 InputType=numeric::fixed_point<__int128, (numeric::Radix)10> OutputType=F32 num_rows=2^28 exp_range=5]
Skip: Ignoring float <--> dec128.
Run:  [147/175] decimal_floating_conversion [Device=0 InputType=numeric::fixed_point<__int128, (numeric::Radix)10> OutputType=F32 num_rows=2^28 exp_range=6]
Skip: Ignoring float <--> dec128.
Run:  [148/175] decimal_floating_conversion [Device=0 InputType=numeric::fixed_point<__int128, (numeric::Radix)10> OutputType=F64 num_rows=2^28 exp_range=0]
Pass: Cold: 205.488216ms GPU, 205.490632ms CPU, 2.26s total GPU, 2.26s total wall, 11x 
Run:  [149/175] decimal_floating_conversion [Device=0 InputType=numeric::fixed_point<__int128, (numeric::Radix)10> OutputType=F64 num_rows=2^28 exp_range=1]
Warn: Current measurement timed out (15.02s) while over noise threshold (0.84% > 0.50%)
Pass: Cold: 55.201023ms GPU, 55.204857ms CPU, 15.01s total GPU, 15.02s total wall, 272x 
Run:  [150/175] decimal_floating_conversion [Device=0 InputType=numeric::fixed_point<__int128, (numeric::Radix)10> OutputType=F64 num_rows=2^28 exp_range=2]
Warn: Current measurement timed out (15.03s) while over noise threshold (1.24% > 0.50%)
Pass: Cold: 31.601569ms GPU, 31.605771ms CPU, 15.01s total GPU, 15.03s total wall, 475x 
Run:  [151/175] decimal_floating_conversion [Device=0 InputType=numeric::fixed_point<__int128, (numeric::Radix)10> OutputType=F64 num_rows=2^28 exp_range=3]
Warn: Current measurement timed out (15.01s) while over noise threshold (1.11% > 0.50%)
Pass: Cold: 32.810676ms GPU, 32.814815ms CPU, 14.99s total GPU, 15.01s total wall, 457x 
Run:  [152/175] decimal_floating_conversion [Device=0 InputType=numeric::fixed_point<__int128, (numeric::Radix)10> OutputType=F64 num_rows=2^28 exp_range=4]
Pass: Cold: 25.585736ms GPU, 25.589565ms CPU, 0.51s total GPU, 0.51s total wall, 20x 
Run:  [153/175] decimal_floating_conversion [Device=0 InputType=numeric::fixed_point<__int128, (numeric::Radix)10> OutputType=F64 num_rows=2^28 exp_range=5]
Pass: Cold: 25.448771ms GPU, 25.452681ms CPU, 0.51s total GPU, 0.51s total wall, 20x 
Run:  [154/175] decimal_floating_conversion [Device=0 InputType=numeric::fixed_point<__int128, (numeric::Radix)10> OutputType=F64 num_rows=2^28 exp_range=6]
Pass: Cold: 42.318336ms GPU, 42.322496ms CPU, 4.06s total GPU, 4.07s total wall, 96x 
Run:  [155/175] decimal_floating_conversion [Device=0 InputType=numeric::fixed_point<__int128, (numeric::Radix)10> OutputType=numeric::fixed_point<int, (numeric::Radix)10> num_rows=2^28 exp_range=0]
Skip: Meaningless conversion.
Run:  [156/175] decimal_floating_conversion [Device=0 InputType=numeric::fixed_point<__int128, (numeric::Radix)10> OutputType=numeric::fixed_point<int, (numeric::Radix)10> num_rows=2^28 exp_range=1]
Skip: Meaningless conversion.
Run:  [157/175] decimal_floating_conversion [Device=0 InputType=numeric::fixed_point<__int128, (numeric::Radix)10> OutputType=numeric::fixed_point<int, (numeric::Radix)10> num_rows=2^28 exp_range=2]
Skip: Meaningless conversion.
Run:  [158/175] decimal_floating_conversion [Device=0 InputType=numeric::fixed_point<__int128, (numeric::Radix)10> OutputType=numeric::fixed_point<int, (numeric::Radix)10> num_rows=2^28 exp_range=3]
Skip: Meaningless conversion.
Run:  [159/175] decimal_floating_conversion [Device=0 InputType=numeric::fixed_point<__int128, (numeric::Radix)10> OutputType=numeric::fixed_point<int, (numeric::Radix)10> num_rows=2^28 exp_range=4]
Skip: Meaningless conversion.
Run:  [160/175] decimal_floating_conversion [Device=0 InputType=numeric::fixed_point<__int128, (numeric::Radix)10> OutputType=numeric::fixed_point<int, (numeric::Radix)10> num_rows=2^28 exp_range=5]
Skip: Meaningless conversion.
Run:  [161/175] decimal_floating_conversion [Device=0 InputType=numeric::fixed_point<__int128, (numeric::Radix)10> OutputType=numeric::fixed_point<int, (numeric::Radix)10> num_rows=2^28 exp_range=6]
Skip: Meaningless conversion.
Run:  [162/175] decimal_floating_conversion [Device=0 InputType=numeric::fixed_point<__int128, (numeric::Radix)10> OutputType=numeric::fixed_point<long, (numeric::Radix)10> num_rows=2^28 exp_range=0]
Skip: Meaningless conversion.
Run:  [163/175] decimal_floating_conversion [Device=0 InputType=numeric::fixed_point<__int128, (numeric::Radix)10> OutputType=numeric::fixed_point<long, (numeric::Radix)10> num_rows=2^28 exp_range=1]
Skip: Meaningless conversion.
Run:  [164/175] decimal_floating_conversion [Device=0 InputType=numeric::fixed_point<__int128, (numeric::Radix)10> OutputType=numeric::fixed_point<long, (numeric::Radix)10> num_rows=2^28 exp_range=2]
Skip: Meaningless conversion.
Run:  [165/175] decimal_floating_conversion [Device=0 InputType=numeric::fixed_point<__int128, (numeric::Radix)10> OutputType=numeric::fixed_point<long, (numeric::Radix)10> num_rows=2^28 exp_range=3]
Skip: Meaningless conversion.
Run:  [166/175] decimal_floating_conversion [Device=0 InputType=numeric::fixed_point<__int128, (numeric::Radix)10> OutputType=numeric::fixed_point<long, (numeric::Radix)10> num_rows=2^28 exp_range=4]
Skip: Meaningless conversion.
Run:  [167/175] decimal_floating_conversion [Device=0 InputType=numeric::fixed_point<__int128, (numeric::Radix)10> OutputType=numeric::fixed_point<long, (numeric::Radix)10> num_rows=2^28 exp_range=5]
Skip: Meaningless conversion.
Run:  [168/175] decimal_floating_conversion [Device=0 InputType=numeric::fixed_point<__int128, (numeric::Radix)10> OutputType=numeric::fixed_point<long, (numeric::Radix)10> num_rows=2^28 exp_range=6]
Skip: Meaningless conversion.
Run:  [169/175] decimal_floating_conversion [Device=0 InputType=numeric::fixed_point<__int128, (numeric::Radix)10> OutputType=numeric::fixed_point<__int128, (numeric::Radix)10> num_rows=2^28 exp_range=0]
Skip: Meaningless conversion.
Run:  [170/175] decimal_floating_conversion [Device=0 InputType=numeric::fixed_point<__int128, (numeric::Radix)10> OutputType=numeric::fixed_point<__int128, (numeric::Radix)10> num_rows=2^28 exp_range=1]
Skip: Meaningless conversion.
Run:  [171/175] decimal_floating_conversion [Device=0 InputType=numeric::fixed_point<__int128, (numeric::Radix)10> OutputType=numeric::fixed_point<__int128, (numeric::Radix)10> num_rows=2^28 exp_range=2]
Skip: Meaningless conversion.
Run:  [172/175] decimal_floating_conversion [Device=0 InputType=numeric::fixed_point<__int128, (numeric::Radix)10> OutputType=numeric::fixed_point<__int128, (numeric::Radix)10> num_rows=2^28 exp_range=3]
Skip: Meaningless conversion.
Run:  [173/175] decimal_floating_conversion [Device=0 InputType=numeric::fixed_point<__int128, (numeric::Radix)10> OutputType=numeric::fixed_point<__int128, (numeric::Radix)10> num_rows=2^28 exp_range=4]
Skip: Meaningless conversion.
Run:  [174/175] decimal_floating_conversion [Device=0 InputType=numeric::fixed_point<__int128, (numeric::Radix)10> OutputType=numeric::fixed_point<__int128, (numeric::Radix)10> num_rows=2^28 exp_range=5]
Skip: Meaningless conversion.
Run:  [175/175] decimal_floating_conversion [Device=0 InputType=numeric::fixed_point<__int128, (numeric::Radix)10> OutputType=numeric::fixed_point<__int128, (numeric::Radix)10> num_rows=2^28 exp_range=6]
Skip: Meaningless conversion.
```

# Benchmark Results

## decimal_floating_conversion

### [0] Tesla T4

|                     InputType                      |                     OutputType                     |     num_rows     | exp_range | Samples |  CPU Time  | Noise |  GPU Time  | Noise |
|----------------------------------------------------|----------------------------------------------------|------------------|-----------|---------|------------|-------|------------|-------|
|                                                F32 |      numeric::fixed_point<int, (numeric::Radix)10> | 2^28 = 268435456 |         1 |    746x |  20.099 ms | 0.75% |  20.095 ms | 0.75% |
|                                                F32 |      numeric::fixed_point<int, (numeric::Radix)10> | 2^28 = 268435456 |         2 |    576x |  19.175 ms | 0.79% |  19.171 ms | 0.79% |
|                                                F32 |      numeric::fixed_point<int, (numeric::Radix)10> | 2^28 = 268435456 |         3 |     27x |  18.881 ms | 0.46% |  18.877 ms | 0.46% |
|                                                F32 |      numeric::fixed_point<int, (numeric::Radix)10> | 2^28 = 268435456 |         4 |    128x |  24.219 ms | 2.21% |  24.215 ms | 2.21% |
|                                                F32 |      numeric::fixed_point<int, (numeric::Radix)10> | 2^28 = 268435456 |         5 |    448x |  27.649 ms | 1.23% |  27.645 ms | 1.23% |
|                                                F32 |     numeric::fixed_point<long, (numeric::Radix)10> | 2^28 = 268435456 |         1 |     21x |  24.711 ms | 0.29% |  24.707 ms | 0.28% |
|                                                F32 |     numeric::fixed_point<long, (numeric::Radix)10> | 2^28 = 268435456 |         2 |     21x |  24.347 ms | 0.27% |  24.342 ms | 0.26% |
|                                                F32 |     numeric::fixed_point<long, (numeric::Radix)10> | 2^28 = 268435456 |         3 |     21x |  24.177 ms | 0.29% |  24.173 ms | 0.28% |
|                                                F32 |     numeric::fixed_point<long, (numeric::Radix)10> | 2^28 = 268435456 |         4 |    544x |  25.719 ms | 1.43% |  25.714 ms | 1.43% |
|                                                F32 |     numeric::fixed_point<long, (numeric::Radix)10> | 2^28 = 268435456 |         5 |    352x |  28.908 ms | 1.48% |  28.903 ms | 1.48% |
|                                                F64 |      numeric::fixed_point<int, (numeric::Radix)10> | 2^28 = 268435456 |         0 |    277x |  54.274 ms | 0.85% |  54.270 ms | 0.85% |
|                                                F64 |      numeric::fixed_point<int, (numeric::Radix)10> | 2^28 = 268435456 |         1 |     80x |  27.342 ms | 1.26% |  27.338 ms | 1.26% |
|                                                F64 |      numeric::fixed_point<int, (numeric::Radix)10> | 2^28 = 268435456 |         2 |    597x |  25.106 ms | 0.77% |  25.101 ms | 0.77% |
|                                                F64 |      numeric::fixed_point<int, (numeric::Radix)10> | 2^28 = 268435456 |         3 |    348x |  24.563 ms | 0.50% |  24.558 ms | 0.50% |
|                                                F64 |      numeric::fixed_point<int, (numeric::Radix)10> | 2^28 = 268435456 |         4 |    517x |  29.015 ms | 0.76% |  29.011 ms | 0.76% |
|                                                F64 |      numeric::fixed_point<int, (numeric::Radix)10> | 2^28 = 268435456 |         5 |     18x |  40.641 ms | 0.49% |  40.637 ms | 0.49% |
|                                                F64 |      numeric::fixed_point<int, (numeric::Radix)10> | 2^28 = 268435456 |         6 |     11x | 189.792 ms | 0.17% | 189.789 ms | 0.17% |
|                                                F64 |     numeric::fixed_point<long, (numeric::Radix)10> | 2^28 = 268435456 |         0 |    278x |  54.059 ms | 0.84% |  54.055 ms | 0.84% |
|                                                F64 |     numeric::fixed_point<long, (numeric::Radix)10> | 2^28 = 268435456 |         1 |     17x |  29.534 ms | 0.50% |  29.528 ms | 0.49% |
|                                                F64 |     numeric::fixed_point<long, (numeric::Radix)10> | 2^28 = 268435456 |         2 |     18x |  28.877 ms | 0.14% |  28.873 ms | 0.14% |
|                                                F64 |     numeric::fixed_point<long, (numeric::Radix)10> | 2^28 = 268435456 |         3 |     18x |  28.751 ms | 0.10% |  28.747 ms | 0.10% |
|                                                F64 |     numeric::fixed_point<long, (numeric::Radix)10> | 2^28 = 268435456 |         4 |    494x |  30.376 ms | 0.52% |  30.372 ms | 0.52% |
|                                                F64 |     numeric::fixed_point<long, (numeric::Radix)10> | 2^28 = 268435456 |         5 |    364x |  41.221 ms | 0.77% |  41.217 ms | 0.77% |
|                                                F64 |     numeric::fixed_point<long, (numeric::Radix)10> | 2^28 = 268435456 |         6 |     11x | 190.354 ms | 0.17% | 190.351 ms | 0.17% |
|                                                F64 | numeric::fixed_point<__int128, (numeric::Radix)10> | 2^28 = 268435456 |         0 |    267x |  56.235 ms | 0.86% |  56.231 ms | 0.86% |
|                                                F64 | numeric::fixed_point<__int128, (numeric::Radix)10> | 2^28 = 268435456 |         1 |     13x |  40.233 ms | 0.07% |  40.229 ms | 0.07% |
|                                                F64 | numeric::fixed_point<__int128, (numeric::Radix)10> | 2^28 = 268435456 |         2 |     13x |  40.134 ms | 0.06% |  40.130 ms | 0.06% |
|                                                F64 | numeric::fixed_point<__int128, (numeric::Radix)10> | 2^28 = 268435456 |         3 |     13x |  40.094 ms | 0.05% |  40.090 ms | 0.05% |
|                                                F64 | numeric::fixed_point<__int128, (numeric::Radix)10> | 2^28 = 268435456 |         4 |     13x |  40.219 ms | 0.07% |  40.215 ms | 0.07% |
|                                                F64 | numeric::fixed_point<__int128, (numeric::Radix)10> | 2^28 = 268435456 |         5 |    348x |  43.124 ms | 0.77% |  43.120 ms | 0.77% |
|                                                F64 | numeric::fixed_point<__int128, (numeric::Radix)10> | 2^28 = 268435456 |         6 |     11x | 194.473 ms | 0.23% | 194.470 ms | 0.23% |
|      numeric::fixed_point<int, (numeric::Radix)10> |                                                F32 | 2^28 = 268435456 |         1 |   1040x |  13.734 ms | 1.49% |  13.730 ms | 1.49% |
|      numeric::fixed_point<int, (numeric::Radix)10> |                                                F32 | 2^28 = 268435456 |         2 |    880x |  10.571 ms | 1.31% |  10.567 ms | 1.31% |
|      numeric::fixed_point<int, (numeric::Radix)10> |                                                F32 | 2^28 = 268435456 |         3 |    482x |   9.486 ms | 0.50% |   9.482 ms | 0.50% |
|      numeric::fixed_point<int, (numeric::Radix)10> |                                                F32 | 2^28 = 268435456 |         4 |     54x |   9.291 ms | 0.20% |   9.287 ms | 0.19% |
|      numeric::fixed_point<int, (numeric::Radix)10> |                                                F32 | 2^28 = 268435456 |         5 |   1200x |  10.378 ms | 1.05% |  10.373 ms | 1.05% |
|      numeric::fixed_point<int, (numeric::Radix)10> |                                                F64 | 2^28 = 268435456 |         0 |     11x | 200.527 ms | 0.06% | 200.524 ms | 0.06% |
|      numeric::fixed_point<int, (numeric::Radix)10> |                                                F64 | 2^28 = 268435456 |         1 |    301x |  49.963 ms | 0.82% |  49.959 ms | 0.82% |
|      numeric::fixed_point<int, (numeric::Radix)10> |                                                F64 | 2^28 = 268435456 |         2 |    560x |  26.782 ms | 1.02% |  26.777 ms | 1.02% |
|      numeric::fixed_point<int, (numeric::Radix)10> |                                                F64 | 2^28 = 268435456 |         3 |    535x |  28.011 ms | 1.41% |  28.007 ms | 1.41% |
|      numeric::fixed_point<int, (numeric::Radix)10> |                                                F64 | 2^28 = 268435456 |         4 |    160x |  14.910 ms | 0.88% |  14.906 ms | 0.88% |
|      numeric::fixed_point<int, (numeric::Radix)10> |                                                F64 | 2^28 = 268435456 |         5 |    840x |  17.846 ms | 1.20% |  17.841 ms | 1.20% |
|      numeric::fixed_point<int, (numeric::Radix)10> |                                                F64 | 2^28 = 268435456 |         6 |     80x |  38.386 ms | 1.56% |  38.382 ms | 1.56% |
|     numeric::fixed_point<long, (numeric::Radix)10> |                                                F32 | 2^28 = 268435456 |         1 |    976x |  15.324 ms | 1.39% |  15.320 ms | 1.39% |
|     numeric::fixed_point<long, (numeric::Radix)10> |                                                F32 | 2^28 = 268435456 |         2 |     39x |  13.121 ms | 0.09% |  13.117 ms | 0.08% |
|     numeric::fixed_point<long, (numeric::Radix)10> |                                                F32 | 2^28 = 268435456 |         3 |     39x |  13.068 ms | 0.10% |  13.064 ms | 0.09% |
|     numeric::fixed_point<long, (numeric::Radix)10> |                                                F32 | 2^28 = 268435456 |         4 |     39x |  13.068 ms | 0.08% |  13.064 ms | 0.08% |
|     numeric::fixed_point<long, (numeric::Radix)10> |                                                F32 | 2^28 = 268435456 |         5 |     39x |  13.125 ms | 0.08% |  13.121 ms | 0.07% |
|     numeric::fixed_point<long, (numeric::Radix)10> |                                                F64 | 2^28 = 268435456 |         0 |     11x | 203.280 ms | 0.15% | 203.277 ms | 0.15% |
|     numeric::fixed_point<long, (numeric::Radix)10> |                                                F64 | 2^28 = 268435456 |         1 |    294x |  51.037 ms | 0.87% |  51.033 ms | 0.87% |
|     numeric::fixed_point<long, (numeric::Radix)10> |                                                F64 | 2^28 = 268435456 |         2 |    538x |  27.862 ms | 1.39% |  27.858 ms | 1.38% |
|     numeric::fixed_point<long, (numeric::Radix)10> |                                                F64 | 2^28 = 268435456 |         3 |    517x |  29.022 ms | 0.97% |  29.018 ms | 0.97% |
|     numeric::fixed_point<long, (numeric::Radix)10> |                                                F64 | 2^28 = 268435456 |         4 |     28x |  18.006 ms | 0.13% |  18.002 ms | 0.13% |
|     numeric::fixed_point<long, (numeric::Radix)10> |                                                F64 | 2^28 = 268435456 |         5 |    785x |  19.089 ms | 0.87% |  19.084 ms | 0.87% |
|     numeric::fixed_point<long, (numeric::Radix)10> |                                                F64 | 2^28 = 268435456 |         6 |    387x |  38.740 ms | 1.03% |  38.735 ms | 1.03% |
| numeric::fixed_point<__int128, (numeric::Radix)10> |                                                F64 | 2^28 = 268435456 |         0 |     11x | 205.491 ms | 0.35% | 205.488 ms | 0.35% |
| numeric::fixed_point<__int128, (numeric::Radix)10> |                                                F64 | 2^28 = 268435456 |         1 |    272x |  55.205 ms | 0.84% |  55.201 ms | 0.84% |
| numeric::fixed_point<__int128, (numeric::Radix)10> |                                                F64 | 2^28 = 268435456 |         2 |    475x |  31.606 ms | 1.24% |  31.602 ms | 1.24% |
| numeric::fixed_point<__int128, (numeric::Radix)10> |                                                F64 | 2^28 = 268435456 |         3 |    457x |  32.815 ms | 1.11% |  32.811 ms | 1.11% |
| numeric::fixed_point<__int128, (numeric::Radix)10> |                                                F64 | 2^28 = 268435456 |         4 |     20x |  25.590 ms | 0.10% |  25.586 ms | 0.10% |
| numeric::fixed_point<__int128, (numeric::Radix)10> |                                                F64 | 2^28 = 268435456 |         5 |     20x |  25.453 ms | 0.18% |  25.449 ms | 0.18% |
| numeric::fixed_point<__int128, (numeric::Radix)10> |                                                F64 | 2^28 = 268435456 |         6 |     96x |  42.322 ms | 1.57% |  42.318 ms | 1.57% |
