--------------------------------------------------------------------------------------------------------------
Benchmark                                                    Time             CPU   Iterations UserCounters...
--------------------------------------------------------------------------------------------------------------
Hashing/hash_partition/131072/1/64/manual_time           0.072 ms        0.093 ms         9595 bytes_per_second=27.1139G/s
Hashing/hash_partition/262144/1/64/manual_time           0.094 ms        0.117 ms         7520 bytes_per_second=41.6078G/s
Hashing/hash_partition/524288/1/64/manual_time           0.155 ms        0.184 ms         4528 bytes_per_second=50.2742G/s
Hashing/hash_partition/1048576/1/64/manual_time          0.267 ms        0.296 ms         2618 bytes_per_second=58.4283G/s
Hashing/hash_partition/2097152/1/64/manual_time          0.472 ms        0.501 ms         1482 bytes_per_second=66.1978G/s
Hashing/hash_partition/131072/1/128/manual_time          0.073 ms        0.094 ms         9545 bytes_per_second=26.7701G/s
Hashing/hash_partition/262144/1/128/manual_time          0.095 ms        0.118 ms         7401 bytes_per_second=41.2G/s
Hashing/hash_partition/524288/1/128/manual_time          0.160 ms        0.188 ms         4377 bytes_per_second=48.9615G/s
Hashing/hash_partition/1048576/1/128/manual_time         0.277 ms        0.306 ms         2529 bytes_per_second=56.3819G/s
Hashing/hash_partition/2097152/1/128/manual_time         0.489 ms        0.518 ms         1432 bytes_per_second=63.9101G/s
Hashing/hash_partition/131072/1/256/manual_time          0.076 ms        0.097 ms         9279 bytes_per_second=25.7259G/s
Hashing/hash_partition/262144/1/256/manual_time          0.098 ms        0.122 ms         7157 bytes_per_second=39.8092G/s
Hashing/hash_partition/524288/1/256/manual_time          0.163 ms        0.192 ms         4309 bytes_per_second=47.8718G/s
Hashing/hash_partition/1048576/1/256/manual_time         0.289 ms        0.317 ms         2429 bytes_per_second=54.0978G/s
Hashing/hash_partition/2097152/1/256/manual_time         0.517 ms        0.546 ms         1356 bytes_per_second=60.3951G/s
Hashing/hash_partition/131072/1/512/manual_time          0.080 ms        0.101 ms         8673 bytes_per_second=24.4325G/s
Hashing/hash_partition/262144/1/512/manual_time          0.108 ms        0.132 ms         6556 bytes_per_second=36.3149G/s
Hashing/hash_partition/524288/1/512/manual_time          0.182 ms        0.210 ms         3837 bytes_per_second=43.0026G/s
Hashing/hash_partition/1048576/1/512/manual_time         0.318 ms        0.346 ms         2209 bytes_per_second=49.0919G/s
Hashing/hash_partition/2097152/1/512/manual_time         0.569 ms        0.597 ms         1233 bytes_per_second=54.9213G/s
Hashing/hash_partition/131072/1/1024/manual_time         0.090 ms        0.111 ms         7745 bytes_per_second=21.8597G/s
Hashing/hash_partition/262144/1/1024/manual_time         0.123 ms        0.150 ms         5687 bytes_per_second=31.692G/s
Hashing/hash_partition/524288/1/1024/manual_time         0.213 ms        0.241 ms         3295 bytes_per_second=36.7133G/s
Hashing/hash_partition/1048576/1/1024/manual_time        0.364 ms        0.392 ms         1926 bytes_per_second=42.9546G/s
Hashing/hash_partition/2097152/1/1024/manual_time        0.656 ms        0.684 ms         1071 bytes_per_second=47.6338G/s
Hashing/hash_partition/131072/16/64/manual_time          0.357 ms        0.386 ms         1955 bytes_per_second=87.5507G/s
Hashing/hash_partition/262144/16/64/manual_time          0.731 ms        0.760 ms          957 bytes_per_second=85.4419G/s
Hashing/hash_partition/524288/16/64/manual_time           1.39 ms         1.42 ms          501 bytes_per_second=89.7896G/s
Hashing/hash_partition/1048576/16/64/manual_time          2.64 ms         2.67 ms          265 bytes_per_second=94.5395G/s
Hashing/hash_partition/2097152/16/64/manual_time          5.09 ms         5.12 ms          138 bytes_per_second=98.3161G/s
Hashing/hash_partition/131072/16/128/manual_time         0.363 ms        0.392 ms         1931 bytes_per_second=86.0242G/s
Hashing/hash_partition/262144/16/128/manual_time         0.746 ms        0.776 ms          941 bytes_per_second=83.7327G/s
Hashing/hash_partition/524288/16/128/manual_time          1.45 ms         1.47 ms          484 bytes_per_second=86.4539G/s
Hashing/hash_partition/1048576/16/128/manual_time         2.78 ms         2.81 ms          252 bytes_per_second=89.8196G/s
Hashing/hash_partition/2097152/16/128/manual_time         5.27 ms         5.30 ms          133 bytes_per_second=94.8588G/s
Hashing/hash_partition/131072/16/256/manual_time         0.377 ms        0.406 ms         1864 bytes_per_second=82.7942G/s
Hashing/hash_partition/262144/16/256/manual_time         0.785 ms        0.814 ms          893 bytes_per_second=79.6286G/s
Hashing/hash_partition/524288/16/256/manual_time          1.52 ms         1.55 ms          461 bytes_per_second=82.218G/s
Hashing/hash_partition/1048576/16/256/manual_time         2.91 ms         2.93 ms          241 bytes_per_second=86.0404G/s
Hashing/hash_partition/2097152/16/256/manual_time         5.58 ms         5.61 ms          125 bytes_per_second=89.5976G/s
Hashing/hash_partition/131072/16/512/manual_time         0.423 ms        0.450 ms         1656 bytes_per_second=73.9642G/s
Hashing/hash_partition/262144/16/512/manual_time         0.902 ms        0.931 ms          779 bytes_per_second=69.2836G/s
Hashing/hash_partition/524288/16/512/manual_time          1.75 ms         1.78 ms          401 bytes_per_second=71.4446G/s
Hashing/hash_partition/1048576/16/512/manual_time         3.33 ms         3.36 ms          210 bytes_per_second=75.1686G/s
Hashing/hash_partition/2097152/16/512/manual_time         6.30 ms         6.33 ms          111 bytes_per_second=79.3337G/s
Hashing/hash_partition/131072/16/1024/manual_time        0.530 ms        0.558 ms         1263 bytes_per_second=58.9805G/s
Hashing/hash_partition/262144/16/1024/manual_time         1.11 ms         1.14 ms          632 bytes_per_second=56.2157G/s
Hashing/hash_partition/524288/16/1024/manual_time         2.14 ms         2.16 ms          329 bytes_per_second=58.5351G/s
Hashing/hash_partition/1048576/16/1024/manual_time        3.92 ms         3.95 ms          179 bytes_per_second=63.789G/s
Hashing/hash_partition/2097152/16/1024/manual_time        7.40 ms         7.43 ms           95 bytes_per_second=67.5619G/s
Hashing/hash_partition/131072/256/64/manual_time          5.05 ms         5.08 ms          134 bytes_per_second=99.0504G/s
Hashing/hash_partition/262144/256/64/manual_time          10.8 ms         10.9 ms           65 bytes_per_second=92.1819G/s
Hashing/hash_partition/524288/256/64/manual_time          21.2 ms         21.3 ms           33 bytes_per_second=94.1333G/s
Hashing/hash_partition/1048576/256/64/manual_time         40.7 ms         40.7 ms           17 bytes_per_second=98.3765G/s
Hashing/hash_partition/2097152/256/64/manual_time         78.0 ms         78.0 ms            9 bytes_per_second=102.548G/s
Hashing/hash_partition/131072/256/128/manual_time         5.12 ms         5.15 ms          137 bytes_per_second=97.5957G/s
Hashing/hash_partition/262144/256/128/manual_time         11.0 ms         11.1 ms           64 bytes_per_second=90.7004G/s
Hashing/hash_partition/524288/256/128/manual_time         21.8 ms         21.9 ms           32 bytes_per_second=91.6374G/s
Hashing/hash_partition/1048576/256/128/manual_time        42.7 ms         42.7 ms           16 bytes_per_second=93.7842G/s
Hashing/hash_partition/2097152/256/128/manual_time        80.6 ms         80.7 ms            9 bytes_per_second=99.2197G/s
Hashing/hash_partition/131072/256/256/manual_time         5.39 ms         5.41 ms          131 bytes_per_second=92.8433G/s
Hashing/hash_partition/262144/256/256/manual_time         11.7 ms         11.7 ms           60 bytes_per_second=85.3892G/s
Hashing/hash_partition/524288/256/256/manual_time         23.3 ms         23.3 ms           30 bytes_per_second=86.019G/s
Hashing/hash_partition/1048576/256/256/manual_time        45.0 ms         45.0 ms           16 bytes_per_second=88.9195G/s
Hashing/hash_partition/2097152/256/256/manual_time        85.3 ms         85.4 ms            8 bytes_per_second=93.7579G/s
Hashing/hash_partition/131072/256/512/manual_time         6.17 ms         6.20 ms          114 bytes_per_second=81.0231G/s
Hashing/hash_partition/262144/256/512/manual_time         13.5 ms         13.6 ms           52 bytes_per_second=73.888G/s
Hashing/hash_partition/524288/256/512/manual_time         26.9 ms         27.0 ms           26 bytes_per_second=74.2207G/s
Hashing/hash_partition/1048576/256/512/manual_time        51.0 ms         51.0 ms           14 bytes_per_second=78.4677G/s
Hashing/hash_partition/2097152/256/512/manual_time        96.8 ms         96.9 ms            7 bytes_per_second=82.612G/s
Hashing/hash_partition/131072/256/1024/manual_time        7.96 ms         7.98 ms           89 bytes_per_second=62.8506G/s
Hashing/hash_partition/262144/256/1024/manual_time        16.8 ms         16.9 ms           41 bytes_per_second=59.3582G/s
Hashing/hash_partition/524288/256/1024/manual_time        32.8 ms         32.8 ms           21 bytes_per_second=60.9752G/s
Hashing/hash_partition/1048576/256/1024/manual_time       60.5 ms         60.5 ms           12 bytes_per_second=66.1687G/s
Hashing/hash_partition/2097152/256/1024/manual_time        115 ms          115 ms            6 bytes_per_second=69.7342G/s
