---------------------------------------------------------------------------------------
Benchmark                                             Time             CPU   Iterations
---------------------------------------------------------------------------------------
Quantiles/no_nulls/65536/1/1/manual_time          0.131 ms        0.155 ms         5315
Quantiles/no_nulls/262144/1/1/manual_time         0.175 ms        0.202 ms         3999
Quantiles/no_nulls/1048576/1/1/manual_time        0.540 ms        0.564 ms         1286
Quantiles/no_nulls/4194304/1/1/manual_time         1.79 ms         1.82 ms          390
Quantiles/no_nulls/16777216/1/1/manual_time        6.83 ms         6.86 ms          101
Quantiles/no_nulls/67108864/1/1/manual_time        27.0 ms         27.0 ms           26
Quantiles/no_nulls/65536/4/1/manual_time          0.946 ms        0.973 ms          728
Quantiles/no_nulls/262144/4/1/manual_time          1.95 ms         1.98 ms          362
Quantiles/no_nulls/1048576/4/1/manual_time         21.0 ms         21.1 ms           33
Quantiles/no_nulls/4194304/4/1/manual_time          118 ms          118 ms            6
Quantiles/no_nulls/16777216/4/1/manual_time         660 ms          660 ms            1
Quantiles/no_nulls/67108864/4/1/manual_time        3440 ms         3440 ms            1
Quantiles/no_nulls/65536/8/1/manual_time           1.28 ms         1.31 ms          530
Quantiles/no_nulls/262144/8/1/manual_time          2.96 ms         2.98 ms          238
Quantiles/no_nulls/1048576/8/1/manual_time         23.5 ms         23.5 ms           30
Quantiles/no_nulls/4194304/8/1/manual_time          128 ms          128 ms            5
Quantiles/no_nulls/16777216/8/1/manual_time         701 ms          701 ms            1
Quantiles/no_nulls/67108864/8/1/manual_time        3619 ms         3618 ms            1
Quantiles/no_nulls/65536/1/4/manual_time          0.131 ms        0.155 ms         5233
Quantiles/no_nulls/262144/1/4/manual_time         0.176 ms        0.203 ms         3993
Quantiles/no_nulls/1048576/1/4/manual_time        0.540 ms        0.564 ms         1295
Quantiles/no_nulls/4194304/1/4/manual_time         1.79 ms         1.82 ms          390
Quantiles/no_nulls/16777216/1/4/manual_time        6.83 ms         6.86 ms          101
Quantiles/no_nulls/67108864/1/4/manual_time        27.0 ms         27.0 ms           26
Quantiles/no_nulls/65536/4/4/manual_time          0.942 ms        0.969 ms          724
Quantiles/no_nulls/262144/4/4/manual_time          1.95 ms         1.98 ms          360
Quantiles/no_nulls/1048576/4/4/manual_time         21.0 ms         21.1 ms           33
Quantiles/no_nulls/4194304/4/4/manual_time          118 ms          118 ms            6
Quantiles/no_nulls/16777216/4/4/manual_time         660 ms          660 ms            1
Quantiles/no_nulls/67108864/4/4/manual_time        3440 ms         3440 ms            1
Quantiles/no_nulls/65536/8/4/manual_time           1.28 ms         1.31 ms          525
Quantiles/no_nulls/262144/8/4/manual_time          2.96 ms         2.98 ms          238
Quantiles/no_nulls/1048576/8/4/manual_time         23.5 ms         23.5 ms           30
Quantiles/no_nulls/4194304/8/4/manual_time          128 ms          128 ms            5
Quantiles/no_nulls/16777216/8/4/manual_time         701 ms          701 ms            1
Quantiles/no_nulls/67108864/8/4/manual_time        3619 ms         3619 ms            1
Quantiles/no_nulls/65536/1/12/manual_time         0.132 ms        0.155 ms         5208
Quantiles/no_nulls/262144/1/12/manual_time        0.176 ms        0.203 ms         3995
Quantiles/no_nulls/1048576/1/12/manual_time       0.541 ms        0.564 ms         1294
Quantiles/no_nulls/4194304/1/12/manual_time        1.79 ms         1.82 ms          390
Quantiles/no_nulls/16777216/1/12/manual_time       6.83 ms         6.85 ms          102
Quantiles/no_nulls/67108864/1/12/manual_time       27.0 ms         27.0 ms           26
Quantiles/no_nulls/65536/4/12/manual_time         0.943 ms        0.970 ms          721
Quantiles/no_nulls/262144/4/12/manual_time         1.95 ms         1.98 ms          360
Quantiles/no_nulls/1048576/4/12/manual_time        21.0 ms         21.1 ms           33
Quantiles/no_nulls/4194304/4/12/manual_time         118 ms          118 ms            6
Quantiles/no_nulls/16777216/4/12/manual_time        660 ms          660 ms            1
Quantiles/no_nulls/67108864/4/12/manual_time       3440 ms         3440 ms            1
Quantiles/no_nulls/65536/8/12/manual_time          1.28 ms         1.31 ms          532
Quantiles/no_nulls/262144/8/12/manual_time         2.96 ms         2.99 ms          238
Quantiles/no_nulls/1048576/8/12/manual_time        23.5 ms         23.5 ms           30
Quantiles/no_nulls/4194304/8/12/manual_time         128 ms          128 ms            5
Quantiles/no_nulls/16777216/8/12/manual_time        701 ms          701 ms            1
Quantiles/no_nulls/67108864/8/12/manual_time       3619 ms         3619 ms            1
Quantiles/nulls/65536/1/1/manual_time             0.282 ms        0.310 ms         2466
Quantiles/nulls/262144/1/1/manual_time            0.526 ms        0.554 ms         1351
Quantiles/nulls/1048576/1/1/manual_time            2.34 ms         2.37 ms          293
Quantiles/nulls/4194304/1/1/manual_time            9.13 ms         9.16 ms           77
Quantiles/nulls/16777216/1/1/manual_time           37.3 ms         37.3 ms           19
Quantiles/nulls/67108864/1/1/manual_time            157 ms          157 ms            5
Quantiles/nulls/65536/4/1/manual_time              1.28 ms         1.31 ms          522
Quantiles/nulls/262144/4/1/manual_time             2.61 ms         2.63 ms          269
Quantiles/nulls/1048576/4/1/manual_time            23.8 ms         23.9 ms           29
Quantiles/nulls/4194304/4/1/manual_time             137 ms          137 ms            5
Quantiles/nulls/16777216/4/1/manual_time            848 ms          848 ms            1
Quantiles/nulls/67108864/4/1/manual_time           4880 ms         4880 ms            1
Quantiles/nulls/65536/8/1/manual_time              1.73 ms         1.75 ms          396
Quantiles/nulls/262144/8/1/manual_time             3.81 ms         3.84 ms          184
Quantiles/nulls/1048576/8/1/manual_time            26.8 ms         26.8 ms           26
Quantiles/nulls/4194304/8/1/manual_time             148 ms          148 ms            5
Quantiles/nulls/16777216/8/1/manual_time            892 ms          892 ms            1
Quantiles/nulls/67108864/8/1/manual_time           5082 ms         5082 ms            1
Quantiles/nulls/65536/1/4/manual_time             0.283 ms        0.311 ms         2464
Quantiles/nulls/262144/1/4/manual_time            0.527 ms        0.555 ms         1356
Quantiles/nulls/1048576/1/4/manual_time            2.34 ms         2.36 ms          297
Quantiles/nulls/4194304/1/4/manual_time            9.13 ms         9.16 ms           77
Quantiles/nulls/16777216/1/4/manual_time           37.3 ms         37.3 ms           19
Quantiles/nulls/67108864/1/4/manual_time            156 ms          156 ms            5
Quantiles/nulls/65536/4/4/manual_time              1.28 ms         1.31 ms          521
Quantiles/nulls/262144/4/4/manual_time             2.61 ms         2.63 ms          269
Quantiles/nulls/1048576/4/4/manual_time            23.8 ms         23.9 ms           29
Quantiles/nulls/4194304/4/4/manual_time             137 ms          137 ms            5
Quantiles/nulls/16777216/4/4/manual_time            848 ms          848 ms            1
Quantiles/nulls/67108864/4/4/manual_time           4880 ms         4880 ms            1
Quantiles/nulls/65536/8/4/manual_time              1.73 ms         1.76 ms          397
Quantiles/nulls/262144/8/4/manual_time             3.82 ms         3.85 ms          184
Quantiles/nulls/1048576/8/4/manual_time            26.8 ms         26.8 ms           26
Quantiles/nulls/4194304/8/4/manual_time             148 ms          148 ms            5
Quantiles/nulls/16777216/8/4/manual_time            892 ms          892 ms            1
Quantiles/nulls/67108864/8/4/manual_time           5082 ms         5082 ms            1
Quantiles/nulls/65536/1/12/manual_time            0.282 ms        0.310 ms         2460
Quantiles/nulls/262144/1/12/manual_time           0.526 ms        0.555 ms         1348
Quantiles/nulls/1048576/1/12/manual_time           2.35 ms         2.37 ms          297
Quantiles/nulls/4194304/1/12/manual_time           9.13 ms         9.15 ms           77
Quantiles/nulls/16777216/1/12/manual_time          37.5 ms         37.5 ms           19
Quantiles/nulls/67108864/1/12/manual_time           157 ms          157 ms            5
Quantiles/nulls/65536/4/12/manual_time             1.28 ms         1.31 ms          524
Quantiles/nulls/262144/4/12/manual_time            2.61 ms         2.63 ms          270
Quantiles/nulls/1048576/4/12/manual_time           23.8 ms         23.9 ms           29
Quantiles/nulls/4194304/4/12/manual_time            137 ms          137 ms            5
Quantiles/nulls/16777216/4/12/manual_time           848 ms          848 ms            1
Quantiles/nulls/67108864/4/12/manual_time          4880 ms         4880 ms            1
Quantiles/nulls/65536/8/12/manual_time             1.73 ms         1.76 ms          396
Quantiles/nulls/262144/8/12/manual_time            3.81 ms         3.84 ms          184
Quantiles/nulls/1048576/8/12/manual_time           26.8 ms         26.8 ms           26
Quantiles/nulls/4194304/8/12/manual_time            148 ms          148 ms            5
Quantiles/nulls/16777216/8/12/manual_time           892 ms          892 ms            1
Quantiles/nulls/67108864/8/12/manual_time          5082 ms         5082 ms            1
