----------------------------------------------------------------------------------------------------------
Benchmark                                                Time             CPU   Iterations UserCounters...
----------------------------------------------------------------------------------------------------------
Scatter/double_coalesced/1024/1/manual_time           5577 ns        32716 ns       125360 bytes_per_second=2.73591G/s
Scatter/double_coalesced/2048/1/manual_time           6496 ns        33499 ns       106891 bytes_per_second=4.69797G/s
Scatter/double_coalesced/4096/1/manual_time           6811 ns        33597 ns       101924 bytes_per_second=8.96129G/s
Scatter/double_coalesced/8192/1/manual_time           6975 ns        33373 ns       100452 bytes_per_second=17.5021G/s
Scatter/double_coalesced/16384/1/manual_time          8064 ns        33763 ns        86991 bytes_per_second=30.2759G/s
Scatter/double_coalesced/32768/1/manual_time          9980 ns        35216 ns        70181 bytes_per_second=48.9249G/s
Scatter/double_coalesced/65536/1/manual_time         14464 ns        38506 ns        48440 bytes_per_second=67.5174G/s
Scatter/double_coalesced/131072/1/manual_time        22625 ns        42672 ns        30961 bytes_per_second=86.3258G/s
Scatter/double_coalesced/262144/1/manual_time        38969 ns        59597 ns        17973 bytes_per_second=100.239G/s
Scatter/double_coalesced/524288/1/manual_time        77191 ns        96602 ns         9066 bytes_per_second=101.21G/s
Scatter/double_coalesced/1048576/1/manual_time      156504 ns       176291 ns         4474 bytes_per_second=99.8376G/s
Scatter/double_coalesced/2097152/1/manual_time      314122 ns       333649 ns         2228 bytes_per_second=99.4838G/s
Scatter/double_coalesced/4194304/1/manual_time      630880 ns       651012 ns         1110 bytes_per_second=99.0679G/s
Scatter/double_coalesced/8388608/1/manual_time     1262324 ns      1282591 ns          555 bytes_per_second=99.0237G/s
Scatter/double_coalesced/16777216/1/manual_time    2526957 ns      2548404 ns          277 bytes_per_second=98.9332G/s
Scatter/double_coalesced/33554432/1/manual_time    5051019 ns      5072333 ns          139 bytes_per_second=98.9899G/s
Scatter/double_coalesced/1024/2/manual_time          10439 ns        37520 ns        67052 bytes_per_second=2.92341G/s
Scatter/double_coalesced/2048/2/manual_time          11499 ns        38343 ns        60488 bytes_per_second=5.3079G/s
Scatter/double_coalesced/4096/2/manual_time          11902 ns        38204 ns        59001 bytes_per_second=10.2561G/s
Scatter/double_coalesced/8192/2/manual_time          12395 ns        38114 ns        56629 bytes_per_second=19.6965G/s
Scatter/double_coalesced/16384/2/manual_time         13506 ns        38549 ns        51164 bytes_per_second=36.1537G/s
Scatter/double_coalesced/32768/2/manual_time         17419 ns        41192 ns        40234 bytes_per_second=56.0646G/s
Scatter/double_coalesced/65536/2/manual_time         24817 ns        45314 ns        28213 bytes_per_second=78.7019G/s
Scatter/double_coalesced/131072/2/manual_time        40003 ns        60098 ns        17485 bytes_per_second=97.6491G/s
Scatter/double_coalesced/262144/2/manual_time        74190 ns        94545 ns         9440 bytes_per_second=105.304G/s
Scatter/double_coalesced/524288/2/manual_time       151372 ns       179549 ns         4625 bytes_per_second=103.222G/s
Scatter/double_coalesced/1048576/2/manual_time      309594 ns       338170 ns         2262 bytes_per_second=100.939G/s
Scatter/double_coalesced/2097152/2/manual_time      624351 ns       652881 ns         1122 bytes_per_second=100.104G/s
Scatter/double_coalesced/4194304/2/manual_time     1258103 ns      1287119 ns          556 bytes_per_second=99.3559G/s
Scatter/double_coalesced/8388608/2/manual_time     2521213 ns      2550756 ns          278 bytes_per_second=99.1586G/s
Scatter/double_coalesced/16777216/2/manual_time    5049364 ns      5080340 ns          138 bytes_per_second=99.0224G/s
Scatter/double_coalesced/33554432/2/manual_time   10105083 ns     10136416 ns           69 bytes_per_second=98.9601G/s
Scatter/double_coalesced/1024/4/manual_time          23307 ns        49970 ns        30206 bytes_per_second=2.6188G/s
Scatter/double_coalesced/2048/4/manual_time          23545 ns        49747 ns        30006 bytes_per_second=5.18448G/s
Scatter/double_coalesced/4096/4/manual_time          24481 ns        50132 ns        28984 bytes_per_second=9.9726G/s
Scatter/double_coalesced/8192/4/manual_time          24867 ns        49985 ns        28294 bytes_per_second=19.6357G/s
Scatter/double_coalesced/16384/4/manual_time         26423 ns        50269 ns        26807 bytes_per_second=36.9583G/s
Scatter/double_coalesced/32768/4/manual_time         30868 ns        52174 ns        22810 bytes_per_second=63.2733G/s
Scatter/double_coalesced/65536/4/manual_time         44332 ns        65210 ns        15892 bytes_per_second=88.1131G/s
Scatter/double_coalesced/131072/4/manual_time        75891 ns        96025 ns         9224 bytes_per_second=102.943G/s
Scatter/double_coalesced/262144/4/manual_time       146037 ns       173625 ns         4795 bytes_per_second=106.994G/s
Scatter/double_coalesced/524288/4/manual_time       303265 ns       333327 ns         2308 bytes_per_second=103.045G/s
Scatter/double_coalesced/1048576/4/manual_time      619282 ns       648094 ns         1130 bytes_per_second=100.923G/s
Scatter/double_coalesced/2097152/4/manual_time     1253204 ns      1282501 ns          559 bytes_per_second=99.7443G/s
Scatter/double_coalesced/4194304/4/manual_time     2515578 ns      2544725 ns          278 bytes_per_second=99.3808G/s
Scatter/double_coalesced/8388608/4/manual_time     5047647 ns      5078330 ns          139 bytes_per_second=99.0561G/s
Scatter/double_coalesced/16777216/4/manual_time   10095920 ns     10126486 ns           69 bytes_per_second=99.0499G/s
Scatter/double_coalesced/33554432/4/manual_time   20260325 ns     20293296 ns           35 bytes_per_second=98.7151G/s
Scatter/double_coalesced/1024/8/manual_time          59767 ns        86078 ns        11751 bytes_per_second=2.04244G/s
Scatter/double_coalesced/2048/8/manual_time          61200 ns        86967 ns        11661 bytes_per_second=3.98919G/s
Scatter/double_coalesced/4096/8/manual_time          60674 ns        85979 ns        11623 bytes_per_second=8.0476G/s
Scatter/double_coalesced/8192/8/manual_time          62100 ns        86174 ns        11210 bytes_per_second=15.7256G/s
Scatter/double_coalesced/16384/8/manual_time         64409 ns        85890 ns        10846 bytes_per_second=30.324G/s
Scatter/double_coalesced/32768/8/manual_time         65527 ns        86047 ns        10708 bytes_per_second=59.6126G/s
Scatter/double_coalesced/65536/8/manual_time         84651 ns       105961 ns         8269 bytes_per_second=92.2908G/s
Scatter/double_coalesced/131072/8/manual_time       145949 ns       171122 ns         4797 bytes_per_second=107.058G/s
Scatter/double_coalesced/262144/8/manual_time       289693 ns       317173 ns         2416 bytes_per_second=107.873G/s
Scatter/double_coalesced/524288/8/manual_time       610026 ns       639188 ns         1148 bytes_per_second=102.455G/s
Scatter/double_coalesced/1048576/8/manual_time     1244426 ns      1273505 ns          563 bytes_per_second=100.448G/s
Scatter/double_coalesced/2097152/8/manual_time     2502326 ns      2532385 ns          280 bytes_per_second=99.907G/s
Scatter/double_coalesced/4194304/8/manual_time     5029903 ns      5059954 ns          139 bytes_per_second=99.4055G/s
Scatter/double_coalesced/8388608/8/manual_time    10080221 ns     10110242 ns           69 bytes_per_second=99.2042G/s
Scatter/double_coalesced/16777216/8/manual_time   20235159 ns     20269470 ns           35 bytes_per_second=98.8379G/s
Scatter/double_coalesced/33554432/8/manual_time   40563028 ns     40594882 ns           17 bytes_per_second=98.612G/s
Scatter/double_shuffled/1024/1/manual_time            6030 ns        33295 ns       112508 bytes_per_second=2.5306G/s
Scatter/double_shuffled/2048/1/manual_time            6913 ns        33927 ns       100775 bytes_per_second=4.41465G/s
Scatter/double_shuffled/4096/1/manual_time            7335 ns        34037 ns        95472 bytes_per_second=8.3209G/s
Scatter/double_shuffled/8192/1/manual_time            7630 ns        33572 ns        91725 bytes_per_second=15.9987G/s
Scatter/double_shuffled/16384/1/manual_time           8871 ns        34326 ns        78871 bytes_per_second=27.5212G/s
Scatter/double_shuffled/32768/1/manual_time          11079 ns        36376 ns        63215 bytes_per_second=44.0738G/s
Scatter/double_shuffled/65536/1/manual_time          16563 ns        40423 ns        42266 bytes_per_second=58.9596G/s
Scatter/double_shuffled/131072/1/manual_time         26298 ns        46071 ns        26630 bytes_per_second=74.2689G/s
Scatter/double_shuffled/262144/1/manual_time         45464 ns        68126 ns        15401 bytes_per_second=85.9203G/s
Scatter/double_shuffled/524288/1/manual_time        367961 ns       392113 ns         1901 bytes_per_second=21.2319G/s
Scatter/double_shuffled/1048576/1/manual_time      1144653 ns      1172057 ns          611 bytes_per_second=13.6504G/s
Scatter/double_shuffled/2097152/1/manual_time      2662479 ns      2691780 ns          263 bytes_per_second=11.7372G/s
Scatter/double_shuffled/4194304/1/manual_time      5711394 ns      5741572 ns          123 bytes_per_second=10.943G/s
Scatter/double_shuffled/8388608/1/manual_time     11884180 ns     11919641 ns           59 bytes_per_second=10.5182G/s
Scatter/double_shuffled/16777216/1/manual_time    24239627 ns     24274948 ns           29 bytes_per_second=10.3137G/s
Scatter/double_shuffled/33554432/1/manual_time    49021438 ns     49060293 ns           14 bytes_per_second=10.1996G/s
Scatter/double_shuffled/1024/2/manual_time           11213 ns        38346 ns        62351 bytes_per_second=2.72169G/s
Scatter/double_shuffled/2048/2/manual_time           12372 ns        39041 ns        56455 bytes_per_second=4.93331G/s
Scatter/double_shuffled/4096/2/manual_time           12936 ns        38943 ns        53451 bytes_per_second=9.43668G/s
Scatter/double_shuffled/8192/2/manual_time           13453 ns        38882 ns        52467 bytes_per_second=18.1475G/s
Scatter/double_shuffled/16384/2/manual_time          15201 ns        40228 ns        46242 bytes_per_second=32.1217G/s
Scatter/double_shuffled/32768/2/manual_time          19952 ns        43726 ns        35196 bytes_per_second=48.9444G/s
Scatter/double_shuffled/65536/2/manual_time          29856 ns        50329 ns        23459 bytes_per_second=65.4177G/s
Scatter/double_shuffled/131072/2/manual_time         46624 ns        67987 ns        15059 bytes_per_second=83.7817G/s
Scatter/double_shuffled/262144/2/manual_time         89225 ns       112362 ns         7815 bytes_per_second=87.56G/s
Scatter/double_shuffled/524288/2/manual_time        735424 ns       763524 ns          954 bytes_per_second=21.2462G/s
Scatter/double_shuffled/1048576/2/manual_time      2292351 ns      2321624 ns          305 bytes_per_second=13.6323G/s
Scatter/double_shuffled/2097152/2/manual_time      5264967 ns      5295365 ns          133 bytes_per_second=11.8709G/s
Scatter/double_shuffled/4194304/2/manual_time     11416562 ns     11449161 ns           61 bytes_per_second=10.949G/s
Scatter/double_shuffled/8388608/2/manual_time     23764341 ns     23798858 ns           29 bytes_per_second=10.52G/s
Scatter/double_shuffled/16777216/2/manual_time    48468933 ns     48502430 ns           14 bytes_per_second=10.3159G/s
Scatter/double_shuffled/33554432/2/manual_time    97981395 ns     98014332 ns            7 bytes_per_second=10.206G/s
Scatter/double_shuffled/1024/4/manual_time           23286 ns        49914 ns        29172 bytes_per_second=2.62111G/s
Scatter/double_shuffled/2048/4/manual_time           23897 ns        49951 ns        28418 bytes_per_second=5.10821G/s
Scatter/double_shuffled/4096/4/manual_time           24609 ns        49924 ns        27759 bytes_per_second=9.92092G/s
Scatter/double_shuffled/8192/4/manual_time           24899 ns        49995 ns        27776 bytes_per_second=19.6104G/s
Scatter/double_shuffled/16384/4/manual_time          28286 ns        52177 ns        25067 bytes_per_second=34.5248G/s
Scatter/double_shuffled/32768/4/manual_time          36506 ns        57928 ns        19197 bytes_per_second=53.5016G/s
Scatter/double_shuffled/65536/4/manual_time          55615 ns        76921 ns        12581 bytes_per_second=70.2377G/s
Scatter/double_shuffled/131072/4/manual_time         90340 ns       111529 ns         7791 bytes_per_second=86.479G/s
Scatter/double_shuffled/262144/4/manual_time        176525 ns       204539 ns         3970 bytes_per_second=88.5146G/s
Scatter/double_shuffled/524288/4/manual_time       1464388 ns      1492857 ns          479 bytes_per_second=21.34G/s
Scatter/double_shuffled/1048576/4/manual_time      4554693 ns      4585451 ns          154 bytes_per_second=13.7221G/s
Scatter/double_shuffled/2097152/4/manual_time     10574750 ns     10605854 ns           66 bytes_per_second=11.8206G/s
Scatter/double_shuffled/4194304/4/manual_time     22811488 ns     22844314 ns           31 bytes_per_second=10.9594G/s
Scatter/double_shuffled/8388608/4/manual_time     47529713 ns     47563031 ns           15 bytes_per_second=10.5197G/s
Scatter/double_shuffled/16777216/4/manual_time    96952822 ns     96983501 ns            7 bytes_per_second=10.3143G/s
Scatter/double_shuffled/33554432/4/manual_time   195980810 ns    196018994 ns            4 bytes_per_second=10.2051G/s
Scatter/double_shuffled/1024/8/manual_time           59610 ns        85639 ns        11731 bytes_per_second=2.04783G/s
Scatter/double_shuffled/2048/8/manual_time           61305 ns        86720 ns        11284 bytes_per_second=3.98239G/s
Scatter/double_shuffled/4096/8/manual_time           60855 ns        85998 ns        11580 bytes_per_second=8.02368G/s
Scatter/double_shuffled/8192/8/manual_time           61645 ns        85650 ns        11208 bytes_per_second=15.8416G/s
Scatter/double_shuffled/16384/8/manual_time          65562 ns        87147 ns        10883 bytes_per_second=29.7905G/s
Scatter/double_shuffled/32768/8/manual_time          70879 ns        91477 ns         9869 bytes_per_second=55.1116G/s
Scatter/double_shuffled/65536/8/manual_time         110046 ns       131737 ns         6379 bytes_per_second=70.9932G/s
Scatter/double_shuffled/131072/8/manual_time        177018 ns       202654 ns         3980 bytes_per_second=88.2681G/s
Scatter/double_shuffled/262144/8/manual_time        353179 ns       382027 ns         1986 bytes_per_second=88.4821G/s
Scatter/double_shuffled/524288/8/manual_time       2869119 ns      2897812 ns          244 bytes_per_second=21.7837G/s
Scatter/double_shuffled/1048576/8/manual_time      9096783 ns      9127592 ns           77 bytes_per_second=13.7411G/s
Scatter/double_shuffled/2097152/8/manual_time     21170986 ns     21202419 ns           33 bytes_per_second=11.8086G/s
Scatter/double_shuffled/4194304/8/manual_time     45630059 ns     45667270 ns           15 bytes_per_second=10.9577G/s
Scatter/double_shuffled/8388608/8/manual_time     95054609 ns     95090847 ns            7 bytes_per_second=10.5203G/s
Scatter/double_shuffled/16777216/8/manual_time   193987899 ns    194032590 ns            4 bytes_per_second=10.3099G/s
Scatter/double_shuffled/33554432/8/manual_time   392170891 ns    392198377 ns            2 bytes_per_second=10.1996G/s
