------------------------------------------------------------------------------------------------------------
Benchmark                                                  Time             CPU   Iterations UserCounters...
------------------------------------------------------------------------------------------------------------
CopyIfElse/int16/4096/manual_time                      0.026 ms        0.055 ms        27287 bytes_per_second=795.252M/s
CopyIfElse/int16/32768/manual_time                     0.027 ms        0.054 ms        25823 bytes_per_second=5.96318G/s
CopyIfElse/int16/262144/manual_time                    0.037 ms        0.062 ms        19077 bytes_per_second=34.8998G/s
CopyIfElse/int16/2097152/manual_time                   0.153 ms        0.175 ms         4614 bytes_per_second=67.2008G/s
CopyIfElse/int16/16777216/manual_time                   1.11 ms         1.13 ms          618 bytes_per_second=74.1904G/s
CopyIfElse/int16/134217728/manual_time                  8.75 ms         8.78 ms           79 bytes_per_second=75.0129G/s
CopyIfElse/uint32/4096/manual_time                     0.027 ms        0.056 ms        25925 bytes_per_second=1.30622G/s
CopyIfElse/uint32/32768/manual_time                    0.027 ms        0.055 ms        25766 bytes_per_second=10.3165G/s
CopyIfElse/uint32/262144/manual_time                   0.044 ms        0.067 ms        15861 bytes_per_second=51.3034G/s
CopyIfElse/uint32/2097152/manual_time                  0.170 ms        0.196 ms         4127 bytes_per_second=106.2G/s
CopyIfElse/uint32/16777216/manual_time                  1.24 ms         1.26 ms          559 bytes_per_second=116.848G/s
CopyIfElse/uint32/134217728/manual_time                 9.81 ms         9.84 ms           71 bytes_per_second=117.913G/s
CopyIfElse/float64/4096/manual_time                    0.027 ms        0.056 ms        25891 bytes_per_second=2.43225G/s
CopyIfElse/float64/32768/manual_time                   0.027 ms        0.054 ms        25784 bytes_per_second=19.3055G/s
CopyIfElse/float64/262144/manual_time                  0.051 ms        0.073 ms        13693 bytes_per_second=82.4659G/s
CopyIfElse/float64/2097152/manual_time                 0.228 ms        0.256 ms         3070 bytes_per_second=147.504G/s
CopyIfElse/float64/16777216/manual_time                 1.64 ms         1.67 ms          427 bytes_per_second=164.45G/s
CopyIfElse/float64/134217728/manual_time                12.9 ms         12.9 ms           54 bytes_per_second=167.031G/s
CopyIfElse/int16_no_nulls/4096/manual_time             0.004 ms        0.031 ms       190195 bytes_per_second=5.18646G/s
CopyIfElse/int16_no_nulls/32768/manual_time            0.005 ms        0.031 ms       134349 bytes_per_second=29.3029G/s
CopyIfElse/int16_no_nulls/262144/manual_time           0.014 ms        0.038 ms        51860 bytes_per_second=90.3652G/s
CopyIfElse/int16_no_nulls/2097152/manual_time          0.079 ms        0.101 ms         8952 bytes_per_second=123.999G/s
CopyIfElse/int16_no_nulls/16777216/manual_time         0.609 ms        0.634 ms         1125 bytes_per_second=128.2G/s
CopyIfElse/int16_no_nulls/134217728/manual_time         4.89 ms         4.91 ms          144 bytes_per_second=127.917G/s
CopyIfElse/uint32_no_nulls/4096/manual_time            0.004 ms        0.031 ms       162139 bytes_per_second=7.94964G/s
CopyIfElse/uint32_no_nulls/32768/manual_time           0.006 ms        0.032 ms       118172 bytes_per_second=46.3757G/s
CopyIfElse/uint32_no_nulls/262144/manual_time          0.018 ms        0.040 ms        38600 bytes_per_second=121.169G/s
CopyIfElse/uint32_no_nulls/2097152/manual_time         0.110 ms        0.136 ms         6337 bytes_per_second=159.128G/s
CopyIfElse/uint32_no_nulls/16777216/manual_time        0.841 ms        0.867 ms          832 bytes_per_second=167.201G/s
CopyIfElse/uint32_no_nulls/134217728/manual_time        6.66 ms         6.69 ms          105 bytes_per_second=168.879G/s
CopyIfElse/float64_no_nulls/4096/manual_time           0.004 ms        0.031 ms       158978 bytes_per_second=14.7317G/s
CopyIfElse/float64_no_nulls/32768/manual_time          0.008 ms        0.033 ms        91748 bytes_per_second=68.0136G/s
CopyIfElse/float64_no_nulls/262144/manual_time         0.028 ms        0.049 ms        25095 bytes_per_second=148.858G/s
CopyIfElse/float64_no_nulls/2097152/manual_time        0.189 ms        0.217 ms         3706 bytes_per_second=175.854G/s
CopyIfElse/float64_no_nulls/16777216/manual_time        1.48 ms         1.51 ms          475 bytes_per_second=179.949G/s
CopyIfElse/float64_no_nulls/134217728/manual_time       11.7 ms         11.8 ms           60 bytes_per_second=181.104G/s
