RMM memory resource = pool
CUIO host memory resource = pinned_pool
# Devices

## [0] `Tesla T4`
* SM Version: 750 (PTX Version: 750)
* Number of SMs: 40
* SM Default Clock Rate: 1590 MHz
* Global Memory: 7208 MiB Free / 14913 MiB Total
* Global Memory Bus Peak: 320 GB/sec (256-bit DDR @5001MHz)
* Max Shared Memory: 64 KiB/SM, 48 KiB/Block
* L2 Cache Size: 4096 KiB
* Maximum Active Blocks: 16/SM
* Maximum Active Threads: 1024/SM, 1024/Block
* Available Registers: 65536/SM, 65536/Block
* ECC Enabled: Yes

# Log

```
Run:  [1/18] create_structs [Device=0 NumRows=2^10 Depth=1 Nulls=0]
Pass: Cold: 0.047966ms GPU, 0.052843ms CPU, 0.50s total GPU, 0.94s total wall, 10432x 
Run:  [2/18] create_structs [Device=0 NumRows=2^18 Depth=1 Nulls=0]
Pass: Cold: 8.348026ms GPU, 8.353846ms CPU, 0.50s total GPU, 0.50s total wall, 60x 
Run:  [3/18] create_structs [Device=0 NumRows=2^26 Depth=1 Nulls=0]
Warn: Current measurement timed out (16.15s) before accumulating min_samples (7 < 10)
Pass: Cold: 2306.876604ms GPU, 2306.858260ms CPU, 16.15s total GPU, 16.15s total wall, 7x 
Run:  [4/18] create_structs [Device=0 NumRows=2^10 Depth=8 Nulls=0]
Pass: Cold: 1.284988ms GPU, 1.289906ms CPU, 1.13s total GPU, 1.16s total wall, 880x 
Run:  [5/18] create_structs [Device=0 NumRows=2^18 Depth=8 Nulls=0]
Pass: Cold: 49.232739ms GPU, 49.237219ms CPU, 0.54s total GPU, 0.54s total wall, 11x 
Run:  [6/18] create_structs [Device=0 NumRows=2^26 Depth=8 Nulls=0]
Warn: Current measurement timed out (25.25s) while over noise threshold (inf% > 0.50%)
Warn: Current measurement timed out (25.25s) before accumulating min_samples (2 < 10)
Pass: Cold: 12624.818359ms GPU, 12624.668080ms CPU, 25.25s total GPU, 25.25s total wall, 2x 
Run:  [7/18] create_structs [Device=0 NumRows=2^10 Depth=16 Nulls=0]
Pass: Cold: 4.695921ms GPU, 4.700746ms CPU, 12.62s total GPU, 12.73s total wall, 2688x 
Run:  [8/18] create_structs [Device=0 NumRows=2^18 Depth=16 Nulls=0]
Pass: Cold: 97.888899ms GPU, 97.893408ms CPU, 1.08s total GPU, 1.08s total wall, 11x 
Run:  [9/18] create_structs [Device=0 NumRows=2^26 Depth=16 Nulls=0]
Warn: Current measurement timed out (24.49s) while over noise threshold (inf% > 0.50%)
Warn: Current measurement timed out (24.49s) before accumulating min_samples (1 < 10)
Pass: Cold: 24487.119141ms GPU, 24486.804020ms CPU, 24.49s total GPU, 24.49s total wall, 1x 
Run:  [10/18] create_structs [Device=0 NumRows=2^10 Depth=1 Nulls=1]
Pass: Cold: 0.078610ms GPU, 0.083391ms CPU, 0.50s total GPU, 0.75s total wall, 6368x 
Run:  [11/18] create_structs [Device=0 NumRows=2^18 Depth=1 Nulls=1]
Pass: Cold: 8.794322ms GPU, 8.798991ms CPU, 13.23s total GPU, 13.28s total wall, 1504x 
Run:  [12/18] create_structs [Device=0 NumRows=2^26 Depth=1 Nulls=1]
Warn: Current measurement timed out (16.88s) before accumulating min_samples (7 < 10)
Pass: Cold: 2411.795236ms GPU, 2411.770292ms CPU, 16.88s total GPU, 16.88s total wall, 7x 
Run:  [13/18] create_structs [Device=0 NumRows=2^10 Depth=8 Nulls=1]
Pass: Cold: 1.317959ms GPU, 1.322745ms CPU, 3.27s total GPU, 3.36s total wall, 2480x 
Run:  [14/18] create_structs [Device=0 NumRows=2^18 Depth=8 Nulls=1]
Pass: Cold: 49.667566ms GPU, 49.672033ms CPU, 0.55s total GPU, 0.55s total wall, 11x 
Run:  [15/18] create_structs [Device=0 NumRows=2^26 Depth=8 Nulls=1]
Warn: Current measurement timed out (25.50s) while over noise threshold (inf% > 0.50%)
Warn: Current measurement timed out (25.50s) before accumulating min_samples (2 < 10)
Pass: Cold: 12751.545898ms GPU, 12751.382580ms CPU, 25.50s total GPU, 25.50s total wall, 2x 
Run:  [16/18] create_structs [Device=0 NumRows=2^10 Depth=16 Nulls=1]
Pass: Cold: 4.720620ms GPU, 4.725253ms CPU, 0.50s total GPU, 0.50s total wall, 106x 
Run:  [17/18] create_structs [Device=0 NumRows=2^18 Depth=16 Nulls=1]
Pass: Cold: 98.342856ms GPU, 98.346611ms CPU, 2.46s total GPU, 2.46s total wall, 25x 
Run:  [18/18] create_structs [Device=0 NumRows=2^26 Depth=16 Nulls=1]
Warn: Current measurement timed out (24.55s) while over noise threshold (inf% > 0.50%)
Warn: Current measurement timed out (24.55s) before accumulating min_samples (1 < 10)
Pass: Cold: 24549.912109ms GPU, 24549.593041ms CPU, 24.55s total GPU, 24.55s total wall, 1x 
```

# Benchmark Results

## create_structs

### [0] Tesla T4

|     NumRows     | Depth | Nulls | Samples | CPU Time  | Noise  | GPU Time  | Noise |
|-----------------|-------|-------|---------|-----------|--------|-----------|-------|
|     2^10 = 1024 |     1 |     0 |  10432x | 52.843 us | 12.43% | 47.966 us | 7.07% |
|   2^18 = 262144 |     1 |     0 |     60x |  8.354 ms |  0.19% |  8.348 ms | 0.18% |
| 2^26 = 67108864 |     1 |     0 |      7x |   2.307 s |  0.16% |   2.307 s | 0.16% |
|     2^10 = 1024 |     8 |     0 |    880x |  1.290 ms |  0.90% |  1.285 ms | 0.81% |
|   2^18 = 262144 |     8 |     0 |     11x | 49.237 ms |  0.17% | 49.233 ms | 0.17% |
| 2^26 = 67108864 |     8 |     0 |      2x |  12.625 s |   inf% |  12.625 s |  inf% |
|     2^10 = 1024 |    16 |     0 |   2688x |  4.701 ms |  2.20% |  4.696 ms | 2.20% |
|   2^18 = 262144 |    16 |     0 |     11x | 97.893 ms |  0.07% | 97.889 ms | 0.07% |
| 2^26 = 67108864 |    16 |     0 |      1x |  24.487 s |   inf% |  24.487 s |  inf% |
|     2^10 = 1024 |     1 |     1 |   6368x | 83.391 us |  7.27% | 78.610 us | 3.96% |
|   2^18 = 262144 |     1 |     1 |   1504x |  8.799 ms |  2.74% |  8.794 ms | 2.74% |
| 2^26 = 67108864 |     1 |     1 |      7x |   2.412 s |  0.17% |   2.412 s | 0.17% |
|     2^10 = 1024 |     8 |     1 |   2480x |  1.323 ms |  1.83% |  1.318 ms | 1.79% |
|   2^18 = 262144 |     8 |     1 |     11x | 49.672 ms |  0.08% | 49.668 ms | 0.08% |
| 2^26 = 67108864 |     8 |     1 |      2x |  12.751 s |   inf% |  12.752 s |  inf% |
|     2^10 = 1024 |    16 |     1 |    106x |  4.725 ms |  0.35% |  4.721 ms | 0.33% |
|   2^18 = 262144 |    16 |     1 |     25x | 98.347 ms |  0.49% | 98.343 ms | 0.49% |
| 2^26 = 67108864 |    16 |     1 |      1x |  24.550 s |   inf% |  24.550 s |  inf% |
