RMM memory resource = pool
CUIO host memory resource = pinned_pool
# Devices

## [0] `Tesla T4`
* SM Version: 750 (PTX Version: 750)
* Number of SMs: 40
* SM Default Clock Rate: 1590 MHz
* Global Memory: 7206 MiB Free / 14913 MiB Total
* Global Memory Bus Peak: 320 GB/sec (256-bit DDR @5001MHz)
* Max Shared Memory: 64 KiB/SM, 48 KiB/Block
* L2 Cache Size: 4096 KiB
* Maximum Active Blocks: 16/SM
* Maximum Active Threads: 1024/SM, 1024/Block
* Available Registers: 65536/SM, 65536/Block
* ECC Enabled: Yes

# Log

```
Run:  [1/292] rank_lists [Device=0 T=AVERAGE size_bytes=2^10 depth=1 null_frequency=0]
Pass: Cold: 0.867839ms GPU, 0.871744ms CPU, 0.75s total GPU, 0.78s total wall, 864x 
Run:  [2/292] rank_lists [Device=0 T=AVERAGE size_bytes=2^18 depth=1 null_frequency=0]
Pass: Cold: 2.379764ms GPU, 2.383394ms CPU, 0.50s total GPU, 0.51s total wall, 211x 
Run:  [3/292] rank_lists [Device=0 T=AVERAGE size_bytes=2^24 depth=1 null_frequency=0]
Pass: Cold: 91.409301ms GPU, 91.411423ms CPU, 1.01s total GPU, 1.01s total wall, 11x 
Run:  [4/292] rank_lists [Device=0 T=AVERAGE size_bytes=2^28 depth=1 null_frequency=0]
Warn: Current measurement timed out (15.95s) before accumulating min_samples (7 < 10)
Pass: Cold: 2278.249477ms GPU, 2278.229000ms CPU, 15.95s total GPU, 15.95s total wall, 7x 
Run:  [5/292] rank_lists [Device=0 T=AVERAGE size_bytes=2^10 depth=4 null_frequency=0]
Pass: Cold: 5.786781ms GPU, 5.790395ms CPU, 14.72s total GPU, 14.81s total wall, 2544x 
Run:  [6/292] rank_lists [Device=0 T=AVERAGE size_bytes=2^18 depth=4 null_frequency=0]
Pass: Cold: 2.174998ms GPU, 2.178667ms CPU, 4.04s total GPU, 4.10s total wall, 1856x 
Run:  [7/292] rank_lists [Device=0 T=AVERAGE size_bytes=2^24 depth=4 null_frequency=0]
Pass: Cold: 9.789056ms GPU, 9.792535ms CPU, 0.51s total GPU, 0.51s total wall, 52x 
Run:  [8/292] rank_lists [Device=0 T=AVERAGE size_bytes=2^28 depth=4 null_frequency=0]
Pass: Cold: 215.058599ms GPU, 215.060332ms CPU, 2.37s total GPU, 2.37s total wall, 11x 
Run:  [9/292] rank_lists [Device=0 T=AVERAGE size_bytes=2^10 depth=1 null_frequency=0.2]
Pass: Cold: 0.645551ms GPU, 0.649202ms CPU, 0.85s total GPU, 0.89s total wall, 1312x 
Run:  [10/292] rank_lists [Device=0 T=AVERAGE size_bytes=2^18 depth=1 null_frequency=0.2]
Pass: Cold: 2.550655ms GPU, 2.554321ms CPU, 2.45s total GPU, 2.48s total wall, 960x 
Run:  [11/292] rank_lists [Device=0 T=AVERAGE size_bytes=2^24 depth=1 null_frequency=0.2]
Pass: Cold: 179.564450ms GPU, 179.566313ms CPU, 2.69s total GPU, 2.69s total wall, 15x 
Run:  [12/292] rank_lists [Device=0 T=AVERAGE size_bytes=2^28 depth=1 null_frequency=0.2]
Warn: Current measurement timed out (15.03s) before accumulating min_samples (8 < 10)
Pass: Cold: 1878.485352ms GPU, 1878.467546ms CPU, 15.03s total GPU, 15.03s total wall, 8x 
Run:  [13/292] rank_lists [Device=0 T=AVERAGE size_bytes=2^10 depth=4 null_frequency=0.2]
Pass: Cold: 1.806938ms GPU, 1.810660ms CPU, 4.77s total GPU, 4.86s total wall, 2640x 
Run:  [14/292] rank_lists [Device=0 T=AVERAGE size_bytes=2^18 depth=4 null_frequency=0.2]
Pass: Cold: 2.624596ms GPU, 2.628288ms CPU, 0.50s total GPU, 0.51s total wall, 191x 
Run:  [15/292] rank_lists [Device=0 T=AVERAGE size_bytes=2^24 depth=4 null_frequency=0.2]
Pass: Cold: 12.339571ms GPU, 12.343231ms CPU, 0.51s total GPU, 0.51s total wall, 41x 
Run:  [16/292] rank_lists [Device=0 T=AVERAGE size_bytes=2^28 depth=4 null_frequency=0.2]
Pass: Cold: 289.679798ms GPU, 289.680915ms CPU, 3.19s total GPU, 3.19s total wall, 11x 
Run:  [17/292] rank_lists [Device=0 T=DENSE size_bytes=2^10 depth=1 null_frequency=0]
Pass: Cold: 0.714867ms GPU, 0.718572ms CPU, 1.02s total GPU, 1.06s total wall, 1424x 
Run:  [18/292] rank_lists [Device=0 T=DENSE size_bytes=2^18 depth=1 null_frequency=0]
Pass: Cold: 2.326822ms GPU, 2.330439ms CPU, 0.50s total GPU, 0.51s total wall, 215x 
Run:  [19/292] rank_lists [Device=0 T=DENSE size_bytes=2^24 depth=1 null_frequency=0]
Pass: Cold: 91.454915ms GPU, 91.457926ms CPU, 1.01s total GPU, 1.01s total wall, 11x 
Run:  [20/292] rank_lists [Device=0 T=DENSE size_bytes=2^28 depth=1 null_frequency=0]
Warn: Current measurement timed out (15.93s) before accumulating min_samples (7 < 10)
Pass: Cold: 2275.552420ms GPU, 2275.531528ms CPU, 15.93s total GPU, 15.93s total wall, 7x 
Run:  [21/292] rank_lists [Device=0 T=DENSE size_bytes=2^10 depth=4 null_frequency=0]
Pass: Cold: 5.767115ms GPU, 5.770858ms CPU, 10.70s total GPU, 10.77s total wall, 1856x 
Run:  [22/292] rank_lists [Device=0 T=DENSE size_bytes=2^18 depth=4 null_frequency=0]
Pass: Cold: 2.113420ms GPU, 2.117069ms CPU, 0.50s total GPU, 0.51s total wall, 237x 
Run:  [23/292] rank_lists [Device=0 T=DENSE size_bytes=2^24 depth=4 null_frequency=0]
Pass: Cold: 9.752935ms GPU, 9.756603ms CPU, 0.51s total GPU, 0.51s total wall, 52x 
Run:  [24/292] rank_lists [Device=0 T=DENSE size_bytes=2^28 depth=4 null_frequency=0]
Pass: Cold: 214.611689ms GPU, 214.613221ms CPU, 2.36s total GPU, 2.36s total wall, 11x 
Run:  [25/292] rank_lists [Device=0 T=DENSE size_bytes=2^10 depth=1 null_frequency=0.2]
Pass: Cold: 0.622437ms GPU, 0.626142ms CPU, 1.39s total GPU, 1.47s total wall, 2240x 
Run:  [26/292] rank_lists [Device=0 T=DENSE size_bytes=2^18 depth=1 null_frequency=0.2]
Pass: Cold: 2.552896ms GPU, 2.556666ms CPU, 0.50s total GPU, 0.51s total wall, 196x 
Run:  [27/292] rank_lists [Device=0 T=DENSE size_bytes=2^24 depth=1 null_frequency=0.2]
Warn: Current measurement timed out (15.07s) while over noise threshold (0.61% > 0.50%)
Pass: Cold: 179.392931ms GPU, 179.395159ms CPU, 15.07s total GPU, 15.07s total wall, 84x 
Run:  [28/292] rank_lists [Device=0 T=DENSE size_bytes=2^28 depth=1 null_frequency=0.2]
Warn: Current measurement timed out (16.83s) before accumulating min_samples (9 < 10)
Pass: Cold: 1870.150689ms GPU, 1870.133879ms CPU, 16.83s total GPU, 16.83s total wall, 9x 
Run:  [29/292] rank_lists [Device=0 T=DENSE size_bytes=2^10 depth=4 null_frequency=0.2]
Pass: Cold: 1.781996ms GPU, 1.785692ms CPU, 5.19s total GPU, 5.29s total wall, 2912x 
Run:  [30/292] rank_lists [Device=0 T=DENSE size_bytes=2^18 depth=4 null_frequency=0.2]
Pass: Cold: 2.567499ms GPU, 2.571184ms CPU, 4.31s total GPU, 4.37s total wall, 1680x 
Run:  [31/292] rank_lists [Device=0 T=DENSE size_bytes=2^24 depth=4 null_frequency=0.2]
Pass: Cold: 12.340980ms GPU, 12.344509ms CPU, 0.51s total GPU, 0.51s total wall, 41x 
Run:  [32/292] rank_lists [Device=0 T=DENSE size_bytes=2^28 depth=4 null_frequency=0.2]
Pass: Cold: 288.397236ms GPU, 288.398072ms CPU, 3.17s total GPU, 3.17s total wall, 11x 
Run:  [33/292] rank_lists [Device=0 T=FIRST size_bytes=2^10 depth=1 null_frequency=0]
Pass: Cold: 0.672634ms GPU, 0.676381ms CPU, 1.59s total GPU, 1.67s total wall, 2368x 
Run:  [34/292] rank_lists [Device=0 T=FIRST size_bytes=2^18 depth=1 null_frequency=0]
Pass: Cold: 2.281097ms GPU, 2.284857ms CPU, 6.10s total GPU, 6.19s total wall, 2672x 
Run:  [35/292] rank_lists [Device=0 T=FIRST size_bytes=2^24 depth=1 null_frequency=0]
Pass: Cold: 90.690188ms GPU, 90.693198ms CPU, 1.00s total GPU, 1.00s total wall, 11x 
Run:  [36/292] rank_lists [Device=0 T=FIRST size_bytes=2^28 depth=1 null_frequency=0]
Warn: Current measurement timed out (15.78s) before accumulating min_samples (7 < 10)
Pass: Cold: 2254.038016ms GPU, 2254.018177ms CPU, 15.78s total GPU, 15.78s total wall, 7x 
Run:  [37/292] rank_lists [Device=0 T=FIRST size_bytes=2^10 depth=4 null_frequency=0]
Pass: Cold: 5.707259ms GPU, 5.710950ms CPU, 12.05s total GPU, 12.13s total wall, 2112x 
Run:  [38/292] rank_lists [Device=0 T=FIRST size_bytes=2^18 depth=4 null_frequency=0]
Pass: Cold: 2.048584ms GPU, 2.052304ms CPU, 0.50s total GPU, 0.51s total wall, 245x 
Run:  [39/292] rank_lists [Device=0 T=FIRST size_bytes=2^24 depth=4 null_frequency=0]
Pass: Cold: 9.666279ms GPU, 9.669877ms CPU, 0.50s total GPU, 0.50s total wall, 52x 
Run:  [40/292] rank_lists [Device=0 T=FIRST size_bytes=2^28 depth=4 null_frequency=0]
Pass: Cold: 213.539642ms GPU, 213.541531ms CPU, 2.35s total GPU, 2.35s total wall, 11x 
Run:  [41/292] rank_lists [Device=0 T=FIRST size_bytes=2^10 depth=1 null_frequency=0.2]
Pass: Cold: 0.556434ms GPU, 0.560168ms CPU, 1.12s total GPU, 1.19s total wall, 2016x 
Run:  [42/292] rank_lists [Device=0 T=FIRST size_bytes=2^18 depth=1 null_frequency=0.2]
Pass: Cold: 2.475712ms GPU, 2.479346ms CPU, 0.50s total GPU, 0.51s total wall, 202x 
Run:  [43/292] rank_lists [Device=0 T=FIRST size_bytes=2^24 depth=1 null_frequency=0.2]
Warn: Current measurement timed out (15.16s) while over noise threshold (0.70% > 0.50%)
Pass: Cold: 178.348692ms GPU, 178.350893ms CPU, 15.16s total GPU, 15.16s total wall, 85x 
Run:  [44/292] rank_lists [Device=0 T=FIRST size_bytes=2^28 depth=1 null_frequency=0.2]
Warn: Current measurement timed out (16.56s) before accumulating min_samples (9 < 10)
Pass: Cold: 1840.434326ms GPU, 1840.418197ms CPU, 16.56s total GPU, 16.56s total wall, 9x 
Run:  [45/292] rank_lists [Device=0 T=FIRST size_bytes=2^10 depth=4 null_frequency=0.2]
Pass: Cold: 1.650944ms GPU, 1.654675ms CPU, 3.14s total GPU, 3.21s total wall, 1904x 
Run:  [46/292] rank_lists [Device=0 T=FIRST size_bytes=2^18 depth=4 null_frequency=0.2]
Pass: Cold: 2.383079ms GPU, 2.386841ms CPU, 0.50s total GPU, 0.51s total wall, 210x 
Run:  [47/292] rank_lists [Device=0 T=FIRST size_bytes=2^24 depth=4 null_frequency=0.2]
Pass: Cold: 12.092072ms GPU, 12.095688ms CPU, 0.51s total GPU, 0.51s total wall, 42x 
Run:  [48/292] rank_lists [Device=0 T=FIRST size_bytes=2^28 depth=4 null_frequency=0.2]
Pass: Cold: 285.921872ms GPU, 285.923233ms CPU, 3.15s total GPU, 3.15s total wall, 11x 
Run:  [49/292] rank_lists [Device=0 T=MAX size_bytes=2^10 depth=1 null_frequency=0]
Pass: Cold: 0.736310ms GPU, 0.740061ms CPU, 1.41s total GPU, 1.48s total wall, 1920x 
Run:  [50/292] rank_lists [Device=0 T=MAX size_bytes=2^18 depth=1 null_frequency=0]
Pass: Cold: 2.354035ms GPU, 2.357731ms CPU, 6.06s total GPU, 6.15s total wall, 2576x 
Run:  [51/292] rank_lists [Device=0 T=MAX size_bytes=2^24 depth=1 null_frequency=0]
Pass: Cold: 91.553589ms GPU, 91.556687ms CPU, 1.01s total GPU, 1.01s total wall, 11x 
Run:  [52/292] rank_lists [Device=0 T=MAX size_bytes=2^28 depth=1 null_frequency=0]
Warn: Current measurement timed out (15.93s) before accumulating min_samples (7 < 10)
Pass: Cold: 2275.985700ms GPU, 2275.965205ms CPU, 15.93s total GPU, 15.93s total wall, 7x 
Run:  [53/292] rank_lists [Device=0 T=MAX size_bytes=2^10 depth=4 null_frequency=0]
Pass: Cold: 5.790008ms GPU, 5.793663ms CPU, 11.30s total GPU, 11.37s total wall, 1952x 
Run:  [54/292] rank_lists [Device=0 T=MAX size_bytes=2^18 depth=4 null_frequency=0]
Pass: Cold: 2.139299ms GPU, 2.143031ms CPU, 1.20s total GPU, 1.22s total wall, 560x 
Run:  [55/292] rank_lists [Device=0 T=MAX size_bytes=2^24 depth=4 null_frequency=0]
Pass: Cold: 9.773197ms GPU, 9.777051ms CPU, 0.51s total GPU, 0.51s total wall, 52x 
Run:  [56/292] rank_lists [Device=0 T=MAX size_bytes=2^28 depth=4 null_frequency=0]
Pass: Cold: 214.638658ms GPU, 214.640277ms CPU, 2.36s total GPU, 2.36s total wall, 11x 
Run:  [57/292] rank_lists [Device=0 T=MAX size_bytes=2^10 depth=1 null_frequency=0.2]
Pass: Cold: 0.645179ms GPU, 0.648876ms CPU, 0.96s total GPU, 1.01s total wall, 1488x 
Run:  [58/292] rank_lists [Device=0 T=MAX size_bytes=2^18 depth=1 null_frequency=0.2]
Pass: Cold: 2.577886ms GPU, 2.581656ms CPU, 0.50s total GPU, 0.51s total wall, 194x 
Run:  [59/292] rank_lists [Device=0 T=MAX size_bytes=2^24 depth=1 null_frequency=0.2]
Warn: Current measurement timed out (15.05s) while over noise threshold (0.71% > 0.50%)
Pass: Cold: 179.133942ms GPU, 179.135928ms CPU, 15.05s total GPU, 15.05s total wall, 84x 
Run:  [60/292] rank_lists [Device=0 T=MAX size_bytes=2^28 depth=1 null_frequency=0.2]
Warn: Current measurement timed out (16.84s) before accumulating min_samples (9 < 10)
Pass: Cold: 1870.619425ms GPU, 1870.603310ms CPU, 16.84s total GPU, 16.84s total wall, 9x 
Run:  [61/292] rank_lists [Device=0 T=MAX size_bytes=2^10 depth=4 null_frequency=0.2]
Pass: Cold: 1.806157ms GPU, 1.809874ms CPU, 5.00s total GPU, 5.10s total wall, 2768x 
Run:  [62/292] rank_lists [Device=0 T=MAX size_bytes=2^18 depth=4 null_frequency=0.2]
Pass: Cold: 2.592543ms GPU, 2.596253ms CPU, 4.36s total GPU, 4.41s total wall, 1680x 
Run:  [63/292] rank_lists [Device=0 T=MAX size_bytes=2^24 depth=4 null_frequency=0.2]
Pass: Cold: 12.363703ms GPU, 12.367297ms CPU, 0.51s total GPU, 0.51s total wall, 41x 
Run:  [64/292] rank_lists [Device=0 T=MAX size_bytes=2^28 depth=4 null_frequency=0.2]
Pass: Cold: 288.521579ms GPU, 288.522476ms CPU, 3.17s total GPU, 3.17s total wall, 11x 
Run:  [65/292] rank_lists [Device=0 T=MIN size_bytes=2^10 depth=1 null_frequency=0]
Pass: Cold: 0.735687ms GPU, 0.739421ms CPU, 1.57s total GPU, 1.64s total wall, 2128x 
Run:  [66/292] rank_lists [Device=0 T=MIN size_bytes=2^18 depth=1 null_frequency=0]
Pass: Cold: 2.352849ms GPU, 2.356565ms CPU, 1.20s total GPU, 1.22s total wall, 512x 
Run:  [67/292] rank_lists [Device=0 T=MIN size_bytes=2^24 depth=1 null_frequency=0]
Pass: Cold: 91.531935ms GPU, 91.535049ms CPU, 1.01s total GPU, 1.01s total wall, 11x 
Run:  [68/292] rank_lists [Device=0 T=MIN size_bytes=2^28 depth=1 null_frequency=0]
Warn: Current measurement timed out (15.93s) before accumulating min_samples (7 < 10)
Pass: Cold: 2276.006069ms GPU, 2275.985404ms CPU, 15.93s total GPU, 15.93s total wall, 7x 
Run:  [69/292] rank_lists [Device=0 T=MIN size_bytes=2^10 depth=4 null_frequency=0]
Pass: Cold: 5.787930ms GPU, 5.791615ms CPU, 14.17s total GPU, 14.25s total wall, 2448x 
Run:  [70/292] rank_lists [Device=0 T=MIN size_bytes=2^18 depth=4 null_frequency=0]
Pass: Cold: 2.135676ms GPU, 2.139330ms CPU, 1.98s total GPU, 2.01s total wall, 928x 
Run:  [71/292] rank_lists [Device=0 T=MIN size_bytes=2^24 depth=4 null_frequency=0]
Pass: Cold: 9.780127ms GPU, 9.783702ms CPU, 0.51s total GPU, 0.51s total wall, 52x 
Run:  [72/292] rank_lists [Device=0 T=MIN size_bytes=2^28 depth=4 null_frequency=0]
Pass: Cold: 214.678385ms GPU, 214.680332ms CPU, 2.36s total GPU, 2.36s total wall, 11x 
Run:  [73/292] rank_lists [Device=0 T=MIN size_bytes=2^10 depth=1 null_frequency=0.2]
Pass: Cold: 0.645421ms GPU, 0.649119ms CPU, 0.89s total GPU, 0.93s total wall, 1376x 
Run:  [74/292] rank_lists [Device=0 T=MIN size_bytes=2^18 depth=1 null_frequency=0.2]
Pass: Cold: 2.575783ms GPU, 2.579404ms CPU, 1.91s total GPU, 1.94s total wall, 743x 
Run:  [75/292] rank_lists [Device=0 T=MIN size_bytes=2^24 depth=1 null_frequency=0.2]
Warn: Current measurement timed out (15.07s) while over noise threshold (0.66% > 0.50%)
Pass: Cold: 179.374160ms GPU, 179.376211ms CPU, 15.07s total GPU, 15.07s total wall, 84x 
Run:  [76/292] rank_lists [Device=0 T=MIN size_bytes=2^28 depth=1 null_frequency=0.2]
Warn: Current measurement timed out (16.84s) before accumulating min_samples (9 < 10)
Pass: Cold: 1870.631131ms GPU, 1870.613571ms CPU, 16.84s total GPU, 16.84s total wall, 9x 
Run:  [77/292] rank_lists [Device=0 T=MIN size_bytes=2^10 depth=4 null_frequency=0.2]
Pass: Cold: 1.803923ms GPU, 1.807597ms CPU, 3.20s total GPU, 3.26s total wall, 1776x 
Run:  [78/292] rank_lists [Device=0 T=MIN size_bytes=2^18 depth=4 null_frequency=0.2]
Pass: Cold: 2.586494ms GPU, 2.590198ms CPU, 0.50s total GPU, 0.51s total wall, 194x 
Run:  [79/292] rank_lists [Device=0 T=MIN size_bytes=2^24 depth=4 null_frequency=0.2]
Pass: Cold: 12.365532ms GPU, 12.369088ms CPU, 0.51s total GPU, 0.51s total wall, 41x 
Run:  [80/292] rank_lists [Device=0 T=MIN size_bytes=2^28 depth=4 null_frequency=0.2]
Pass: Cold: 288.577945ms GPU, 288.578978ms CPU, 3.17s total GPU, 3.17s total wall, 11x 
Run:  [81/292] rank_structs [Device=0 T=AVERAGE NumRows=2^10 Depth=0 Nulls=0]
Pass: Cold: 0.123653ms GPU, 0.127332ms CPU, 0.50s total GPU, 0.64s total wall, 4048x 
Run:  [82/292] rank_structs [Device=0 T=AVERAGE NumRows=2^18 Depth=0 Nulls=0]
Pass: Cold: 0.307359ms GPU, 0.311133ms CPU, 0.67s total GPU, 0.74s total wall, 2176x 
Run:  [83/292] rank_structs [Device=0 T=AVERAGE NumRows=2^26 Depth=0 Nulls=0]
Pass: Cold: 135.699113ms GPU, 135.701570ms CPU, 1.49s total GPU, 1.49s total wall, 11x 
Run:  [84/292] rank_structs [Device=0 T=AVERAGE NumRows=2^10 Depth=1 Nulls=0]
Pass: Cold: 0.494418ms GPU, 0.498181ms CPU, 0.51s total GPU, 0.54s total wall, 1024x 
Run:  [85/292] rank_structs [Device=0 T=AVERAGE NumRows=2^18 Depth=1 Nulls=0]
Pass: Cold: 2.214111ms GPU, 2.217908ms CPU, 2.98s total GPU, 3.02s total wall, 1344x 
Run:  [86/292] rank_structs [Device=0 T=AVERAGE NumRows=2^26 Depth=1 Nulls=0]
Pass: Cold: 757.038258ms GPU, 757.034209ms CPU, 8.33s total GPU, 8.33s total wall, 11x 
Run:  [87/292] rank_structs [Device=0 T=AVERAGE NumRows=2^10 Depth=8 Nulls=0]
Pass: Cold: 1.097465ms GPU, 1.101121ms CPU, 0.56s total GPU, 0.58s total wall, 512x 
Run:  [88/292] rank_structs [Device=0 T=AVERAGE NumRows=2^18 Depth=8 Nulls=0]
Pass: Cold: 4.500148ms GPU, 4.503790ms CPU, 5.54s total GPU, 5.59s total wall, 1232x 
Run:  [89/292] rank_structs [Device=0 T=AVERAGE NumRows=2^26 Depth=8 Nulls=0]
Pass: Cold: 1331.965088ms GPU, 1331.954123ms CPU, 14.65s total GPU, 14.65s total wall, 11x 
Run:  [90/292] rank_structs [Device=0 T=AVERAGE NumRows=2^10 Depth=0 Nulls=1]
Pass: Cold: 0.195453ms GPU, 0.199132ms CPU, 0.50s total GPU, 0.58s total wall, 2560x 
Run:  [91/292] rank_structs [Device=0 T=AVERAGE NumRows=2^18 Depth=0 Nulls=1]
Pass: Cold: 0.619183ms GPU, 0.622869ms CPU, 0.53s total GPU, 0.56s total wall, 864x 
Run:  [92/292] rank_structs [Device=0 T=AVERAGE NumRows=2^26 Depth=0 Nulls=1]
Pass: Cold: 266.254081ms GPU, 266.255108ms CPU, 2.93s total GPU, 2.93s total wall, 11x 
Run:  [93/292] rank_structs [Device=0 T=AVERAGE NumRows=2^10 Depth=1 Nulls=1]
Pass: Cold: 0.508080ms GPU, 0.511834ms CPU, 0.57s total GPU, 0.60s total wall, 1120x 
Run:  [94/292] rank_structs [Device=0 T=AVERAGE NumRows=2^18 Depth=1 Nulls=1]
Pass: Cold: 2.209534ms GPU, 2.213368ms CPU, 4.14s total GPU, 4.20s total wall, 1872x 
Run:  [95/292] rank_structs [Device=0 T=AVERAGE NumRows=2^26 Depth=1 Nulls=1]
Pass: Cold: 747.808671ms GPU, 747.804379ms CPU, 8.23s total GPU, 8.23s total wall, 11x 
Run:  [96/292] rank_structs [Device=0 T=AVERAGE NumRows=2^10 Depth=8 Nulls=1]
Pass: Cold: 1.111670ms GPU, 1.115374ms CPU, 0.60s total GPU, 0.62s total wall, 544x 
Run:  [97/292] rank_structs [Device=0 T=AVERAGE NumRows=2^18 Depth=8 Nulls=1]
Pass: Cold: 4.479642ms GPU, 4.483289ms CPU, 3.44s total GPU, 3.47s total wall, 768x 
Run:  [98/292] rank_structs [Device=0 T=AVERAGE NumRows=2^26 Depth=8 Nulls=1]
Pass: Cold: 1316.354070ms GPU, 1316.342887ms CPU, 14.48s total GPU, 14.48s total wall, 11x 
Run:  [99/292] rank_structs [Device=0 T=DENSE NumRows=2^10 Depth=0 Nulls=0]
Pass: Cold: 0.099312ms GPU, 0.102976ms CPU, 0.50s total GPU, 0.67s total wall, 5040x 
Run:  [100/292] rank_structs [Device=0 T=DENSE NumRows=2^18 Depth=0 Nulls=0]
Pass: Cold: 0.257694ms GPU, 0.261545ms CPU, 0.50s total GPU, 0.57s total wall, 1952x 
Run:  [101/292] rank_structs [Device=0 T=DENSE NumRows=2^26 Depth=0 Nulls=0]
Pass: Cold: 124.498691ms GPU, 124.501220ms CPU, 1.37s total GPU, 1.37s total wall, 11x 
Run:  [102/292] rank_structs [Device=0 T=DENSE NumRows=2^10 Depth=1 Nulls=0]
Pass: Cold: 0.470722ms GPU, 0.474475ms CPU, 1.06s total GPU, 1.14s total wall, 2256x 
Run:  [103/292] rank_structs [Device=0 T=DENSE NumRows=2^18 Depth=1 Nulls=0]
Pass: Cold: 2.176631ms GPU, 2.180496ms CPU, 3.90s total GPU, 3.96s total wall, 1792x 
Run:  [104/292] rank_structs [Device=0 T=DENSE NumRows=2^26 Depth=1 Nulls=0]
Pass: Cold: 744.501626ms GPU, 744.497349ms CPU, 8.19s total GPU, 8.19s total wall, 11x 
Run:  [105/292] rank_structs [Device=0 T=DENSE NumRows=2^10 Depth=8 Nulls=0]
Pass: Cold: 1.075771ms GPU, 1.079519ms CPU, 2.31s total GPU, 2.38s total wall, 2144x 
Run:  [106/292] rank_structs [Device=0 T=DENSE NumRows=2^18 Depth=8 Nulls=0]
Pass: Cold: 4.490555ms GPU, 4.494275ms CPU, 4.24s total GPU, 4.27s total wall, 944x 
Run:  [107/292] rank_structs [Device=0 T=DENSE NumRows=2^26 Depth=8 Nulls=0]
Pass: Cold: 1318.023371ms GPU, 1318.012143ms CPU, 14.50s total GPU, 14.50s total wall, 11x 
Run:  [108/292] rank_structs [Device=0 T=DENSE NumRows=2^10 Depth=0 Nulls=1]
Pass: Cold: 0.170546ms GPU, 0.174352ms CPU, 0.50s total GPU, 0.60s total wall, 2944x 
Run:  [109/292] rank_structs [Device=0 T=DENSE NumRows=2^18 Depth=0 Nulls=1]
Pass: Cold: 0.573423ms GPU, 0.577238ms CPU, 0.50s total GPU, 0.53s total wall, 880x 
Run:  [110/292] rank_structs [Device=0 T=DENSE NumRows=2^26 Depth=0 Nulls=1]
Pass: Cold: 254.244568ms GPU, 254.245823ms CPU, 2.80s total GPU, 2.80s total wall, 11x 
Run:  [111/292] rank_structs [Device=0 T=DENSE NumRows=2^10 Depth=1 Nulls=1]
Pass: Cold: 0.484952ms GPU, 0.488721ms CPU, 1.04s total GPU, 1.11s total wall, 2144x 
Run:  [112/292] rank_structs [Device=0 T=DENSE NumRows=2^18 Depth=1 Nulls=1]
Pass: Cold: 2.161864ms GPU, 2.165679ms CPU, 3.15s total GPU, 3.20s total wall, 1456x 
Run:  [113/292] rank_structs [Device=0 T=DENSE NumRows=2^26 Depth=1 Nulls=1]
Pass: Cold: 735.490190ms GPU, 735.486008ms CPU, 8.09s total GPU, 8.09s total wall, 11x 
Run:  [114/292] rank_structs [Device=0 T=DENSE NumRows=2^10 Depth=8 Nulls=1]
Pass: Cold: 1.088592ms GPU, 1.092249ms CPU, 0.61s total GPU, 0.63s total wall, 560x 
Run:  [115/292] rank_structs [Device=0 T=DENSE NumRows=2^18 Depth=8 Nulls=1]
Pass: Cold: 4.467079ms GPU, 4.470813ms CPU, 5.07s total GPU, 5.11s total wall, 1136x 
Run:  [116/292] rank_structs [Device=0 T=DENSE NumRows=2^26 Depth=8 Nulls=1]
Pass: Cold: 1304.029830ms GPU, 1304.019310ms CPU, 14.34s total GPU, 14.34s total wall, 11x 
Run:  [117/292] rank_structs [Device=0 T=FIRST NumRows=2^10 Depth=0 Nulls=0]
Pass: Cold: 0.063873ms GPU, 0.067616ms CPU, 0.50s total GPU, 0.79s total wall, 7840x 
Run:  [118/292] rank_structs [Device=0 T=FIRST NumRows=2^18 Depth=0 Nulls=0]
Pass: Cold: 0.203418ms GPU, 0.207160ms CPU, 0.50s total GPU, 0.58s total wall, 2464x 
Run:  [119/292] rank_structs [Device=0 T=FIRST NumRows=2^26 Depth=0 Nulls=0]
Pass: Cold: 98.047616ms GPU, 98.050536ms CPU, 1.08s total GPU, 1.08s total wall, 11x 
Run:  [120/292] rank_structs [Device=0 T=FIRST NumRows=2^10 Depth=1 Nulls=0]
Pass: Cold: 0.391412ms GPU, 0.395201ms CPU, 0.50s total GPU, 0.54s total wall, 1280x 
Run:  [121/292] rank_structs [Device=0 T=FIRST NumRows=2^18 Depth=1 Nulls=0]
Pass: Cold: 2.083775ms GPU, 2.087614ms CPU, 2.83s total GPU, 2.88s total wall, 1360x 
Run:  [122/292] rank_structs [Device=0 T=FIRST NumRows=2^26 Depth=1 Nulls=0]
Pass: Cold: 712.296032ms GPU, 712.292444ms CPU, 7.84s total GPU, 7.84s total wall, 11x 
Run:  [123/292] rank_structs [Device=0 T=FIRST NumRows=2^10 Depth=8 Nulls=0]
Pass: Cold: 0.707684ms GPU, 0.711440ms CPU, 0.53s total GPU, 0.56s total wall, 752x 
Run:  [124/292] rank_structs [Device=0 T=FIRST NumRows=2^18 Depth=8 Nulls=0]
Pass: Cold: 4.123406ms GPU, 4.127202ms CPU, 4.68s total GPU, 4.72s total wall, 1136x 
Run:  [125/292] rank_structs [Device=0 T=FIRST NumRows=2^26 Depth=8 Nulls=0]
Pass: Cold: 1259.715787ms GPU, 1259.705565ms CPU, 13.86s total GPU, 13.86s total wall, 11x 
Run:  [126/292] rank_structs [Device=0 T=FIRST NumRows=2^10 Depth=0 Nulls=1]
Pass: Cold: 0.134861ms GPU, 0.138511ms CPU, 0.50s total GPU, 0.63s total wall, 3712x 
Run:  [127/292] rank_structs [Device=0 T=FIRST NumRows=2^18 Depth=0 Nulls=1]
Pass: Cold: 0.525956ms GPU, 0.529758ms CPU, 0.72s total GPU, 0.76s total wall, 1360x 
Run:  [128/292] rank_structs [Device=0 T=FIRST NumRows=2^26 Depth=0 Nulls=1]
Pass: Cold: 227.255789ms GPU, 227.257349ms CPU, 2.50s total GPU, 2.50s total wall, 11x 
Run:  [129/292] rank_structs [Device=0 T=FIRST NumRows=2^10 Depth=1 Nulls=1]
Pass: Cold: 0.406279ms GPU, 0.410059ms CPU, 0.50s total GPU, 0.54s total wall, 1232x 
Run:  [130/292] rank_structs [Device=0 T=FIRST NumRows=2^18 Depth=1 Nulls=1]
Pass: Cold: 2.070526ms GPU, 2.074463ms CPU, 2.72s total GPU, 2.76s total wall, 1312x 
Run:  [131/292] rank_structs [Device=0 T=FIRST NumRows=2^26 Depth=1 Nulls=1]
Pass: Cold: 705.184160ms GPU, 705.180805ms CPU, 7.76s total GPU, 7.76s total wall, 11x 
Run:  [132/292] rank_structs [Device=0 T=FIRST NumRows=2^10 Depth=8 Nulls=1]
Pass: Cold: 0.720833ms GPU, 0.724529ms CPU, 1.03s total GPU, 1.07s total wall, 1424x 
Run:  [133/292] rank_structs [Device=0 T=FIRST NumRows=2^18 Depth=8 Nulls=1]
Pass: Cold: 4.096898ms GPU, 4.100667ms CPU, 5.31s total GPU, 5.35s total wall, 1296x 
Run:  [134/292] rank_structs [Device=0 T=FIRST NumRows=2^26 Depth=8 Nulls=1]
Pass: Cold: 1245.550715ms GPU, 1245.540990ms CPU, 13.70s total GPU, 13.70s total wall, 11x 
Run:  [135/292] rank_structs [Device=0 T=MAX NumRows=2^10 Depth=0 Nulls=0]
Pass: Cold: 0.122357ms GPU, 0.126144ms CPU, 0.50s total GPU, 0.64s total wall, 4096x 
Run:  [136/292] rank_structs [Device=0 T=MAX NumRows=2^18 Depth=0 Nulls=0]
Pass: Cold: 0.286749ms GPU, 0.290552ms CPU, 0.57s total GPU, 0.64s total wall, 2000x 
Run:  [137/292] rank_structs [Device=0 T=MAX NumRows=2^26 Depth=0 Nulls=0]
Pass: Cold: 126.216634ms GPU, 126.219241ms CPU, 1.39s total GPU, 1.39s total wall, 11x 
Run:  [138/292] rank_structs [Device=0 T=MAX NumRows=2^10 Depth=1 Nulls=0]
Pass: Cold: 0.494649ms GPU, 0.498493ms CPU, 0.51s total GPU, 0.54s total wall, 1024x 
Run:  [139/292] rank_structs [Device=0 T=MAX NumRows=2^18 Depth=1 Nulls=0]
Pass: Cold: 2.200430ms GPU, 2.204246ms CPU, 2.99s total GPU, 3.04s total wall, 1360x 
Run:  [140/292] rank_structs [Device=0 T=MAX NumRows=2^26 Depth=1 Nulls=0]
Pass: Cold: 746.437494ms GPU, 746.433691ms CPU, 8.21s total GPU, 8.21s total wall, 11x 
Run:  [141/292] rank_structs [Device=0 T=MAX NumRows=2^10 Depth=8 Nulls=0]
Pass: Cold: 1.101024ms GPU, 1.104808ms CPU, 0.51s total GPU, 0.53s total wall, 464x 
Run:  [142/292] rank_structs [Device=0 T=MAX NumRows=2^18 Depth=8 Nulls=0]
Pass: Cold: 4.528715ms GPU, 4.532405ms CPU, 4.93s total GPU, 4.96s total wall, 1088x 
Run:  [143/292] rank_structs [Device=0 T=MAX NumRows=2^26 Depth=8 Nulls=0]
Pass: Cold: 1320.588157ms GPU, 1320.577322ms CPU, 14.53s total GPU, 14.53s total wall, 11x 
Run:  [144/292] rank_structs [Device=0 T=MAX NumRows=2^10 Depth=0 Nulls=1]
Pass: Cold: 0.194607ms GPU, 0.198320ms CPU, 0.50s total GPU, 0.59s total wall, 2576x 
Run:  [145/292] rank_structs [Device=0 T=MAX NumRows=2^18 Depth=0 Nulls=1]
Pass: Cold: 0.599388ms GPU, 0.603142ms CPU, 0.92s total GPU, 0.97s total wall, 1536x 
Run:  [146/292] rank_structs [Device=0 T=MAX NumRows=2^26 Depth=0 Nulls=1]
Pass: Cold: 256.281688ms GPU, 256.282903ms CPU, 2.82s total GPU, 2.82s total wall, 11x 
Run:  [147/292] rank_structs [Device=0 T=MAX NumRows=2^10 Depth=1 Nulls=1]
Pass: Cold: 0.508520ms GPU, 0.512288ms CPU, 0.50s total GPU, 0.54s total wall, 992x 
Run:  [148/292] rank_structs [Device=0 T=MAX NumRows=2^18 Depth=1 Nulls=1]
Pass: Cold: 2.185345ms GPU, 2.189153ms CPU, 3.08s total GPU, 3.12s total wall, 1408x 
Run:  [149/292] rank_structs [Device=0 T=MAX NumRows=2^26 Depth=1 Nulls=1]
Pass: Cold: 737.731956ms GPU, 737.728281ms CPU, 8.12s total GPU, 8.12s total wall, 11x 
Run:  [150/292] rank_structs [Device=0 T=MAX NumRows=2^10 Depth=8 Nulls=1]
Pass: Cold: 1.112058ms GPU, 1.115724ms CPU, 1.99s total GPU, 2.05s total wall, 1792x 
Run:  [151/292] rank_structs [Device=0 T=MAX NumRows=2^18 Depth=8 Nulls=1]
Pass: Cold: 4.493559ms GPU, 4.497259ms CPU, 6.11s total GPU, 6.16s total wall, 1360x 
Run:  [152/292] rank_structs [Device=0 T=MAX NumRows=2^26 Depth=8 Nulls=1]
Pass: Cold: 1306.179044ms GPU, 1306.168157ms CPU, 14.37s total GPU, 14.37s total wall, 11x 
Run:  [153/292] rank_structs [Device=0 T=MIN NumRows=2^10 Depth=0 Nulls=0]
Pass: Cold: 0.122466ms GPU, 0.126152ms CPU, 0.50s total GPU, 0.64s total wall, 4096x 
Run:  [154/292] rank_structs [Device=0 T=MIN NumRows=2^18 Depth=0 Nulls=0]
Pass: Cold: 0.285759ms GPU, 0.289576ms CPU, 0.50s total GPU, 0.56s total wall, 1760x 
Run:  [155/292] rank_structs [Device=0 T=MIN NumRows=2^26 Depth=0 Nulls=0]
Pass: Cold: 126.258111ms GPU, 126.260755ms CPU, 1.39s total GPU, 1.39s total wall, 11x 
Run:  [156/292] rank_structs [Device=0 T=MIN NumRows=2^10 Depth=1 Nulls=0]
Pass: Cold: 0.494854ms GPU, 0.498639ms CPU, 1.08s total GPU, 1.15s total wall, 2176x 
Run:  [157/292] rank_structs [Device=0 T=MIN NumRows=2^18 Depth=1 Nulls=0]
Pass: Cold: 2.199070ms GPU, 2.202892ms CPU, 2.89s total GPU, 2.93s total wall, 1312x 
Run:  [158/292] rank_structs [Device=0 T=MIN NumRows=2^26 Depth=1 Nulls=0]
Pass: Cold: 746.194713ms GPU, 746.190247ms CPU, 8.21s total GPU, 8.21s total wall, 11x 
Run:  [159/292] rank_structs [Device=0 T=MIN NumRows=2^10 Depth=8 Nulls=0]
Pass: Cold: 1.100233ms GPU, 1.103885ms CPU, 0.69s total GPU, 0.71s total wall, 624x 
Run:  [160/292] rank_structs [Device=0 T=MIN NumRows=2^18 Depth=8 Nulls=0]
Pass: Cold: 4.523739ms GPU, 4.527416ms CPU, 4.70s total GPU, 4.74s total wall, 1040x 
Run:  [161/292] rank_structs [Device=0 T=MIN NumRows=2^26 Depth=8 Nulls=0]
Pass: Cold: 1320.319558ms GPU, 1320.308832ms CPU, 14.52s total GPU, 14.52s total wall, 11x 
Run:  [162/292] rank_structs [Device=0 T=MIN NumRows=2^10 Depth=0 Nulls=1]
Pass: Cold: 0.194459ms GPU, 0.198164ms CPU, 0.50s total GPU, 0.59s total wall, 2576x 
Run:  [163/292] rank_structs [Device=0 T=MIN NumRows=2^18 Depth=0 Nulls=1]
Pass: Cold: 0.597749ms GPU, 0.601554ms CPU, 0.51s total GPU, 0.53s total wall, 848x 
Run:  [164/292] rank_structs [Device=0 T=MIN NumRows=2^26 Depth=0 Nulls=1]
Pass: Cold: 256.484421ms GPU, 256.485824ms CPU, 2.82s total GPU, 2.82s total wall, 11x 
Run:  [165/292] rank_structs [Device=0 T=MIN NumRows=2^10 Depth=1 Nulls=1]
Pass: Cold: 0.508878ms GPU, 0.512671ms CPU, 1.45s total GPU, 1.54s total wall, 2848x 
Run:  [166/292] rank_structs [Device=0 T=MIN NumRows=2^18 Depth=1 Nulls=1]
Pass: Cold: 2.184282ms GPU, 2.188062ms CPU, 2.97s total GPU, 3.02s total wall, 1360x 
Run:  [167/292] rank_structs [Device=0 T=MIN NumRows=2^26 Depth=1 Nulls=1]
Pass: Cold: 737.315224ms GPU, 737.311635ms CPU, 8.11s total GPU, 8.11s total wall, 11x 
Run:  [168/292] rank_structs [Device=0 T=MIN NumRows=2^10 Depth=8 Nulls=1]
Pass: Cold: 1.113897ms GPU, 1.117567ms CPU, 0.64s total GPU, 0.66s total wall, 576x 
Run:  [169/292] rank_structs [Device=0 T=MIN NumRows=2^18 Depth=8 Nulls=1]
Pass: Cold: 4.489057ms GPU, 4.492744ms CPU, 3.02s total GPU, 3.04s total wall, 672x 
Run:  [170/292] rank_structs [Device=0 T=MIN NumRows=2^26 Depth=8 Nulls=1]
Pass: Cold: 1305.640192ms GPU, 1305.629457ms CPU, 14.36s total GPU, 14.36s total wall, 11x 
Run:  [171/292] segmented_sort [Device=0 stable=0 size_bytes=2^16 null_frequency=0 row_width=16]
Pass: Cold: 0.064943ms GPU, 0.068700ms CPU, 0.50s total GPU, 0.78s total wall, 7712x 
Run:  [172/292] segmented_sort [Device=0 stable=1 size_bytes=2^16 null_frequency=0 row_width=16]
Pass: Cold: 0.064250ms GPU, 0.067994ms CPU, 0.50s total GPU, 0.78s total wall, 7792x 
Run:  [173/292] segmented_sort [Device=0 stable=0 size_bytes=2^18 null_frequency=0 row_width=16]
Pass: Cold: 0.095597ms GPU, 0.099410ms CPU, 0.50s total GPU, 0.68s total wall, 5232x 
Run:  [174/292] segmented_sort [Device=0 stable=1 size_bytes=2^18 null_frequency=0 row_width=16]
Pass: Cold: 0.096415ms GPU, 0.100230ms CPU, 0.50s total GPU, 0.68s total wall, 5200x 
Run:  [175/292] segmented_sort [Device=0 stable=0 size_bytes=2^20 null_frequency=0 row_width=16]
Pass: Cold: 0.217258ms GPU, 0.221246ms CPU, 0.50s total GPU, 0.58s total wall, 2304x 
Run:  [176/292] segmented_sort [Device=0 stable=1 size_bytes=2^20 null_frequency=0 row_width=16]
Pass: Cold: 0.218563ms GPU, 0.222507ms CPU, 0.50s total GPU, 0.58s total wall, 2288x 
Run:  [177/292] segmented_sort [Device=0 stable=0 size_bytes=2^22 null_frequency=0 row_width=16]
Pass: Cold: 0.710779ms GPU, 0.714997ms CPU, 1.06s total GPU, 1.11s total wall, 1488x 
Run:  [178/292] segmented_sort [Device=0 stable=1 size_bytes=2^22 null_frequency=0 row_width=16]
Pass: Cold: 0.710718ms GPU, 0.714889ms CPU, 0.68s total GPU, 0.71s total wall, 960x 
Run:  [179/292] segmented_sort [Device=0 stable=0 size_bytes=2^24 null_frequency=0 row_width=16]
Pass: Cold: 2.683067ms GPU, 2.687496ms CPU, 2.06s total GPU, 2.09s total wall, 768x 
Run:  [180/292] segmented_sort [Device=0 stable=1 size_bytes=2^24 null_frequency=0 row_width=16]
Pass: Cold: 2.683380ms GPU, 2.687827ms CPU, 1.63s total GPU, 1.65s total wall, 608x 
Run:  [181/292] segmented_sort [Device=0 stable=0 size_bytes=2^28 null_frequency=0 row_width=16]
Pass: Cold: 42.676440ms GPU, 42.681723ms CPU, 3.58s total GPU, 3.59s total wall, 84x 
Run:  [182/292] segmented_sort [Device=0 stable=1 size_bytes=2^28 null_frequency=0 row_width=16]
Pass: Cold: 42.720456ms GPU, 42.725432ms CPU, 0.51s total GPU, 0.51s total wall, 12x 
Run:  [183/292] segmented_sort [Device=0 stable=0 size_bytes=2^16 null_frequency=0.1 row_width=16]
Pass: Cold: 0.479492ms GPU, 0.483186ms CPU, 1.40s total GPU, 1.50s total wall, 2928x 
Run:  [184/292] segmented_sort [Device=0 stable=1 size_bytes=2^16 null_frequency=0.1 row_width=16]
Pass: Cold: 0.474514ms GPU, 0.478215ms CPU, 0.52s total GPU, 0.55s total wall, 1088x 
Run:  [185/292] segmented_sort [Device=0 stable=0 size_bytes=2^18 null_frequency=0.1 row_width=16]
Pass: Cold: 0.527147ms GPU, 0.530867ms CPU, 0.51s total GPU, 0.54s total wall, 960x 
Run:  [186/292] segmented_sort [Device=0 stable=1 size_bytes=2^18 null_frequency=0.1 row_width=16]
Pass: Cold: 0.526642ms GPU, 0.530313ms CPU, 0.97s total GPU, 1.03s total wall, 1840x 
Run:  [187/292] segmented_sort [Device=0 stable=0 size_bytes=2^20 null_frequency=0.1 row_width=16]
Pass: Cold: 0.733128ms GPU, 0.736797ms CPU, 0.65s total GPU, 0.67s total wall, 880x 
Run:  [188/292] segmented_sort [Device=0 stable=1 size_bytes=2^20 null_frequency=0.1 row_width=16]
Pass: Cold: 0.732143ms GPU, 0.735797ms CPU, 0.52s total GPU, 0.54s total wall, 704x 
Run:  [189/292] segmented_sort [Device=0 stable=0 size_bytes=2^22 null_frequency=0.1 row_width=16]
Pass: Cold: 4.116596ms GPU, 4.120522ms CPU, 1.84s total GPU, 1.85s total wall, 447x 
Run:  [190/292] segmented_sort [Device=0 stable=1 size_bytes=2^22 null_frequency=0.1 row_width=16]
Pass: Cold: 4.111602ms GPU, 4.115656ms CPU, 0.50s total GPU, 0.51s total wall, 122x 
Run:  [191/292] segmented_sort [Device=0 stable=0 size_bytes=2^24 null_frequency=0.1 row_width=16]
Pass: Cold: 15.580773ms GPU, 15.584712ms CPU, 0.51s total GPU, 0.52s total wall, 33x 
Run:  [192/292] segmented_sort [Device=0 stable=1 size_bytes=2^24 null_frequency=0.1 row_width=16]
Pass: Cold: 15.556432ms GPU, 15.560335ms CPU, 0.51s total GPU, 0.51s total wall, 33x 
Run:  [193/292] segmented_sort [Device=0 stable=0 size_bytes=2^28 null_frequency=0.1 row_width=16]
Pass: Cold: 216.535829ms GPU, 216.537959ms CPU, 2.38s total GPU, 2.38s total wall, 11x 
Run:  [194/292] segmented_sort [Device=0 stable=1 size_bytes=2^28 null_frequency=0.1 row_width=16]
Pass: Cold: 216.777566ms GPU, 216.778577ms CPU, 2.38s total GPU, 2.39s total wall, 11x 
Run:  [195/292] segmented_sort [Device=0 stable=0 size_bytes=2^16 null_frequency=0 row_width=128]
Pass: Cold: 0.088539ms GPU, 0.092390ms CPU, 0.50s total GPU, 0.69s total wall, 5648x 
Run:  [196/292] segmented_sort [Device=0 stable=1 size_bytes=2^16 null_frequency=0 row_width=128]
Pass: Cold: 0.088005ms GPU, 0.091832ms CPU, 0.50s total GPU, 0.70s total wall, 5696x 
Run:  [197/292] segmented_sort [Device=0 stable=0 size_bytes=2^18 null_frequency=0 row_width=128]
Pass: Cold: 0.219359ms GPU, 0.223407ms CPU, 0.60s total GPU, 0.69s total wall, 2720x 
Run:  [198/292] segmented_sort [Device=0 stable=1 size_bytes=2^18 null_frequency=0 row_width=128]
Pass: Cold: 0.218461ms GPU, 0.222387ms CPU, 0.57s total GPU, 0.65s total wall, 2608x 
Run:  [199/292] segmented_sort [Device=0 stable=0 size_bytes=2^20 null_frequency=0 row_width=128]
Pass: Cold: 0.172200ms GPU, 0.176085ms CPU, 0.50s total GPU, 0.60s total wall, 2912x 
Run:  [200/292] segmented_sort [Device=0 stable=1 size_bytes=2^20 null_frequency=0 row_width=128]
Pass: Cold: 0.173187ms GPU, 0.177079ms CPU, 0.50s total GPU, 0.60s total wall, 2896x 
Run:  [201/292] segmented_sort [Device=0 stable=0 size_bytes=2^22 null_frequency=0 row_width=128]
Pass: Cold: 4.465913ms GPU, 4.469838ms CPU, 1.15s total GPU, 1.16s total wall, 258x 
Run:  [202/292] segmented_sort [Device=0 stable=1 size_bytes=2^22 null_frequency=0 row_width=128]
Pass: Cold: 4.463121ms GPU, 4.466947ms CPU, 0.50s total GPU, 0.51s total wall, 113x 
Run:  [203/292] segmented_sort [Device=0 stable=0 size_bytes=2^24 null_frequency=0 row_width=128]
Pass: Cold: 15.741029ms GPU, 15.744955ms CPU, 0.50s total GPU, 0.50s total wall, 32x 
Run:  [204/292] segmented_sort [Device=0 stable=1 size_bytes=2^24 null_frequency=0 row_width=128]
Pass: Cold: 15.746800ms GPU, 15.750602ms CPU, 0.50s total GPU, 0.50s total wall, 32x 
Run:  [205/292] segmented_sort [Device=0 stable=0 size_bytes=2^28 null_frequency=0 row_width=128]
Pass: Cold: 222.911201ms GPU, 222.913006ms CPU, 2.45s total GPU, 2.45s total wall, 11x 
Run:  [206/292] segmented_sort [Device=0 stable=1 size_bytes=2^28 null_frequency=0 row_width=128]
Pass: Cold: 222.887163ms GPU, 222.888978ms CPU, 2.45s total GPU, 2.45s total wall, 11x 
Run:  [207/292] segmented_sort [Device=0 stable=0 size_bytes=2^16 null_frequency=0.1 row_width=128]
Pass: Cold: 0.565844ms GPU, 0.569528ms CPU, 1.44s total GPU, 1.52s total wall, 2544x 
Run:  [208/292] segmented_sort [Device=0 stable=1 size_bytes=2^16 null_frequency=0.1 row_width=128]
Pass: Cold: 0.563256ms GPU, 0.566897ms CPU, 1.15s total GPU, 1.22s total wall, 2048x 
Run:  [209/292] segmented_sort [Device=0 stable=0 size_bytes=2^18 null_frequency=0.1 row_width=128]
Pass: Cold: 0.580589ms GPU, 0.584272ms CPU, 0.50s total GPU, 0.53s total wall, 864x 
Run:  [210/292] segmented_sort [Device=0 stable=1 size_bytes=2^18 null_frequency=0.1 row_width=128]
Pass: Cold: 0.579984ms GPU, 0.583660ms CPU, 0.50s total GPU, 0.53s total wall, 864x 
Run:  [211/292] segmented_sort [Device=0 stable=0 size_bytes=2^20 null_frequency=0.1 row_width=128]
Pass: Cold: 0.823678ms GPU, 0.827361ms CPU, 1.05s total GPU, 1.10s total wall, 1280x 
Run:  [212/292] segmented_sort [Device=0 stable=1 size_bytes=2^20 null_frequency=0.1 row_width=128]
Pass: Cold: 0.826053ms GPU, 0.829730ms CPU, 0.67s total GPU, 0.70s total wall, 816x 
Run:  [213/292] segmented_sort [Device=0 stable=0 size_bytes=2^22 null_frequency=0.1 row_width=128]
Pass: Cold: 4.763214ms GPU, 4.767173ms CPU, 1.47s total GPU, 1.48s total wall, 309x 
Run:  [214/292] segmented_sort [Device=0 stable=1 size_bytes=2^22 null_frequency=0.1 row_width=128]
Pass: Cold: 4.763566ms GPU, 4.767433ms CPU, 0.50s total GPU, 0.50s total wall, 105x 
Run:  [215/292] segmented_sort [Device=0 stable=0 size_bytes=2^24 null_frequency=0.1 row_width=128]
Pass: Cold: 17.698095ms GPU, 17.701864ms CPU, 0.51s total GPU, 0.51s total wall, 29x 
Run:  [216/292] segmented_sort [Device=0 stable=1 size_bytes=2^24 null_frequency=0.1 row_width=128]
Pass: Cold: 17.714294ms GPU, 17.718323ms CPU, 0.51s total GPU, 0.51s total wall, 29x 
Run:  [217/292] segmented_sort [Device=0 stable=0 size_bytes=2^28 null_frequency=0.1 row_width=128]
Pass: Cold: 240.213402ms GPU, 240.214766ms CPU, 2.64s total GPU, 2.64s total wall, 11x 
Run:  [218/292] segmented_sort [Device=0 stable=1 size_bytes=2^28 null_frequency=0.1 row_width=128]
Pass: Cold: 240.272436ms GPU, 240.274079ms CPU, 2.64s total GPU, 2.64s total wall, 11x 
Run:  [219/292] segmented_sort [Device=0 stable=0 size_bytes=2^16 null_frequency=0 row_width=1024]
Pass: Cold: 0.049957ms GPU, 0.053778ms CPU, 0.50s total GPU, 0.87s total wall, 10016x 
Run:  [220/292] segmented_sort [Device=0 stable=1 size_bytes=2^16 null_frequency=0 row_width=1024]
Pass: Cold: 0.049845ms GPU, 0.053654ms CPU, 0.50s total GPU, 0.87s total wall, 10032x 
Run:  [221/292] segmented_sort [Device=0 stable=0 size_bytes=2^18 null_frequency=0 row_width=1024]
Pass: Cold: 0.070767ms GPU, 0.074583ms CPU, 0.50s total GPU, 0.75s total wall, 7072x 
Run:  [222/292] segmented_sort [Device=0 stable=1 size_bytes=2^18 null_frequency=0 row_width=1024]
Pass: Cold: 0.070824ms GPU, 0.074651ms CPU, 0.50s total GPU, 0.75s total wall, 7072x 
Run:  [223/292] segmented_sort [Device=0 stable=0 size_bytes=2^20 null_frequency=0 row_width=1024]
Pass: Cold: 0.173276ms GPU, 0.177148ms CPU, 0.64s total GPU, 0.76s total wall, 3680x 
Run:  [224/292] segmented_sort [Device=0 stable=1 size_bytes=2^20 null_frequency=0 row_width=1024]
Pass: Cold: 0.172702ms GPU, 0.176570ms CPU, 0.50s total GPU, 0.60s total wall, 2896x 
Run:  [225/292] segmented_sort [Device=0 stable=0 size_bytes=2^22 null_frequency=0 row_width=1024]
Pass: Cold: 4.851324ms GPU, 4.855232ms CPU, 5.43s total GPU, 5.47s total wall, 1120x 
Run:  [226/292] segmented_sort [Device=0 stable=1 size_bytes=2^22 null_frequency=0 row_width=1024]
Pass: Cold: 4.851743ms GPU, 4.855678ms CPU, 0.50s total GPU, 0.51s total wall, 104x 
Run:  [227/292] segmented_sort [Device=0 stable=0 size_bytes=2^24 null_frequency=0 row_width=1024]
Pass: Cold: 17.882785ms GPU, 17.886456ms CPU, 0.50s total GPU, 0.50s total wall, 28x 
Run:  [228/292] segmented_sort [Device=0 stable=1 size_bytes=2^24 null_frequency=0 row_width=1024]
Pass: Cold: 17.868831ms GPU, 17.872710ms CPU, 0.50s total GPU, 0.50s total wall, 28x 
Run:  [229/292] segmented_sort [Device=0 stable=0 size_bytes=2^28 null_frequency=0 row_width=1024]
Pass: Cold: 267.390836ms GPU, 267.392373ms CPU, 2.94s total GPU, 2.94s total wall, 11x 
Run:  [230/292] segmented_sort [Device=0 stable=1 size_bytes=2^28 null_frequency=0 row_width=1024]
Pass: Cold: 267.473308ms GPU, 267.474818ms CPU, 2.94s total GPU, 2.94s total wall, 11x 
Run:  [231/292] segmented_sort [Device=0 stable=0 size_bytes=2^16 null_frequency=0.1 row_width=1024]
Pass: Cold: 0.653821ms GPU, 0.657471ms CPU, 1.91s total GPU, 2.01s total wall, 2928x 
Run:  [232/292] segmented_sort [Device=0 stable=1 size_bytes=2^16 null_frequency=0.1 row_width=1024]
Pass: Cold: 0.650964ms GPU, 0.654602ms CPU, 1.68s total GPU, 1.76s total wall, 2576x 
Run:  [233/292] segmented_sort [Device=0 stable=0 size_bytes=2^18 null_frequency=0.1 row_width=1024]
Pass: Cold: 0.693461ms GPU, 0.697112ms CPU, 1.10s total GPU, 1.15s total wall, 1584x 
Run:  [234/292] segmented_sort [Device=0 stable=1 size_bytes=2^18 null_frequency=0.1 row_width=1024]
Pass: Cold: 0.691793ms GPU, 0.695397ms CPU, 0.50s total GPU, 0.52s total wall, 723x 
Run:  [235/292] segmented_sort [Device=0 stable=0 size_bytes=2^20 null_frequency=0.1 row_width=1024]
Pass: Cold: 0.941152ms GPU, 0.944828ms CPU, 0.66s total GPU, 0.69s total wall, 704x 
Run:  [236/292] segmented_sort [Device=0 stable=1 size_bytes=2^20 null_frequency=0.1 row_width=1024]
Pass: Cold: 0.943709ms GPU, 0.947378ms CPU, 0.79s total GPU, 0.81s total wall, 832x 
Run:  [237/292] segmented_sort [Device=0 stable=0 size_bytes=2^22 null_frequency=0.1 row_width=1024]
Pass: Cold: 5.200257ms GPU, 5.204142ms CPU, 1.96s total GPU, 1.97s total wall, 376x 
Run:  [238/292] segmented_sort [Device=0 stable=1 size_bytes=2^22 null_frequency=0.1 row_width=1024]
Pass: Cold: 5.193102ms GPU, 5.197035ms CPU, 0.50s total GPU, 0.51s total wall, 97x 
Run:  [239/292] segmented_sort [Device=0 stable=0 size_bytes=2^24 null_frequency=0.1 row_width=1024]
Pass: Cold: 19.674670ms GPU, 19.678433ms CPU, 0.51s total GPU, 0.51s total wall, 26x 
Run:  [240/292] segmented_sort [Device=0 stable=1 size_bytes=2^24 null_frequency=0.1 row_width=1024]
Pass: Cold: 19.755946ms GPU, 19.759792ms CPU, 0.51s total GPU, 0.51s total wall, 26x 
Run:  [241/292] segmented_sort [Device=0 stable=0 size_bytes=2^28 null_frequency=0.1 row_width=1024]
Pass: Cold: 285.467191ms GPU, 285.468413ms CPU, 3.14s total GPU, 3.14s total wall, 11x 
Run:  [242/292] segmented_sort [Device=0 stable=1 size_bytes=2^28 null_frequency=0.1 row_width=1024]
Pass: Cold: 285.464330ms GPU, 285.465726ms CPU, 3.14s total GPU, 3.14s total wall, 11x 
Run:  [243/292] sort_list [Device=0 size_bytes=2^10 depth=1 num_columns=1 lists_of_structs=0 null_frequency=0]
Pass: Cold: 0.845487ms GPU, 0.849177ms CPU, 2.39s total GPU, 2.49s total wall, 2832x 
Run:  [244/292] sort_list [Device=0 size_bytes=2^18 depth=1 num_columns=1 lists_of_structs=0 null_frequency=0]
Pass: Cold: 11.393404ms GPU, 11.397202ms CPU, 0.50s total GPU, 0.50s total wall, 44x 
Run:  [245/292] sort_list [Device=0 size_bytes=2^24 depth=1 num_columns=1 lists_of_structs=0 null_frequency=0]
Pass: Cold: 104.376016ms GPU, 104.378595ms CPU, 1.15s total GPU, 1.15s total wall, 11x 
Run:  [246/292] sort_list [Device=0 size_bytes=2^28 depth=1 num_columns=1 lists_of_structs=0 null_frequency=0]
Pass: Cold: 255.281760ms GPU, 255.283281ms CPU, 2.81s total GPU, 2.81s total wall, 11x 
Run:  [247/292] sort_list [Device=0 size_bytes=2^10 depth=4 num_columns=1 lists_of_structs=0 null_frequency=0]
Fail: Unexpected error: CUDF failure at: /home/ubuntu/cudf/cpp/benchmarks/common/generate_input.cu:874: Table size is too small for the given data types
Run:  [248/292] sort_list [Device=0 size_bytes=2^18 depth=4 num_columns=1 lists_of_structs=0 null_frequency=0]
Fail: Unexpected error: CUDF failure at: /home/ubuntu/cudf/cpp/benchmarks/common/generate_input.cu:874: Table size is too small for the given data types
Run:  [249/292] sort_list [Device=0 size_bytes=2^24 depth=4 num_columns=1 lists_of_structs=0 null_frequency=0]
Warn: Current measurement timed out (274.93s) while over noise threshold (inf% > 0.50%)
Warn: Current measurement timed out (274.93s) before accumulating min_samples (1 < 10)
Pass: Cold: 274930.062500ms GPU, 274926.459152ms CPU, 274.93s total GPU, 274.93s total wall, 1x 
Run:  [250/292] sort_list [Device=0 size_bytes=2^28 depth=4 num_columns=1 lists_of_structs=0 null_frequency=0]
Warn: Current measurement timed out (181.87s) while over noise threshold (inf% > 0.50%)
Warn: Current measurement timed out (181.87s) before accumulating min_samples (1 < 10)
Pass: Cold: 181869.000000ms GPU, 181866.662008ms CPU, 181.87s total GPU, 181.87s total wall, 1x 
Run:  [251/292] sort_list [Device=0 size_bytes=2^10 depth=1 num_columns=1 lists_of_structs=1 null_frequency=0]
Pass: Cold: 1.215756ms GPU, 1.219438ms CPU, 2.41s total GPU, 2.48s total wall, 1984x 
Run:  [252/292] sort_list [Device=0 size_bytes=2^18 depth=1 num_columns=1 lists_of_structs=1 null_frequency=0]
Pass: Cold: 12.548961ms GPU, 12.552594ms CPU, 0.50s total GPU, 0.50s total wall, 40x 
Run:  [253/292] sort_list [Device=0 size_bytes=2^24 depth=1 num_columns=1 lists_of_structs=1 null_frequency=0]
Pass: Cold: 149.328850ms GPU, 149.330920ms CPU, 1.64s total GPU, 1.64s total wall, 11x 
Run:  [254/292] sort_list [Device=0 size_bytes=2^28 depth=1 num_columns=1 lists_of_structs=1 null_frequency=0]
Pass: Cold: 1102.548850ms GPU, 1102.539969ms CPU, 12.13s total GPU, 12.13s total wall, 11x 
Run:  [255/292] sort_list [Device=0 size_bytes=2^10 depth=4 num_columns=1 lists_of_structs=1 null_frequency=0]
Fail: Unexpected error: CUDF failure at: /home/ubuntu/cudf/cpp/benchmarks/common/generate_input.cu:874: Table size is too small for the given data types
Run:  [256/292] sort_list [Device=0 size_bytes=2^18 depth=4 num_columns=1 lists_of_structs=1 null_frequency=0]
Fail: Unexpected error: CUDF failure at: /home/ubuntu/cudf/cpp/benchmarks/common/generate_input.cu:874: Table size is too small for the given data types
Run:  [257/292] sort_list [Device=0 size_bytes=2^24 depth=4 num_columns=1 lists_of_structs=1 null_frequency=0]
Pass: Cold: 122.522533ms GPU, 122.525103ms CPU, 1.35s total GPU, 1.35s total wall, 11x 
Run:  [258/292] sort_list [Device=0 size_bytes=2^28 depth=4 num_columns=1 lists_of_structs=1 null_frequency=0]
Warn: Current measurement timed out (18.64s) while over noise threshold (inf% > 0.50%)
Warn: Current measurement timed out (18.64s) before accumulating min_samples (3 < 10)
Pass: Cold: 6213.735352ms GPU, 6213.663838ms CPU, 18.64s total GPU, 18.64s total wall, 3x 
Run:  [259/292] sort_list [Device=0 size_bytes=2^10 depth=1 num_columns=1 lists_of_structs=0 null_frequency=0.2]
Pass: Cold: 0.459866ms GPU, 0.463610ms CPU, 0.50s total GPU, 0.53s total wall, 1088x 
Run:  [260/292] sort_list [Device=0 size_bytes=2^18 depth=1 num_columns=1 lists_of_structs=0 null_frequency=0.2]
Pass: Cold: 4.947563ms GPU, 4.951228ms CPU, 0.50s total GPU, 0.51s total wall, 102x 
Run:  [261/292] sort_list [Device=0 size_bytes=2^24 depth=1 num_columns=1 lists_of_structs=0 null_frequency=0.2]
Pass: Cold: 9.365345ms GPU, 9.368966ms CPU, 0.65s total GPU, 0.65s total wall, 69x 
Run:  [262/292] sort_list [Device=0 size_bytes=2^28 depth=1 num_columns=1 lists_of_structs=0 null_frequency=0.2]
Pass: Cold: 299.268907ms GPU, 299.269591ms CPU, 3.29s total GPU, 3.29s total wall, 11x 
Run:  [263/292] sort_list [Device=0 size_bytes=2^10 depth=4 num_columns=1 lists_of_structs=0 null_frequency=0.2]
Fail: Unexpected error: CUDF failure at: /home/ubuntu/cudf/cpp/benchmarks/common/generate_input.cu:874: Table size is too small for the given data types
Run:  [264/292] sort_list [Device=0 size_bytes=2^18 depth=4 num_columns=1 lists_of_structs=0 null_frequency=0.2]
Fail: Unexpected error: CUDF failure at: /home/ubuntu/cudf/cpp/benchmarks/common/generate_input.cu:874: Table size is too small for the given data types
Run:  [265/292] sort_list [Device=0 size_bytes=2^24 depth=4 num_columns=1 lists_of_structs=0 null_frequency=0.2]
Warn: Current measurement timed out (25.56s) while over noise threshold (inf% > 0.50%)
Warn: Current measurement timed out (25.56s) before accumulating min_samples (1 < 10)
Pass: Cold: 25559.318359ms GPU, 25559.001990ms CPU, 25.56s total GPU, 25.56s total wall, 1x 
Run:  [266/292] sort_list [Device=0 size_bytes=2^28 depth=4 num_columns=1 lists_of_structs=0 null_frequency=0.2]
Warn: Current measurement timed out (27.87s) while over noise threshold (inf% > 0.50%)
Warn: Current measurement timed out (27.87s) before accumulating min_samples (1 < 10)
Pass: Cold: 27873.494141ms GPU, 27873.143333ms CPU, 27.87s total GPU, 27.87s total wall, 1x 
Run:  [267/292] sort_list [Device=0 size_bytes=2^10 depth=1 num_columns=1 lists_of_structs=1 null_frequency=0.2]
Pass: Cold: 0.925209ms GPU, 0.928837ms CPU, 0.50s total GPU, 0.52s total wall, 544x 
Run:  [268/292] sort_list [Device=0 size_bytes=2^18 depth=1 num_columns=1 lists_of_structs=1 null_frequency=0.2]
Pass: Cold: 6.133009ms GPU, 6.136849ms CPU, 0.50s total GPU, 0.51s total wall, 82x 
Run:  [269/292] sort_list [Device=0 size_bytes=2^24 depth=1 num_columns=1 lists_of_structs=1 null_frequency=0.2]
Warn: Current measurement timed out (15.00s) while over noise threshold (0.60% > 0.50%)
Pass: Cold: 41.068440ms GPU, 41.072056ms CPU, 14.99s total GPU, 15.00s total wall, 365x 
Run:  [270/292] sort_list [Device=0 size_bytes=2^28 depth=1 num_columns=1 lists_of_structs=1 null_frequency=0.2]
Pass: Cold: 936.173867ms GPU, 936.167541ms CPU, 10.30s total GPU, 10.30s total wall, 11x 
Run:  [271/292] sort_list [Device=0 size_bytes=2^10 depth=4 num_columns=1 lists_of_structs=1 null_frequency=0.2]
Fail: Unexpected error: CUDF failure at: /home/ubuntu/cudf/cpp/benchmarks/common/generate_input.cu:874: Table size is too small for the given data types
Run:  [272/292] sort_list [Device=0 size_bytes=2^18 depth=4 num_columns=1 lists_of_structs=1 null_frequency=0.2]
Fail: Unexpected error: CUDF failure at: /home/ubuntu/cudf/cpp/benchmarks/common/generate_input.cu:874: Table size is too small for the given data types
Run:  [273/292] sort_list [Device=0 size_bytes=2^24 depth=4 num_columns=1 lists_of_structs=1 null_frequency=0.2]
Pass: Cold: 28.913440ms GPU, 28.917034ms CPU, 5.81s total GPU, 5.82s total wall, 201x 
Run:  [274/292] sort_list [Device=0 size_bytes=2^28 depth=4 num_columns=1 lists_of_structs=1 null_frequency=0.2]
Pass: Cold: 572.627963ms GPU, 572.625456ms CPU, 6.30s total GPU, 6.30s total wall, 11x 
Run:  [275/292] sort_struct [Device=0 NumRows=2^10 Depth=0 Nulls=0]
Pass: Cold: 0.053637ms GPU, 0.057262ms CPU, 0.50s total GPU, 0.84s total wall, 9328x 
Run:  [276/292] sort_struct [Device=0 NumRows=2^18 Depth=0 Nulls=0]
Pass: Cold: 0.170302ms GPU, 0.174026ms CPU, 0.50s total GPU, 0.60s total wall, 2944x 
Run:  [277/292] sort_struct [Device=0 NumRows=2^26 Depth=0 Nulls=0]
Pass: Cold: 27.042823ms GPU, 27.046300ms CPU, 0.51s total GPU, 0.51s total wall, 19x 
Run:  [278/292] sort_struct [Device=0 NumRows=2^10 Depth=1 Nulls=0]
Pass: Cold: 0.368487ms GPU, 0.372331ms CPU, 0.50s total GPU, 0.54s total wall, 1360x 
Run:  [279/292] sort_struct [Device=0 NumRows=2^18 Depth=1 Nulls=0]
Pass: Cold: 1.882795ms GPU, 1.886603ms CPU, 2.83s total GPU, 2.88s total wall, 1504x 
Run:  [280/292] sort_struct [Device=0 NumRows=2^26 Depth=1 Nulls=0]
Pass: Cold: 579.864352ms GPU, 579.862038ms CPU, 6.38s total GPU, 6.38s total wall, 11x 
Run:  [281/292] sort_struct [Device=0 NumRows=2^10 Depth=8 Nulls=0]
Pass: Cold: 0.682787ms GPU, 0.686567ms CPU, 0.75s total GPU, 0.79s total wall, 1104x 
Run:  [282/292] sort_struct [Device=0 NumRows=2^18 Depth=8 Nulls=0]
Pass: Cold: 3.882602ms GPU, 3.886328ms CPU, 5.90s total GPU, 5.95s total wall, 1520x 
Run:  [283/292] sort_struct [Device=0 NumRows=2^26 Depth=8 Nulls=0]
Pass: Cold: 1094.403809ms GPU, 1094.395219ms CPU, 12.04s total GPU, 12.04s total wall, 11x 
Run:  [284/292] sort_struct [Device=0 NumRows=2^10 Depth=0 Nulls=1]
Pass: Cold: 0.119167ms GPU, 0.122821ms CPU, 0.50s total GPU, 0.64s total wall, 4208x 
Run:  [285/292] sort_struct [Device=0 NumRows=2^18 Depth=0 Nulls=1]
Pass: Cold: 0.495152ms GPU, 0.498942ms CPU, 1.10s total GPU, 1.17s total wall, 2224x 
Run:  [286/292] sort_struct [Device=0 NumRows=2^26 Depth=0 Nulls=1]
Pass: Cold: 164.668662ms GPU, 164.671895ms CPU, 1.81s total GPU, 1.81s total wall, 11x 
Run:  [287/292] sort_struct [Device=0 NumRows=2^10 Depth=1 Nulls=1]
Pass: Cold: 0.384015ms GPU, 0.387808ms CPU, 1.12s total GPU, 1.21s total wall, 2912x 
Run:  [288/292] sort_struct [Device=0 NumRows=2^18 Depth=1 Nulls=1]
Pass: Cold: 1.880234ms GPU, 1.884036ms CPU, 2.56s total GPU, 2.60s total wall, 1360x 
Run:  [289/292] sort_struct [Device=0 NumRows=2^26 Depth=1 Nulls=1]
Pass: Cold: 579.738270ms GPU, 579.735935ms CPU, 6.38s total GPU, 6.38s total wall, 11x 
Run:  [290/292] sort_struct [Device=0 NumRows=2^10 Depth=8 Nulls=1]
Pass: Cold: 0.695271ms GPU, 0.699045ms CPU, 1.75s total GPU, 1.83s total wall, 2512x 
Run:  [291/292] sort_struct [Device=0 NumRows=2^18 Depth=8 Nulls=1]
Pass: Cold: 3.885580ms GPU, 3.889325ms CPU, 4.91s total GPU, 4.95s total wall, 1264x 
Run:  [292/292] sort_struct [Device=0 NumRows=2^26 Depth=8 Nulls=1]
Pass: Cold: 1082.729059ms GPU, 1082.720592ms CPU, 11.91s total GPU, 11.91s total wall, 11x 
```

# Benchmark Results

## rank_lists

### [0] Tesla T4

|    T    |    size_bytes    | depth | null_frequency | Samples |  CPU Time  | Noise  |  GPU Time  | Noise  |
|---------|------------------|-------|----------------|---------|------------|--------|------------|--------|
| AVERAGE |      2^10 = 1024 |     1 |              0 |    864x | 871.744 us | 24.04% | 867.839 us | 23.99% |
| AVERAGE |    2^18 = 262144 |     1 |              0 |    211x |   2.383 ms |  0.34% |   2.380 ms |  0.31% |
| AVERAGE |  2^24 = 16777216 |     1 |              0 |     11x |  91.411 ms |  0.07% |  91.409 ms |  0.07% |
| AVERAGE | 2^28 = 268435456 |     1 |              0 |      7x |    2.278 s |  0.02% |    2.278 s |  0.02% |
| AVERAGE |      2^10 = 1024 |     4 |              0 |   2544x |   5.790 ms |  0.59% |   5.787 ms |  0.59% |
| AVERAGE |    2^18 = 262144 |     4 |              0 |   1856x |   2.179 ms |  0.92% |   2.175 ms |  0.91% |
| AVERAGE |  2^24 = 16777216 |     4 |              0 |     52x |   9.793 ms |  0.21% |   9.789 ms |  0.20% |
| AVERAGE | 2^28 = 268435456 |     4 |              0 |     11x | 215.060 ms |  0.08% | 215.059 ms |  0.08% |
| AVERAGE |      2^10 = 1024 |     1 |            0.2 |   1312x | 649.202 us |  2.03% | 645.551 us |  1.94% |
| AVERAGE |    2^18 = 262144 |     1 |            0.2 |    960x |   2.554 ms |  0.62% |   2.551 ms |  0.60% |
| AVERAGE |  2^24 = 16777216 |     1 |            0.2 |     15x | 179.566 ms |  0.50% | 179.564 ms |  0.50% |
| AVERAGE | 2^28 = 268435456 |     1 |            0.2 |      8x |    1.878 s |  0.01% |    1.878 s |  0.01% |
| AVERAGE |      2^10 = 1024 |     4 |            0.2 |   2640x |   1.811 ms |  1.67% |   1.807 ms |  1.66% |
| AVERAGE |    2^18 = 262144 |     4 |            0.2 |    191x |   2.628 ms |  0.39% |   2.625 ms |  0.36% |
| AVERAGE |  2^24 = 16777216 |     4 |            0.2 |     41x |  12.343 ms |  0.20% |  12.340 ms |  0.20% |
| AVERAGE | 2^28 = 268435456 |     4 |            0.2 |     11x | 289.681 ms |  0.06% | 289.680 ms |  0.06% |
|   DENSE |      2^10 = 1024 |     1 |              0 |   1424x | 718.572 us |  2.54% | 714.867 us |  2.48% |
|   DENSE |    2^18 = 262144 |     1 |              0 |    215x |   2.330 ms |  0.39% |   2.327 ms |  0.35% |
|   DENSE |  2^24 = 16777216 |     1 |              0 |     11x |  91.458 ms |  0.09% |  91.455 ms |  0.09% |
|   DENSE | 2^28 = 268435456 |     1 |              0 |      7x |    2.276 s |  0.01% |    2.276 s |  0.01% |
|   DENSE |      2^10 = 1024 |     4 |              0 |   1856x |   5.771 ms |  0.71% |   5.767 ms |  0.71% |
|   DENSE |    2^18 = 262144 |     4 |              0 |    237x |   2.117 ms |  0.51% |   2.113 ms |  0.48% |
|   DENSE |  2^24 = 16777216 |     4 |              0 |     52x |   9.757 ms |  0.14% |   9.753 ms |  0.14% |
|   DENSE | 2^28 = 268435456 |     4 |              0 |     11x | 214.613 ms |  0.09% | 214.612 ms |  0.09% |
|   DENSE |      2^10 = 1024 |     1 |            0.2 |   2240x | 626.142 us |  2.18% | 622.437 us |  2.08% |
|   DENSE |    2^18 = 262144 |     1 |            0.2 |    196x |   2.557 ms |  0.36% |   2.553 ms |  0.32% |
|   DENSE |  2^24 = 16777216 |     1 |            0.2 |     84x | 179.395 ms |  0.61% | 179.393 ms |  0.61% |
|   DENSE | 2^28 = 268435456 |     1 |            0.2 |      9x |    1.870 s |  0.01% |    1.870 s |  0.01% |
|   DENSE |      2^10 = 1024 |     4 |            0.2 |   2912x |   1.786 ms |  2.22% |   1.782 ms |  2.21% |
|   DENSE |    2^18 = 262144 |     4 |            0.2 |   1680x |   2.571 ms |  1.29% |   2.567 ms |  1.28% |
|   DENSE |  2^24 = 16777216 |     4 |            0.2 |     41x |  12.345 ms |  0.22% |  12.341 ms |  0.22% |
|   DENSE | 2^28 = 268435456 |     4 |            0.2 |     11x | 288.398 ms |  0.03% | 288.397 ms |  0.03% |
|   FIRST |      2^10 = 1024 |     1 |              0 |   2368x | 676.381 us |  1.88% | 672.634 us |  1.79% |
|   FIRST |    2^18 = 262144 |     1 |              0 |   2672x |   2.285 ms |  0.85% |   2.281 ms |  0.83% |
|   FIRST |  2^24 = 16777216 |     1 |              0 |     11x |  90.693 ms |  0.03% |  90.690 ms |  0.03% |
|   FIRST | 2^28 = 268435456 |     1 |              0 |      7x |    2.254 s |  0.02% |    2.254 s |  0.02% |
|   FIRST |      2^10 = 1024 |     4 |              0 |   2112x |   5.711 ms |  0.52% |   5.707 ms |  0.51% |
|   FIRST |    2^18 = 262144 |     4 |              0 |    245x |   2.052 ms |  0.50% |   2.049 ms |  0.47% |
|   FIRST |  2^24 = 16777216 |     4 |              0 |     52x |   9.670 ms |  0.21% |   9.666 ms |  0.21% |
|   FIRST | 2^28 = 268435456 |     4 |              0 |     11x | 213.542 ms |  0.07% | 213.540 ms |  0.07% |
|   FIRST |      2^10 = 1024 |     1 |            0.2 |   2016x | 560.168 us |  1.80% | 556.434 us |  1.66% |
|   FIRST |    2^18 = 262144 |     1 |            0.2 |    202x |   2.479 ms |  0.34% |   2.476 ms |  0.30% |
|   FIRST |  2^24 = 16777216 |     1 |            0.2 |     85x | 178.351 ms |  0.70% | 178.349 ms |  0.70% |
|   FIRST | 2^28 = 268435456 |     1 |            0.2 |      9x |    1.840 s |  0.02% |    1.840 s |  0.02% |
|   FIRST |      2^10 = 1024 |     4 |            0.2 |   1904x |   1.655 ms |  1.72% |   1.651 ms |  1.70% |
|   FIRST |    2^18 = 262144 |     4 |            0.2 |    210x |   2.387 ms |  0.47% |   2.383 ms |  0.44% |
|   FIRST |  2^24 = 16777216 |     4 |            0.2 |     42x |  12.096 ms |  0.16% |  12.092 ms |  0.16% |
|   FIRST | 2^28 = 268435456 |     4 |            0.2 |     11x | 285.923 ms |  0.06% | 285.922 ms |  0.06% |
|     MAX |      2^10 = 1024 |     1 |              0 |   1920x | 740.061 us |  2.04% | 736.310 us |  1.96% |
|     MAX |    2^18 = 262144 |     1 |              0 |   2576x |   2.358 ms |  0.94% |   2.354 ms |  0.93% |
|     MAX |  2^24 = 16777216 |     1 |              0 |     11x |  91.557 ms |  0.04% |  91.554 ms |  0.04% |
|     MAX | 2^28 = 268435456 |     1 |              0 |      7x |    2.276 s |  0.02% |    2.276 s |  0.02% |
|     MAX |      2^10 = 1024 |     4 |              0 |   1952x |   5.794 ms |  0.81% |   5.790 ms |  0.80% |
|     MAX |    2^18 = 262144 |     4 |              0 |    560x |   2.143 ms |  0.54% |   2.139 ms |  0.50% |
|     MAX |  2^24 = 16777216 |     4 |              0 |     52x |   9.777 ms |  0.17% |   9.773 ms |  0.17% |
|     MAX | 2^28 = 268435456 |     4 |              0 |     11x | 214.640 ms |  0.04% | 214.639 ms |  0.04% |
|     MAX |      2^10 = 1024 |     1 |            0.2 |   1488x | 648.876 us |  1.78% | 645.179 us |  1.68% |
|     MAX |    2^18 = 262144 |     1 |            0.2 |    194x |   2.582 ms |  0.43% |   2.578 ms |  0.40% |
|     MAX |  2^24 = 16777216 |     1 |            0.2 |     84x | 179.136 ms |  0.71% | 179.134 ms |  0.71% |
|     MAX | 2^28 = 268435456 |     1 |            0.2 |      9x |    1.871 s |  0.01% |    1.871 s |  0.01% |
|     MAX |      2^10 = 1024 |     4 |            0.2 |   2768x |   1.810 ms |  2.05% |   1.806 ms |  2.04% |
|     MAX |    2^18 = 262144 |     4 |            0.2 |   1680x |   2.596 ms |  1.00% |   2.593 ms |  0.99% |
|     MAX |  2^24 = 16777216 |     4 |            0.2 |     41x |  12.367 ms |  0.22% |  12.364 ms |  0.22% |
|     MAX | 2^28 = 268435456 |     4 |            0.2 |     11x | 288.522 ms |  0.04% | 288.522 ms |  0.04% |
|     MIN |      2^10 = 1024 |     1 |              0 |   2128x | 739.421 us |  1.89% | 735.687 us |  1.82% |
|     MIN |    2^18 = 262144 |     1 |              0 |    512x |   2.357 ms |  0.52% |   2.353 ms |  0.50% |
|     MIN |  2^24 = 16777216 |     1 |              0 |     11x |  91.535 ms |  0.05% |  91.532 ms |  0.05% |
|     MIN | 2^28 = 268435456 |     1 |              0 |      7x |    2.276 s |  0.00% |    2.276 s |  0.00% |
|     MIN |      2^10 = 1024 |     4 |              0 |   2448x |   5.792 ms |  0.63% |   5.788 ms |  0.63% |
|     MIN |    2^18 = 262144 |     4 |              0 |    928x |   2.139 ms |  0.63% |   2.136 ms |  0.60% |
|     MIN |  2^24 = 16777216 |     4 |              0 |     52x |   9.784 ms |  0.30% |   9.780 ms |  0.30% |
|     MIN | 2^28 = 268435456 |     4 |              0 |     11x | 214.680 ms |  0.06% | 214.678 ms |  0.06% |
|     MIN |      2^10 = 1024 |     1 |            0.2 |   1376x | 649.119 us |  2.43% | 645.421 us |  2.35% |
|     MIN |    2^18 = 262144 |     1 |            0.2 |    743x |   2.579 ms |  0.52% |   2.576 ms |  0.50% |
|     MIN |  2^24 = 16777216 |     1 |            0.2 |     84x | 179.376 ms |  0.66% | 179.374 ms |  0.66% |
|     MIN | 2^28 = 268435456 |     1 |            0.2 |      9x |    1.871 s |  0.02% |    1.871 s |  0.02% |
|     MIN |      2^10 = 1024 |     4 |            0.2 |   1776x |   1.808 ms |  2.09% |   1.804 ms |  2.08% |
|     MIN |    2^18 = 262144 |     4 |            0.2 |    194x |   2.590 ms |  0.48% |   2.586 ms |  0.46% |
|     MIN |  2^24 = 16777216 |     4 |            0.2 |     41x |  12.369 ms |  0.25% |  12.366 ms |  0.25% |
|     MIN | 2^28 = 268435456 |     4 |            0.2 |     11x | 288.579 ms |  0.07% | 288.578 ms |  0.07% |

## rank_structs

### [0] Tesla T4

|    T    |     NumRows     | Depth | Nulls | Samples |  CPU Time  | Noise |  GPU Time  | Noise |
|---------|-----------------|-------|-------|---------|------------|-------|------------|-------|
| AVERAGE |     2^10 = 1024 |     0 |     0 |   4048x | 127.332 us | 4.99% | 123.653 us | 3.99% |
| AVERAGE |   2^18 = 262144 |     0 |     0 |   2176x | 311.133 us | 2.91% | 307.359 us | 2.64% |
| AVERAGE | 2^26 = 67108864 |     0 |     0 |     11x | 135.702 ms | 0.05% | 135.699 ms | 0.05% |
| AVERAGE |     2^10 = 1024 |     1 |     0 |   1024x | 498.181 us | 1.41% | 494.418 us | 1.18% |
| AVERAGE |   2^18 = 262144 |     1 |     0 |   1344x |   2.218 ms | 1.13% |   2.214 ms | 1.11% |
| AVERAGE | 2^26 = 67108864 |     1 |     0 |     11x | 757.034 ms | 0.10% | 757.038 ms | 0.10% |
| AVERAGE |     2^10 = 1024 |     8 |     0 |    512x |   1.101 ms | 0.93% |   1.097 ms | 0.87% |
| AVERAGE |   2^18 = 262144 |     8 |     0 |   1232x |   4.504 ms | 1.07% |   4.500 ms | 1.07% |
| AVERAGE | 2^26 = 67108864 |     8 |     0 |     11x |    1.332 s | 0.08% |    1.332 s | 0.08% |
| AVERAGE |     2^10 = 1024 |     0 |     1 |   2560x | 199.132 us | 2.72% | 195.453 us | 1.95% |
| AVERAGE |   2^18 = 262144 |     0 |     1 |    864x | 622.869 us | 1.18% | 619.183 us | 1.02% |
| AVERAGE | 2^26 = 67108864 |     0 |     1 |     11x | 266.255 ms | 0.12% | 266.254 ms | 0.12% |
| AVERAGE |     2^10 = 1024 |     1 |     1 |   1120x | 511.834 us | 1.66% | 508.080 us | 1.48% |
| AVERAGE |   2^18 = 262144 |     1 |     1 |   1872x |   2.213 ms | 1.10% |   2.210 ms | 1.09% |
| AVERAGE | 2^26 = 67108864 |     1 |     1 |     11x | 747.804 ms | 0.06% | 747.809 ms | 0.06% |
| AVERAGE |     2^10 = 1024 |     8 |     1 |    544x |   1.115 ms | 1.00% |   1.112 ms | 0.94% |
| AVERAGE |   2^18 = 262144 |     8 |     1 |    768x |   4.483 ms | 0.90% |   4.480 ms | 0.89% |
| AVERAGE | 2^26 = 67108864 |     8 |     1 |     11x |    1.316 s | 0.09% |    1.316 s | 0.09% |
|   DENSE |     2^10 = 1024 |     0 |     0 |   5040x | 102.976 us | 5.34% |  99.312 us | 3.83% |
|   DENSE |   2^18 = 262144 |     0 |     0 |   1952x | 261.545 us | 2.35% | 257.694 us | 1.80% |
|   DENSE | 2^26 = 67108864 |     0 |     0 |     11x | 124.501 ms | 0.08% | 124.499 ms | 0.08% |
|   DENSE |     2^10 = 1024 |     1 |     0 |   2256x | 474.475 us | 1.97% | 470.722 us | 1.79% |
|   DENSE |   2^18 = 262144 |     1 |     0 |   1792x |   2.180 ms | 1.16% |   2.177 ms | 1.15% |
|   DENSE | 2^26 = 67108864 |     1 |     0 |     11x | 744.497 ms | 0.06% | 744.502 ms | 0.06% |
|   DENSE |     2^10 = 1024 |     8 |     0 |   2144x |   1.080 ms | 3.08% |   1.076 ms | 3.06% |
|   DENSE |   2^18 = 262144 |     8 |     0 |    944x |   4.494 ms | 1.21% |   4.491 ms | 1.20% |
|   DENSE | 2^26 = 67108864 |     8 |     0 |     11x |    1.318 s | 0.09% |    1.318 s | 0.09% |
|   DENSE |     2^10 = 1024 |     0 |     1 |   2944x | 174.352 us | 2.84% | 170.546 us | 1.74% |
|   DENSE |   2^18 = 262144 |     0 |     1 |    880x | 577.238 us | 1.19% | 573.423 us | 0.98% |
|   DENSE | 2^26 = 67108864 |     0 |     1 |     11x | 254.246 ms | 0.09% | 254.245 ms | 0.09% |
|   DENSE |     2^10 = 1024 |     1 |     1 |   2144x | 488.721 us | 1.83% | 484.952 us | 1.66% |
|   DENSE |   2^18 = 262144 |     1 |     1 |   1456x |   2.166 ms | 1.16% |   2.162 ms | 1.15% |
|   DENSE | 2^26 = 67108864 |     1 |     1 |     11x | 735.486 ms | 0.12% | 735.490 ms | 0.12% |
|   DENSE |     2^10 = 1024 |     8 |     1 |    560x |   1.092 ms | 1.09% |   1.089 ms | 1.04% |
|   DENSE |   2^18 = 262144 |     8 |     1 |   1136x |   4.471 ms | 1.01% |   4.467 ms | 1.01% |
|   DENSE | 2^26 = 67108864 |     8 |     1 |     11x |    1.304 s | 0.08% |    1.304 s | 0.08% |
|   FIRST |     2^10 = 1024 |     0 |     0 |   7840x |  67.616 us | 8.20% |  63.873 us | 5.70% |
|   FIRST |   2^18 = 262144 |     0 |     0 |   2464x | 207.160 us | 2.71% | 203.418 us | 1.97% |
|   FIRST | 2^26 = 67108864 |     0 |     0 |     11x |  98.051 ms | 0.08% |  98.048 ms | 0.08% |
|   FIRST |     2^10 = 1024 |     1 |     0 |   1280x | 395.201 us | 1.31% | 391.412 us | 0.88% |
|   FIRST |   2^18 = 262144 |     1 |     0 |   1360x |   2.088 ms | 1.17% |   2.084 ms | 1.15% |
|   FIRST | 2^26 = 67108864 |     1 |     0 |     11x | 712.292 ms | 0.06% | 712.296 ms | 0.06% |
|   FIRST |     2^10 = 1024 |     8 |     0 |    752x | 711.440 us | 1.00% | 707.684 us | 0.84% |
|   FIRST |   2^18 = 262144 |     8 |     0 |   1136x |   4.127 ms | 0.76% |   4.123 ms | 0.75% |
|   FIRST | 2^26 = 67108864 |     8 |     0 |     11x |    1.260 s | 0.07% |    1.260 s | 0.07% |
|   FIRST |     2^10 = 1024 |     0 |     1 |   3712x | 138.511 us | 3.41% | 134.861 us | 2.05% |
|   FIRST |   2^18 = 262144 |     0 |     1 |   1360x | 529.758 us | 1.18% | 525.956 us | 0.93% |
|   FIRST | 2^26 = 67108864 |     0 |     1 |     11x | 227.257 ms | 0.18% | 227.256 ms | 0.18% |
|   FIRST |     2^10 = 1024 |     1 |     1 |   1232x | 410.059 us | 1.58% | 406.279 us | 1.26% |
|   FIRST |   2^18 = 262144 |     1 |     1 |   1312x |   2.074 ms | 1.19% |   2.071 ms | 1.16% |
|   FIRST | 2^26 = 67108864 |     1 |     1 |     11x | 705.181 ms | 0.06% | 705.184 ms | 0.06% |
|   FIRST |     2^10 = 1024 |     8 |     1 |   1424x | 724.529 us | 0.87% | 720.833 us | 0.69% |
|   FIRST |   2^18 = 262144 |     8 |     1 |   1296x |   4.101 ms | 0.79% |   4.097 ms | 0.78% |
|   FIRST | 2^26 = 67108864 |     8 |     1 |     11x |    1.246 s | 0.10% |    1.246 s | 0.10% |
|     MAX |     2^10 = 1024 |     0 |     0 |   4096x | 126.144 us | 4.49% | 122.357 us | 3.24% |
|     MAX |   2^18 = 262144 |     0 |     0 |   2000x | 290.552 us | 3.00% | 286.749 us | 2.68% |
|     MAX | 2^26 = 67108864 |     0 |     0 |     11x | 126.219 ms | 0.07% | 126.217 ms | 0.07% |
|     MAX |     2^10 = 1024 |     1 |     0 |   1024x | 498.493 us | 1.40% | 494.649 us | 1.15% |
|     MAX |   2^18 = 262144 |     1 |     0 |   1360x |   2.204 ms | 1.12% |   2.200 ms | 1.10% |
|     MAX | 2^26 = 67108864 |     1 |     0 |     11x | 746.434 ms | 0.08% | 746.437 ms | 0.08% |
|     MAX |     2^10 = 1024 |     8 |     0 |    464x |   1.105 ms | 1.10% |   1.101 ms | 1.04% |
|     MAX |   2^18 = 262144 |     8 |     0 |   1088x |   4.532 ms | 0.84% |   4.529 ms | 0.84% |
|     MAX | 2^26 = 67108864 |     8 |     0 |     11x |    1.321 s | 0.07% |    1.321 s | 0.07% |
|     MAX |     2^10 = 1024 |     0 |     1 |   2576x | 198.320 us | 2.85% | 194.607 us | 2.10% |
|     MAX |   2^18 = 262144 |     0 |     1 |   1536x | 603.142 us | 1.50% | 599.388 us | 1.37% |
|     MAX | 2^26 = 67108864 |     0 |     1 |     11x | 256.283 ms | 0.18% | 256.282 ms | 0.18% |
|     MAX |     2^10 = 1024 |     1 |     1 |    992x | 512.288 us | 1.63% | 508.520 us | 1.44% |
|     MAX |   2^18 = 262144 |     1 |     1 |   1408x |   2.189 ms | 1.10% |   2.185 ms | 1.08% |
|     MAX | 2^26 = 67108864 |     1 |     1 |     11x | 737.728 ms | 0.08% | 737.732 ms | 0.08% |
|     MAX |     2^10 = 1024 |     8 |     1 |   1792x |   1.116 ms | 1.55% |   1.112 ms | 1.51% |
|     MAX |   2^18 = 262144 |     8 |     1 |   1360x |   4.497 ms | 1.09% |   4.494 ms | 1.08% |
|     MAX | 2^26 = 67108864 |     8 |     1 |     11x |    1.306 s | 0.08% |    1.306 s | 0.08% |
|     MIN |     2^10 = 1024 |     0 |     0 |   4096x | 126.152 us | 4.65% | 122.466 us | 3.55% |
|     MIN |   2^18 = 262144 |     0 |     0 |   1760x | 289.576 us | 2.20% | 285.759 us | 1.74% |
|     MIN | 2^26 = 67108864 |     0 |     0 |     11x | 126.261 ms | 0.06% | 126.258 ms | 0.06% |
|     MIN |     2^10 = 1024 |     1 |     0 |   2176x | 498.639 us | 2.13% | 494.854 us | 2.00% |
|     MIN |   2^18 = 262144 |     1 |     0 |   1312x |   2.203 ms | 0.98% |   2.199 ms | 0.97% |
|     MIN | 2^26 = 67108864 |     1 |     0 |     11x | 746.190 ms | 0.05% | 746.195 ms | 0.05% |
|     MIN |     2^10 = 1024 |     8 |     0 |    624x |   1.104 ms | 1.07% |   1.100 ms | 1.01% |
|     MIN |   2^18 = 262144 |     8 |     0 |   1040x |   4.527 ms | 0.88% |   4.524 ms | 0.87% |
|     MIN | 2^26 = 67108864 |     8 |     0 |     11x |    1.320 s | 0.07% |    1.320 s | 0.07% |
|     MIN |     2^10 = 1024 |     0 |     1 |   2576x | 198.164 us | 2.73% | 194.459 us | 1.95% |
|     MIN |   2^18 = 262144 |     0 |     1 |    848x | 601.554 us | 1.18% | 597.749 us | 0.98% |
|     MIN | 2^26 = 67108864 |     0 |     1 |     11x | 256.486 ms | 0.13% | 256.484 ms | 0.13% |
|     MIN |     2^10 = 1024 |     1 |     1 |   2848x | 512.671 us | 3.07% | 508.878 us | 2.96% |
|     MIN |   2^18 = 262144 |     1 |     1 |   1360x |   2.188 ms | 1.00% |   2.184 ms | 0.99% |
|     MIN | 2^26 = 67108864 |     1 |     1 |     11x | 737.312 ms | 0.11% | 737.315 ms | 0.11% |
|     MIN |     2^10 = 1024 |     8 |     1 |    576x |   1.118 ms | 1.02% |   1.114 ms | 0.96% |
|     MIN |   2^18 = 262144 |     8 |     1 |    672x |   4.493 ms | 0.94% |   4.489 ms | 0.93% |
|     MIN | 2^26 = 67108864 |     8 |     1 |     11x |    1.306 s | 0.07% |    1.306 s | 0.07% |

## segmented_sort

### [0] Tesla T4

| stable |    size_bytes    | null_frequency | row_width |   bytes   | Samples |  CPU Time  | Noise  |  GPU Time  | Noise |  Elem/s  |   GlobalMem BW   |      BWUtil      |
|--------|------------------|----------------|-----------|-----------|---------|------------|--------|------------|-------|----------|------------------|------------------|
|      0 |     2^16 = 65536 |              0 |        16 |     65536 |   7712x |  68.700 us | 10.21% |  64.943 us | 8.61% |   1.009G |      16.636 GB/s |            5.20% |
|      1 |     2^16 = 65536 |              0 |        16 |     65536 |   7792x |  67.994 us |  7.33% |  64.250 us | 4.38% |   1.020G |      16.815 GB/s |            5.25% |
|      0 |    2^18 = 262144 |              0 |        16 |    262144 |   5232x |  99.410 us |  4.94% |  95.597 us | 2.79% |   2.742G |      45.204 GB/s |           14.12% |
|      1 |    2^18 = 262144 |              0 |        16 |    262144 |   5200x | 100.230 us |  6.07% |  96.415 us | 4.50% |   2.719G |      44.821 GB/s |           14.00% |
|      0 |   2^20 = 1048576 |              0 |        16 |   1048576 |   2304x | 221.246 us |  2.52% | 217.258 us | 1.68% |   4.826G |      79.563 GB/s |           24.86% |
|      1 |   2^20 = 1048576 |              0 |        16 |   1048576 |   2288x | 222.507 us |  2.55% | 218.563 us | 1.72% |   4.798G |      79.087 GB/s |           24.71% |
|      0 |   2^22 = 4194304 |              0 |        16 |   4194304 |   1488x | 714.997 us |  1.48% | 710.779 us | 1.35% |   5.901G |      97.277 GB/s |           30.39% |
|      1 |   2^22 = 4194304 |              0 |        16 |   4194304 |    960x | 714.889 us |  1.18% | 710.718 us | 1.03% |   5.902G |      97.285 GB/s |           30.40% |
|      0 |  2^24 = 16777216 |              0 |        16 |  16777216 |    768x |   2.687 ms |  0.80% |   2.683 ms | 0.78% |   6.253G |     103.080 GB/s |           32.21% |
|      1 |  2^24 = 16777216 |              0 |        16 |  16777216 |    608x |   2.688 ms |  0.72% |   2.683 ms | 0.70% |   6.252G |     103.068 GB/s |           32.20% |
|      0 | 2^28 = 268435456 |              0 |        16 | 268435456 |     84x |  42.682 ms |  0.50% |  42.676 ms | 0.50% |   6.290G |     103.690 GB/s |           32.40% |
|      1 | 2^28 = 268435456 |              0 |        16 | 268435456 |     12x |  42.725 ms |  0.45% |  42.720 ms | 0.44% |   6.284G |     103.583 GB/s |           32.36% |
|      0 |     2^16 = 65536 |            0.1 |        16 |     65536 |   2928x | 483.186 us |  3.80% | 479.492 us | 3.71% | 136.678M |       2.253 GB/s |            0.70% |
|      1 |     2^16 = 65536 |            0.1 |        16 |     65536 |   1088x | 478.215 us |  1.02% | 474.514 us | 0.64% | 138.112M |       2.277 GB/s |            0.71% |
|      0 |    2^18 = 262144 |            0.1 |        16 |    262144 |    960x | 530.867 us |  0.89% | 527.147 us | 0.53% | 497.289M |       8.198 GB/s |            2.56% |
|      1 |    2^18 = 262144 |            0.1 |        16 |    262144 |   1840x | 530.313 us |  1.01% | 526.642 us | 0.71% | 497.765M |       8.206 GB/s |            2.56% |
|      0 |   2^20 = 1048576 |            0.1 |        16 |   1048576 |    880x | 736.797 us |  1.01% | 733.128 us | 0.87% |   1.430G |      23.578 GB/s |            7.37% |
|      1 |   2^20 = 1048576 |            0.1 |        16 |   1048576 |    704x | 735.797 us |  1.07% | 732.143 us | 0.95% |   1.432G |      23.610 GB/s |            7.38% |
|      0 |   2^22 = 4194304 |            0.1 |        16 |   4194304 |    447x |   4.121 ms |  0.51% |   4.117 ms | 0.50% |   1.019G |      16.796 GB/s |            5.25% |
|      1 |   2^22 = 4194304 |            0.1 |        16 |   4194304 |    122x |   4.116 ms |  0.40% |   4.112 ms | 0.38% |   1.020G |      16.816 GB/s |            5.25% |
|      0 |  2^24 = 16777216 |            0.1 |        16 |  16777216 |     33x |  15.585 ms |  0.34% |  15.581 ms | 0.34% |   1.077G |      17.751 GB/s |            5.55% |
|      1 |  2^24 = 16777216 |            0.1 |        16 |  16777216 |     33x |  15.560 ms |  0.25% |  15.556 ms | 0.25% |   1.078G |      17.778 GB/s |            5.55% |
|      0 | 2^28 = 268435456 |            0.1 |        16 | 268435456 |     11x | 216.538 ms |  0.16% | 216.536 ms | 0.16% |   1.240G |      20.436 GB/s |            6.38% |
|      1 | 2^28 = 268435456 |            0.1 |        16 | 268435456 |     11x | 216.779 ms |  0.26% | 216.778 ms | 0.26% |   1.238G |      20.413 GB/s |            6.38% |
|      0 |     2^16 = 65536 |              0 |       128 |     65536 |   5648x |  92.390 us |  5.31% |  88.539 us | 2.95% | 740.194M |      92.594 GB/s |           28.93% |
|      1 |     2^16 = 65536 |              0 |       128 |     65536 |   5696x |  91.832 us |  5.06% |  88.005 us | 2.54% | 744.682M |      93.156 GB/s |           29.11% |
|      0 |    2^18 = 262144 |              0 |       128 |    262144 |   2720x | 223.407 us |  3.26% | 219.359 us | 2.62% |   1.195G |     149.489 GB/s |           46.71% |
|      1 |    2^18 = 262144 |              0 |       128 |    262144 |   2608x | 222.387 us |  2.05% | 218.461 us | 0.87% |   1.200G |     150.104 GB/s |           46.90% |
|      0 |   2^20 = 1048576 |              0 |       128 |   1048576 |   2912x | 176.085 us |  3.27% | 172.200 us | 2.33% |   6.089G |     761.714 GB/s |          237.99% |
|      1 |   2^20 = 1048576 |              0 |       128 |   1048576 |   2896x | 177.079 us |  3.66% | 173.187 us | 2.85% |   6.055G |     757.374 GB/s |          236.63% |
|      0 |   2^22 = 4194304 |              0 |       128 |   4194304 |    258x |   4.470 ms |  0.51% |   4.466 ms | 0.50% | 939.182M |     117.483 GB/s |           36.71% |
|      1 |   2^22 = 4194304 |              0 |       128 |   4194304 |    113x |   4.467 ms |  0.33% |   4.463 ms | 0.32% | 939.769M |     117.557 GB/s |           36.73% |
|      0 |  2^24 = 16777216 |              0 |       128 |  16777216 |     32x |  15.745 ms |  0.34% |  15.741 ms | 0.34% |   1.066G |     133.325 GB/s |           41.66% |
|      1 |  2^24 = 16777216 |              0 |       128 |  16777216 |     32x |  15.751 ms |  0.26% |  15.747 ms | 0.26% |   1.065G |     133.276 GB/s |           41.64% |
|      0 | 2^28 = 268435456 |              0 |       128 | 268435456 |     11x | 222.913 ms |  0.11% | 222.911 ms | 0.11% |   1.204G |   82753.778 PB/s |  25855384617.58% |
|      1 | 2^28 = 268435456 |              0 |       128 | 268435456 |     11x | 222.889 ms |  0.07% | 222.887 ms | 0.07% |   1.204G |   82762.703 PB/s |  25858173093.08% |
|      0 |     2^16 = 65536 |            0.1 |       128 |     65536 |   2544x | 569.528 us |  1.89% | 565.844 us | 1.77% | 115.820M |      14.488 GB/s |            4.53% |
|      1 |     2^16 = 65536 |            0.1 |       128 |     65536 |   2048x | 566.897 us |  1.13% | 563.256 us | 0.93% | 116.352M |      14.555 GB/s |            4.55% |
|      0 |    2^18 = 262144 |            0.1 |       128 |    262144 |    864x | 584.272 us |  0.92% | 580.589 us | 0.66% | 451.514M |      56.480 GB/s |           17.65% |
|      1 |    2^18 = 262144 |            0.1 |       128 |    262144 |    864x | 583.660 us |  0.95% | 579.984 us | 0.70% | 451.985M |      56.539 GB/s |           17.66% |
|      0 |   2^20 = 1048576 |            0.1 |       128 |   1048576 |   1280x | 827.361 us |  0.92% | 823.678 us | 0.81% |   1.273G |     159.246 GB/s |           49.75% |
|      1 |   2^20 = 1048576 |            0.1 |       128 |   1048576 |    816x | 829.730 us |  0.97% | 826.053 us | 0.85% |   1.269G |     158.788 GB/s |           49.61% |
|      0 |   2^22 = 4194304 |            0.1 |       128 |   4194304 |    309x |   4.767 ms |  0.51% |   4.763 ms | 0.50% | 880.562M |     110.150 GB/s |           34.42% |
|      1 |   2^22 = 4194304 |            0.1 |       128 |   4194304 |    105x |   4.767 ms |  0.39% |   4.764 ms | 0.38% | 880.497M |     110.142 GB/s |           34.41% |
|      0 |  2^24 = 16777216 |            0.1 |       128 |  16777216 |     29x |  17.702 ms |  0.35% |  17.698 ms | 0.35% | 947.967M |     118.582 GB/s |           37.05% |
|      1 |  2^24 = 16777216 |            0.1 |       128 |  16777216 |     29x |  17.718 ms |  0.29% |  17.714 ms | 0.29% | 947.100M |     118.474 GB/s |           37.02% |
|      0 | 2^28 = 268435456 |            0.1 |       128 | 268435456 |     11x | 240.215 ms |  0.28% | 240.213 ms | 0.28% |   1.117G |   76793.151 PB/s |  23993061053.75% |
|      1 | 2^28 = 268435456 |            0.1 |       128 | 268435456 |     11x | 240.274 ms |  0.28% | 240.272 ms | 0.28% |   1.117G |   76774.283 PB/s |  23987166104.14% |
|      0 |     2^16 = 65536 |              0 |      1024 |     65536 |  10016x |  53.778 us |  8.76% |  49.957 us | 4.07% |   1.312G |       1.304 TB/s |          407.40% |
|      1 |     2^16 = 65536 |              0 |      1024 |     65536 |  10032x |  53.654 us |  8.65% |  49.845 us | 3.93% |   1.315G |       1.307 TB/s |          408.31% |
|      0 |    2^18 = 262144 |              0 |      1024 |    262144 |   7072x |  74.583 us |  6.70% |  70.767 us | 3.83% |   3.704G |       3.682 TB/s |         1150.36% |
|      1 |    2^18 = 262144 |              0 |      1024 |    262144 |   7072x |  74.651 us |  6.18% |  70.824 us | 2.83% |   3.701G |       3.679 TB/s |         1149.43% |
|      0 |   2^20 = 1048576 |              0 |      1024 |   1048576 |   3680x | 177.148 us |  3.60% | 173.276 us | 2.74% |   6.051G |       6.015 TB/s |         1879.24% |
|      1 |   2^20 = 1048576 |              0 |      1024 |   1048576 |   2896x | 176.570 us |  2.58% | 172.702 us | 1.22% |   6.072G |       6.035 TB/s |         1885.49% |
|      0 |   2^22 = 4194304 |              0 |      1024 |   4194304 |   1120x |   4.855 ms |  0.53% |   4.851 ms | 0.52% | 864.569M |     859.329 GB/s |          268.49% |
|      1 |   2^22 = 4194304 |              0 |      1024 |   4194304 |    104x |   4.856 ms |  0.47% |   4.852 ms | 0.46% | 864.494M |     859.255 GB/s |          268.46% |
|      0 |  2^24 = 16777216 |              0 |      1024 |  16777216 |     28x |  17.886 ms |  0.46% |  17.883 ms | 0.46% | 938.177M | 1031536.409 PB/s | 322290669526.06% |
|      1 |  2^24 = 16777216 |              0 |      1024 |  16777216 |     28x |  17.873 ms |  0.38% |  17.869 ms | 0.38% | 938.910M | 1032341.974 PB/s | 322542358305.79% |
|      0 | 2^28 = 268435456 |              0 |      1024 | 268435456 |     11x | 267.392 ms |  0.07% | 267.391 ms | 0.07% |   1.004G |   68987.944 PB/s |  21554421681.11% |
|      1 | 2^28 = 268435456 |              0 |      1024 | 268435456 |     11x | 267.475 ms |  0.09% | 267.473 ms | 0.09% |   1.004G |   68966.673 PB/s |  21547775619.10% |
|      0 |     2^16 = 65536 |            0.1 |      1024 |     65536 |   2928x | 657.471 us |  2.04% | 653.821 us | 1.95% | 100.235M |      99.631 GB/s |           31.13% |
|      1 |     2^16 = 65536 |            0.1 |      1024 |     65536 |   2576x | 654.602 us |  1.07% | 650.964 us | 0.90% | 100.675M |     100.068 GB/s |           31.27% |
|      0 |    2^18 = 262144 |            0.1 |      1024 |    262144 |   1584x | 697.112 us |  0.79% | 693.461 us | 0.59% | 378.023M |     375.732 GB/s |          117.39% |
|      1 |    2^18 = 262144 |            0.1 |      1024 |    262144 |    723x | 695.397 us |  0.66% | 691.793 us | 0.40% | 378.934M |     376.637 GB/s |          117.68% |
|      0 |   2^20 = 1048576 |            0.1 |      1024 |   1048576 |    704x | 944.828 us |  1.14% | 941.152 us | 1.07% |   1.114G |       1.107 TB/s |          345.99% |
|      1 |   2^20 = 1048576 |            0.1 |      1024 |   1048576 |    832x | 947.378 us |  0.89% | 943.709 us | 0.80% |   1.111G |       1.104 TB/s |          345.05% |
|      0 |   2^22 = 4194304 |            0.1 |      1024 |   4194304 |    376x |   5.204 ms |  0.51% |   5.200 ms | 0.50% | 806.557M |     801.669 GB/s |          250.47% |
|      1 |   2^22 = 4194304 |            0.1 |      1024 |   4194304 |     97x |   5.197 ms |  0.39% |   5.193 ms | 0.39% | 807.668M |     802.773 GB/s |          250.82% |
|      0 |  2^24 = 16777216 |            0.1 |      1024 |  16777216 |     26x |  19.678 ms |  0.30% |  19.675 ms | 0.30% | 852.732M |  937588.501 PB/s | 292937818934.80% |
|      1 |  2^24 = 16777216 |            0.1 |      1024 |  16777216 |     26x |  19.760 ms |  0.35% |  19.756 ms | 0.35% | 849.224M |  933731.256 PB/s | 291732670884.29% |
|      0 | 2^28 = 268435456 |            0.1 |      1024 | 268435456 |     11x | 285.468 ms |  0.08% | 285.467 ms | 0.08% | 940.337M |   64619.489 PB/s |  20189552476.44% |
|      1 | 2^28 = 268435456 |            0.1 |      1024 | 268435456 |     11x | 285.466 ms |  0.12% | 285.464 ms | 0.12% | 940.347M |   64620.137 PB/s |  20189754774.11% |

## sort_list

### [0] Tesla T4

|    size_bytes    | depth | num_columns | lists_of_structs | null_frequency | Samples |  CPU Time  | Noise |  GPU Time  | Noise |
|------------------|-------|-------------|------------------|----------------|---------|------------|-------|------------|-------|
|      2^10 = 1024 |     1 |           1 |                0 |              0 |   2832x | 849.177 us | 2.22% | 845.487 us | 2.16% |
|    2^18 = 262144 |     1 |           1 |                0 |              0 |     44x |  11.397 ms | 0.11% |  11.393 ms | 0.10% |
|  2^24 = 16777216 |     1 |           1 |                0 |              0 |     11x | 104.379 ms | 0.07% | 104.376 ms | 0.07% |
| 2^28 = 268435456 |     1 |           1 |                0 |              0 |     11x | 255.283 ms | 0.05% | 255.282 ms | 0.05% |
|  2^24 = 16777216 |     4 |           1 |                0 |              0 |      1x |  274.926 s |  inf% |  274.930 s |  inf% |
| 2^28 = 268435456 |     4 |           1 |                0 |              0 |      1x |  181.867 s |  inf% |  181.869 s |  inf% |
|      2^10 = 1024 |     1 |           1 |                1 |              0 |   1984x |   1.219 ms | 0.88% |   1.216 ms | 0.82% |
|    2^18 = 262144 |     1 |           1 |                1 |              0 |     40x |  12.553 ms | 0.27% |  12.549 ms | 0.27% |
|  2^24 = 16777216 |     1 |           1 |                1 |              0 |     11x | 149.331 ms | 0.44% | 149.329 ms | 0.44% |
| 2^28 = 268435456 |     1 |           1 |                1 |              0 |     11x |    1.103 s | 0.10% |    1.103 s | 0.10% |
|  2^24 = 16777216 |     4 |           1 |                1 |              0 |     11x | 122.525 ms | 0.32% | 122.523 ms | 0.32% |
| 2^28 = 268435456 |     4 |           1 |                1 |              0 |      3x |    6.214 s |  inf% |    6.214 s |  inf% |
|      2^10 = 1024 |     1 |           1 |                0 |            0.2 |   1088x | 463.610 us | 1.52% | 459.866 us | 1.27% |
|    2^18 = 262144 |     1 |           1 |                0 |            0.2 |    102x |   4.951 ms | 0.32% |   4.948 ms | 0.32% |
|  2^24 = 16777216 |     1 |           1 |                0 |            0.2 |     69x |   9.369 ms | 0.50% |   9.365 ms | 0.50% |
| 2^28 = 268435456 |     1 |           1 |                0 |            0.2 |     11x | 299.270 ms | 0.08% | 299.269 ms | 0.08% |
|  2^24 = 16777216 |     4 |           1 |                0 |            0.2 |      1x |   25.559 s |  inf% |   25.559 s |  inf% |
| 2^28 = 268435456 |     4 |           1 |                0 |            0.2 |      1x |   27.873 s |  inf% |   27.873 s |  inf% |
|      2^10 = 1024 |     1 |           1 |                1 |            0.2 |    544x | 928.837 us | 1.14% | 925.209 us | 1.06% |
|    2^18 = 262144 |     1 |           1 |                1 |            0.2 |     82x |   6.137 ms | 0.31% |   6.133 ms | 0.30% |
|  2^24 = 16777216 |     1 |           1 |                1 |            0.2 |    365x |  41.072 ms | 0.60% |  41.068 ms | 0.60% |
| 2^28 = 268435456 |     1 |           1 |                1 |            0.2 |     11x | 936.168 ms | 0.06% | 936.174 ms | 0.06% |
|  2^24 = 16777216 |     4 |           1 |                1 |            0.2 |    201x |  28.917 ms | 0.50% |  28.913 ms | 0.50% |
| 2^28 = 268435456 |     4 |           1 |                1 |            0.2 |     11x | 572.625 ms | 0.01% | 572.628 ms | 0.01% |

## sort_struct

### [0] Tesla T4

|     NumRows     | Depth | Nulls | Samples |  CPU Time  | Noise |  GPU Time  | Noise |
|-----------------|-------|-------|---------|------------|-------|------------|-------|
|     2^10 = 1024 |     0 |     0 |   9328x |  57.262 us | 8.86% |  53.637 us | 5.67% |
|   2^18 = 262144 |     0 |     0 |   2944x | 174.026 us | 2.96% | 170.302 us | 1.98% |
| 2^26 = 67108864 |     0 |     0 |     19x |  27.046 ms | 0.12% |  27.043 ms | 0.12% |
|     2^10 = 1024 |     1 |     0 |   1360x | 372.331 us | 1.68% | 368.487 us | 1.29% |
|   2^18 = 262144 |     1 |     0 |   1504x |   1.887 ms | 1.02% |   1.883 ms | 0.99% |
| 2^26 = 67108864 |     1 |     0 |     11x | 579.862 ms | 0.31% | 579.864 ms | 0.31% |
|     2^10 = 1024 |     8 |     0 |   1104x | 686.567 us | 1.54% | 682.787 us | 1.44% |
|   2^18 = 262144 |     8 |     0 |   1520x |   3.886 ms | 0.78% |   3.883 ms | 0.77% |
| 2^26 = 67108864 |     8 |     0 |     11x |    1.094 s | 0.10% |    1.094 s | 0.10% |
|     2^10 = 1024 |     0 |     1 |   4208x | 122.821 us | 4.27% | 119.167 us | 2.92% |
|   2^18 = 262144 |     0 |     1 |   2224x | 498.942 us | 1.77% | 495.152 us | 1.59% |
| 2^26 = 67108864 |     0 |     1 |     11x | 164.672 ms | 0.32% | 164.669 ms | 0.32% |
|     2^10 = 1024 |     1 |     1 |   2912x | 387.808 us | 4.25% | 384.015 us | 4.12% |
|   2^18 = 262144 |     1 |     1 |   1360x |   1.884 ms | 1.09% |   1.880 ms | 1.07% |
| 2^26 = 67108864 |     1 |     1 |     11x | 579.736 ms | 0.28% | 579.738 ms | 0.28% |
|     2^10 = 1024 |     8 |     1 |   2512x | 699.045 us | 1.31% | 695.271 us | 1.18% |
|   2^18 = 262144 |     8 |     1 |   1264x |   3.889 ms | 0.76% |   3.886 ms | 0.75% |
| 2^26 = 67108864 |     8 |     1 |     11x |    1.083 s | 0.09% |    1.083 s | 0.09% |
