------------------------------------------------------------------------------------------------------------------------
Benchmark                                                              Time             CPU   Iterations UserCounters...
------------------------------------------------------------------------------------------------------------------------
TypeDispatcher/fp64_bandwidth_host/1/1024/1/manual_time             3582 ns        30925 ns       196056 bytes_per_second=4.26014G/s
TypeDispatcher/fp64_bandwidth_host/2/1024/1/manual_time             5634 ns        32919 ns       124371 bytes_per_second=5.41648G/s
TypeDispatcher/fp64_bandwidth_host/4/1024/1/manual_time            10717 ns        37939 ns        65293 bytes_per_second=5.69498G/s
TypeDispatcher/fp64_bandwidth_host/8/1024/1/manual_time            19638 ns        46814 ns        35634 bytes_per_second=6.21613G/s
TypeDispatcher/fp64_bandwidth_host/1/2048/1/manual_time             3547 ns        30880 ns       197453 bytes_per_second=8.603G/s
TypeDispatcher/fp64_bandwidth_host/2/2048/1/manual_time             6406 ns        33436 ns       109327 bytes_per_second=9.52819G/s
TypeDispatcher/fp64_bandwidth_host/4/2048/1/manual_time            10985 ns        38215 ns        63775 bytes_per_second=11.1128G/s
TypeDispatcher/fp64_bandwidth_host/8/2048/1/manual_time            20319 ns        47513 ns        34500 bytes_per_second=12.0156G/s
TypeDispatcher/fp64_bandwidth_host/1/4096/1/manual_time             3931 ns        31232 ns       178110 bytes_per_second=15.5263G/s
TypeDispatcher/fp64_bandwidth_host/2/4096/1/manual_time             6528 ns        33624 ns       107078 bytes_per_second=18.7006G/s
TypeDispatcher/fp64_bandwidth_host/4/4096/1/manual_time            11366 ns        38466 ns        61564 bytes_per_second=21.4808G/s
TypeDispatcher/fp64_bandwidth_host/8/4096/1/manual_time            20977 ns        47723 ns        33398 bytes_per_second=23.2772G/s
TypeDispatcher/fp64_bandwidth_host/1/8192/1/manual_time             4106 ns        31312 ns       170596 bytes_per_second=29.7284G/s
TypeDispatcher/fp64_bandwidth_host/2/8192/1/manual_time             6818 ns        33922 ns       102513 bytes_per_second=35.8101G/s
TypeDispatcher/fp64_bandwidth_host/4/8192/1/manual_time            11964 ns        38809 ns        58488 bytes_per_second=40.8125G/s
TypeDispatcher/fp64_bandwidth_host/8/8192/1/manual_time            22254 ns        49627 ns        31470 bytes_per_second=43.8821G/s
TypeDispatcher/fp64_bandwidth_host/1/16384/1/manual_time            4631 ns        31754 ns       151092 bytes_per_second=52.7169G/s
TypeDispatcher/fp64_bandwidth_host/2/16384/1/manual_time            7801 ns        34578 ns        89731 bytes_per_second=62.5881G/s
TypeDispatcher/fp64_bandwidth_host/4/16384/1/manual_time           13874 ns        41329 ns        50443 bytes_per_second=70.3866G/s
TypeDispatcher/fp64_bandwidth_host/8/16384/1/manual_time           26139 ns        53650 ns        26740 bytes_per_second=74.7208G/s
TypeDispatcher/fp64_bandwidth_host/1/32768/1/manual_time            6028 ns        33057 ns       116191 bytes_per_second=81.0032G/s
TypeDispatcher/fp64_bandwidth_host/2/32768/1/manual_time           10431 ns        37777 ns        67113 bytes_per_second=93.6246G/s
TypeDispatcher/fp64_bandwidth_host/4/32768/1/manual_time           18919 ns        46495 ns        37015 bytes_per_second=103.234G/s
TypeDispatcher/fp64_bandwidth_host/8/32768/1/manual_time           35641 ns        63674 ns        19640 bytes_per_second=109.6G/s
TypeDispatcher/fp64_bandwidth_host/1/65536/1/manual_time            8050 ns        35157 ns        87021 bytes_per_second=121.305G/s
TypeDispatcher/fp64_bandwidth_host/2/65536/1/manual_time           14235 ns        41742 ns        49198 bytes_per_second=137.207G/s
TypeDispatcher/fp64_bandwidth_host/4/65536/1/manual_time           26781 ns        54851 ns        26131 bytes_per_second=145.856G/s
TypeDispatcher/fp64_bandwidth_host/8/65536/1/manual_time           51527 ns        79703 ns        13584 bytes_per_second=151.62G/s
TypeDispatcher/fp64_bandwidth_host/1/131072/1/manual_time          12289 ns        39823 ns        56969 bytes_per_second=158.932G/s
TypeDispatcher/fp64_bandwidth_host/2/131072/1/manual_time          22843 ns        50849 ns        30631 bytes_per_second=171.003G/s
TypeDispatcher/fp64_bandwidth_host/4/131072/1/manual_time          43580 ns        71625 ns        16065 bytes_per_second=179.267G/s
TypeDispatcher/fp64_bandwidth_host/8/131072/1/manual_time          85177 ns       113206 ns         8218 bytes_per_second=183.441G/s
TypeDispatcher/fp64_bandwidth_host/1/262144/1/manual_time          21246 ns        49293 ns        32959 bytes_per_second=183.855G/s
TypeDispatcher/fp64_bandwidth_host/2/262144/1/manual_time          40148 ns        68237 ns        17443 bytes_per_second=194.593G/s
TypeDispatcher/fp64_bandwidth_host/4/262144/1/manual_time          77927 ns       106156 ns         8982 bytes_per_second=200.507G/s
TypeDispatcher/fp64_bandwidth_host/8/262144/1/manual_time         153450 ns       181810 ns         4561 bytes_per_second=203.649G/s
TypeDispatcher/fp64_bandwidth_host/1/524288/1/manual_time          38223 ns        66656 ns        18316 bytes_per_second=204.393G/s
TypeDispatcher/fp64_bandwidth_host/2/524288/1/manual_time          74466 ns       102638 ns         9398 bytes_per_second=209.827G/s
TypeDispatcher/fp64_bandwidth_host/4/524288/1/manual_time         146870 ns       174757 ns         4763 bytes_per_second=212.774G/s
TypeDispatcher/fp64_bandwidth_host/8/524288/1/manual_time         292141 ns       320741 ns         2396 bytes_per_second=213.938G/s
TypeDispatcher/fp64_bandwidth_host/1/1048576/1/manual_time         72289 ns       100286 ns         9697 bytes_per_second=216.147G/s
TypeDispatcher/fp64_bandwidth_host/2/1048576/1/manual_time        142430 ns       170371 ns         4916 bytes_per_second=219.406G/s
TypeDispatcher/fp64_bandwidth_host/4/1048576/1/manual_time        283147 ns       311380 ns         2473 bytes_per_second=220.733G/s
TypeDispatcher/fp64_bandwidth_host/8/1048576/1/manual_time        564489 ns       593352 ns         1240 bytes_per_second=221.439G/s
TypeDispatcher/fp64_bandwidth_host/1/2097152/1/manual_time        140097 ns       168048 ns         4994 bytes_per_second=223.059G/s
TypeDispatcher/fp64_bandwidth_host/2/2097152/1/manual_time        278360 ns       306834 ns         2514 bytes_per_second=224.53G/s
TypeDispatcher/fp64_bandwidth_host/4/2097152/1/manual_time        554934 ns       583466 ns         1259 bytes_per_second=225.252G/s
TypeDispatcher/fp64_bandwidth_host/8/2097152/1/manual_time       1108066 ns      1137333 ns          632 bytes_per_second=225.618G/s
TypeDispatcher/fp64_bandwidth_host/1/4194304/1/manual_time        276027 ns       304369 ns         2534 bytes_per_second=226.427G/s
TypeDispatcher/fp64_bandwidth_host/2/4194304/1/manual_time        550367 ns       578898 ns         1272 bytes_per_second=227.121G/s
TypeDispatcher/fp64_bandwidth_host/4/4194304/1/manual_time       1098894 ns      1127910 ns          637 bytes_per_second=227.502G/s
TypeDispatcher/fp64_bandwidth_host/8/4194304/1/manual_time       2196306 ns      2225771 ns          319 bytes_per_second=227.655G/s
TypeDispatcher/fp64_bandwidth_host/1/8388608/1/manual_time        548088 ns       576844 ns         1277 bytes_per_second=228.066G/s
TypeDispatcher/fp64_bandwidth_host/2/8388608/1/manual_time       1094241 ns      1123157 ns          639 bytes_per_second=228.469G/s
TypeDispatcher/fp64_bandwidth_host/4/8388608/1/manual_time       2186800 ns      2216686 ns          320 bytes_per_second=228.645G/s
TypeDispatcher/fp64_bandwidth_host/8/8388608/1/manual_time       4370949 ns      4401498 ns          160 bytes_per_second=228.783G/s
TypeDispatcher/fp64_bandwidth_host/1/16777216/1/manual_time      1092163 ns      1121684 ns          641 bytes_per_second=228.904G/s
TypeDispatcher/fp64_bandwidth_host/2/16777216/1/manual_time      2182760 ns      2212305 ns          321 bytes_per_second=229.068G/s
TypeDispatcher/fp64_bandwidth_host/4/16777216/1/manual_time      4362830 ns      4394079 ns          160 bytes_per_second=229.209G/s
TypeDispatcher/fp64_bandwidth_host/8/16777216/1/manual_time      8723816 ns      8754849 ns           80 bytes_per_second=229.257G/s
TypeDispatcher/fp64_bandwidth_host/1/33554432/1/manual_time      2180718 ns      2210963 ns          321 bytes_per_second=229.282G/s
TypeDispatcher/fp64_bandwidth_host/2/33554432/1/manual_time      4359066 ns      4389609 ns          161 bytes_per_second=229.407G/s
TypeDispatcher/fp64_bandwidth_host/4/33554432/1/manual_time      8715218 ns      8747320 ns           80 bytes_per_second=229.484G/s
TypeDispatcher/fp64_bandwidth_host/8/33554432/1/manual_time     17429421 ns     17460130 ns           40 bytes_per_second=229.497G/s
TypeDispatcher/fp64_bandwidth_host/1/67108864/1/manual_time      4357247 ns      4388045 ns          161 bytes_per_second=229.503G/s
TypeDispatcher/fp64_bandwidth_host/2/67108864/1/manual_time      8713662 ns      8744415 ns           80 bytes_per_second=229.525G/s
TypeDispatcher/fp64_bandwidth_host/4/67108864/1/manual_time     17423859 ns     17459731 ns           40 bytes_per_second=229.57G/s
TypeDispatcher/fp64_bandwidth_host/8/67108864/1/manual_time     34837100 ns     34873678 ns           20 bytes_per_second=229.64G/s
TypeDispatcher/fp64_bandwidth_device/1/1024/1/manual_time          14681 ns        42054 ns        47421 bytes_per_second=1064.31M/s
TypeDispatcher/fp64_bandwidth_device/2/1024/1/manual_time          15338 ns        42764 ns        45193 bytes_per_second=1.98969G/s
TypeDispatcher/fp64_bandwidth_device/4/1024/1/manual_time          17584 ns        44956 ns        39906 bytes_per_second=3.47101G/s
TypeDispatcher/fp64_bandwidth_device/8/1024/1/manual_time          21055 ns        48375 ns        33355 bytes_per_second=5.7977G/s
TypeDispatcher/fp64_bandwidth_device/1/2048/1/manual_time          14648 ns        41964 ns        48069 bytes_per_second=2.08334G/s
TypeDispatcher/fp64_bandwidth_device/2/2048/1/manual_time          16053 ns        43463 ns        43843 bytes_per_second=3.80214G/s
TypeDispatcher/fp64_bandwidth_device/4/2048/1/manual_time          17894 ns        45191 ns        39107 bytes_per_second=6.82183G/s
TypeDispatcher/fp64_bandwidth_device/8/2048/1/manual_time          21454 ns        48752 ns        32715 bytes_per_second=11.3796G/s
TypeDispatcher/fp64_bandwidth_device/1/4096/1/manual_time          15046 ns        42350 ns        46836 bytes_per_second=4.05658G/s
TypeDispatcher/fp64_bandwidth_device/2/4096/1/manual_time          16140 ns        43430 ns        42621 bytes_per_second=7.56314G/s
TypeDispatcher/fp64_bandwidth_device/4/4096/1/manual_time          18225 ns        45449 ns        38678 bytes_per_second=13.3957G/s
TypeDispatcher/fp64_bandwidth_device/8/4096/1/manual_time          21841 ns        48913 ns        32099 bytes_per_second=22.3561G/s
TypeDispatcher/fp64_bandwidth_device/1/8192/1/manual_time          15219 ns        42460 ns        46156 bytes_per_second=8.0207G/s
TypeDispatcher/fp64_bandwidth_device/2/8192/1/manual_time          16485 ns        43675 ns        42750 bytes_per_second=14.8102G/s
TypeDispatcher/fp64_bandwidth_device/4/8192/1/manual_time          18604 ns        45639 ns        37658 bytes_per_second=26.2457G/s
TypeDispatcher/fp64_bandwidth_device/8/8192/1/manual_time          22345 ns        49666 ns        31358 bytes_per_second=43.7037G/s
TypeDispatcher/fp64_bandwidth_device/1/16384/1/manual_time         15652 ns        42806 ns        44751 bytes_per_second=15.5981G/s
TypeDispatcher/fp64_bandwidth_device/2/16384/1/manual_time         17213 ns        44267 ns        40456 bytes_per_second=28.3667G/s
TypeDispatcher/fp64_bandwidth_device/4/16384/1/manual_time         19815 ns        46893 ns        35072 bytes_per_second=49.2829G/s
TypeDispatcher/fp64_bandwidth_device/8/16384/1/manual_time         24940 ns        52592 ns        28137 bytes_per_second=78.3139G/s
TypeDispatcher/fp64_bandwidth_device/1/32768/1/manual_time         17205 ns        44231 ns        40964 bytes_per_second=28.3807G/s
TypeDispatcher/fp64_bandwidth_device/2/32768/1/manual_time         19553 ns        46651 ns        35807 bytes_per_second=49.9451G/s
TypeDispatcher/fp64_bandwidth_device/4/32768/1/manual_time         24131 ns        51598 ns        29030 bytes_per_second=80.938G/s
TypeDispatcher/fp64_bandwidth_device/8/32768/1/manual_time         33561 ns        61417 ns        20865 bytes_per_second=116.394G/s
TypeDispatcher/fp64_bandwidth_device/1/65536/1/manual_time         19030 ns        46021 ns        36767 bytes_per_second=51.317G/s
TypeDispatcher/fp64_bandwidth_device/2/65536/1/manual_time         23891 ns        51472 ns        29370 bytes_per_second=81.7511G/s
TypeDispatcher/fp64_bandwidth_device/4/65536/1/manual_time         33189 ns        61041 ns        21170 bytes_per_second=117.697G/s
TypeDispatcher/fp64_bandwidth_device/8/65536/1/manual_time         50965 ns        79073 ns        13754 bytes_per_second=153.291G/s
TypeDispatcher/fp64_bandwidth_device/1/131072/1/manual_time        23290 ns        50741 ns        29969 bytes_per_second=83.8606G/s
TypeDispatcher/fp64_bandwidth_device/2/131072/1/manual_time        32426 ns        60317 ns        21542 bytes_per_second=120.465G/s
TypeDispatcher/fp64_bandwidth_device/4/131072/1/manual_time        50705 ns        78860 ns        13820 bytes_per_second=154.077G/s
TypeDispatcher/fp64_bandwidth_device/8/131072/1/manual_time        87705 ns       115956 ns         7987 bytes_per_second=178.155G/s
TypeDispatcher/fp64_bandwidth_device/1/262144/1/manual_time        31964 ns        59828 ns        21873 bytes_per_second=122.208G/s
TypeDispatcher/fp64_bandwidth_device/2/262144/1/manual_time        49594 ns        77744 ns        14104 bytes_per_second=157.528G/s
TypeDispatcher/fp64_bandwidth_device/4/262144/1/manual_time        85659 ns       114243 ns         8197 bytes_per_second=182.41G/s
TypeDispatcher/fp64_bandwidth_device/8/262144/1/manual_time       155730 ns       183957 ns         4495 bytes_per_second=200.668G/s
TypeDispatcher/fp64_bandwidth_device/1/524288/1/manual_time        49235 ns        77420 ns        14140 bytes_per_second=158.677G/s
TypeDispatcher/fp64_bandwidth_device/2/524288/1/manual_time        84181 ns       112676 ns         8339 bytes_per_second=185.613G/s
TypeDispatcher/fp64_bandwidth_device/4/524288/1/manual_time       153878 ns       181849 ns         4551 bytes_per_second=203.083G/s
TypeDispatcher/fp64_bandwidth_device/8/524288/1/manual_time       295007 ns       323827 ns         2374 bytes_per_second=211.859G/s
TypeDispatcher/fp64_bandwidth_device/1/1048576/1/manual_time       83297 ns       111438 ns         8406 bytes_per_second=187.581G/s
TypeDispatcher/fp64_bandwidth_device/2/1048576/1/manual_time      152605 ns       180817 ns         4593 bytes_per_second=204.778G/s
TypeDispatcher/fp64_bandwidth_device/4/1048576/1/manual_time      293809 ns       322585 ns         2383 bytes_per_second=212.723G/s
TypeDispatcher/fp64_bandwidth_device/8/1048576/1/manual_time      574102 ns       603056 ns         1219 bytes_per_second=217.731G/s
TypeDispatcher/fp64_bandwidth_device/1/2097152/1/manual_time      151395 ns       179493 ns         4624 bytes_per_second=206.413G/s
TypeDispatcher/fp64_bandwidth_device/2/2097152/1/manual_time      290407 ns       319044 ns         2408 bytes_per_second=215.215G/s
TypeDispatcher/fp64_bandwidth_device/4/2097152/1/manual_time      571316 ns       600035 ns         1227 bytes_per_second=218.793G/s
TypeDispatcher/fp64_bandwidth_device/8/2097152/1/manual_time     1128977 ns      1158243 ns          620 bytes_per_second=221.439G/s
TypeDispatcher/fp64_bandwidth_device/1/4194304/1/manual_time      288503 ns       317062 ns         2427 bytes_per_second=216.635G/s
TypeDispatcher/fp64_bandwidth_device/2/4194304/1/manual_time      567605 ns       596960 ns         1234 bytes_per_second=220.224G/s
TypeDispatcher/fp64_bandwidth_device/4/4194304/1/manual_time     1126885 ns      1155820 ns          622 bytes_per_second=221.851G/s
TypeDispatcher/fp64_bandwidth_device/8/4194304/1/manual_time     2244398 ns      2274018 ns          312 bytes_per_second=222.777G/s
TypeDispatcher/fp64_bandwidth_device/1/8388608/1/manual_time      560901 ns       589846 ns         1246 bytes_per_second=222.856G/s
TypeDispatcher/fp64_bandwidth_device/2/8388608/1/manual_time     1114120 ns      1143122 ns          628 bytes_per_second=224.392G/s
TypeDispatcher/fp64_bandwidth_device/4/8388608/1/manual_time     2228378 ns      2258121 ns          314 bytes_per_second=224.378G/s
TypeDispatcher/fp64_bandwidth_device/8/8388608/1/manual_time     4466014 ns      4496016 ns          157 bytes_per_second=223.913G/s
TypeDispatcher/fp64_bandwidth_device/1/16777216/1/manual_time    1106034 ns      1135275 ns          633 bytes_per_second=226.033G/s
TypeDispatcher/fp64_bandwidth_device/2/16777216/1/manual_time    2213931 ns      2242958 ns          316 bytes_per_second=225.843G/s
TypeDispatcher/fp64_bandwidth_device/4/16777216/1/manual_time    4467378 ns      4497190 ns          157 bytes_per_second=223.845G/s
TypeDispatcher/fp64_bandwidth_device/8/16777216/1/manual_time    8916957 ns      8947453 ns           78 bytes_per_second=224.292G/s
TypeDispatcher/fp64_bandwidth_device/1/33554432/1/manual_time    2195542 ns      2225078 ns          319 bytes_per_second=227.734G/s
TypeDispatcher/fp64_bandwidth_device/2/33554432/1/manual_time    4417089 ns      4447105 ns          158 bytes_per_second=226.393G/s
TypeDispatcher/fp64_bandwidth_device/4/33554432/1/manual_time    8869739 ns      8901308 ns           79 bytes_per_second=225.486G/s
TypeDispatcher/fp64_bandwidth_device/8/33554432/1/manual_time   17824194 ns     17854775 ns           39 bytes_per_second=224.414G/s
TypeDispatcher/fp64_bandwidth_device/1/67108864/1/manual_time    4375646 ns      4405638 ns          160 bytes_per_second=228.538G/s
TypeDispatcher/fp64_bandwidth_device/2/67108864/1/manual_time    8815509 ns      8845416 ns           79 bytes_per_second=226.873G/s
TypeDispatcher/fp64_bandwidth_device/4/67108864/1/manual_time   17722034 ns     17754041 ns           40 bytes_per_second=225.708G/s
TypeDispatcher/fp64_bandwidth_device/8/67108864/1/manual_time   35593784 ns     35626073 ns           20 bytes_per_second=224.758G/s
TypeDispatcher/fp64_bandwidth_no/1/1024/1/manual_time               3577 ns        30783 ns       196113 bytes_per_second=4.26602G/s
TypeDispatcher/fp64_bandwidth_no/2/1024/1/manual_time               4156 ns        31265 ns       168353 bytes_per_second=7.34281G/s
TypeDispatcher/fp64_bandwidth_no/4/1024/1/manual_time               5363 ns        32392 ns       130068 bytes_per_second=11.3813G/s
TypeDispatcher/fp64_bandwidth_no/8/1024/1/manual_time               7403 ns        34526 ns        94290 bytes_per_second=16.4894G/s
TypeDispatcher/fp64_bandwidth_no/1/2048/1/manual_time               3884 ns        31153 ns       179994 bytes_per_second=7.85713G/s
TypeDispatcher/fp64_bandwidth_no/2/2048/1/manual_time               4537 ns        31600 ns       154335 bytes_per_second=13.4525G/s
TypeDispatcher/fp64_bandwidth_no/4/2048/1/manual_time               5677 ns        32672 ns       123695 bytes_per_second=21.5011G/s
TypeDispatcher/fp64_bandwidth_no/8/2048/1/manual_time               7925 ns        34998 ns        88508 bytes_per_second=30.8051G/s
TypeDispatcher/fp64_bandwidth_no/1/4096/1/manual_time               4025 ns        31135 ns       173765 bytes_per_second=15.1625G/s
TypeDispatcher/fp64_bandwidth_no/2/4096/1/manual_time               4656 ns        31648 ns       149822 bytes_per_second=26.2173G/s
TypeDispatcher/fp64_bandwidth_no/4/4096/1/manual_time               6099 ns        32948 ns       114444 bytes_per_second=40.0308G/s
TypeDispatcher/fp64_bandwidth_no/8/4096/1/manual_time               8426 ns        35279 ns        82969 bytes_per_second=57.9481G/s
TypeDispatcher/fp64_bandwidth_no/1/8192/1/manual_time               4096 ns        31123 ns       170811 bytes_per_second=29.7999G/s
TypeDispatcher/fp64_bandwidth_no/2/8192/1/manual_time               5000 ns        31882 ns       139401 bytes_per_second=48.8247G/s
TypeDispatcher/fp64_bandwidth_no/4/8192/1/manual_time               6459 ns        33283 ns       108039 bytes_per_second=75.5927G/s
TypeDispatcher/fp64_bandwidth_no/8/8192/1/manual_time               8990 ns        36035 ns        77740 bytes_per_second=108.626G/s
TypeDispatcher/fp64_bandwidth_no/1/16384/1/manual_time              4800 ns        31661 ns       145773 bytes_per_second=50.8582G/s
TypeDispatcher/fp64_bandwidth_no/2/16384/1/manual_time              6159 ns        32893 ns       113529 bytes_per_second=79.2776G/s
TypeDispatcher/fp64_bandwidth_no/4/16384/1/manual_time              8683 ns        35510 ns        80467 bytes_per_second=112.464G/s
TypeDispatcher/fp64_bandwidth_no/8/16384/1/manual_time             13239 ns        40828 ns        52891 bytes_per_second=147.525G/s
TypeDispatcher/fp64_bandwidth_no/1/32768/1/manual_time              6150 ns        32883 ns       113642 bytes_per_second=79.3923G/s
TypeDispatcher/fp64_bandwidth_no/2/32768/1/manual_time              8308 ns        35102 ns        84042 bytes_per_second=117.54G/s
TypeDispatcher/fp64_bandwidth_no/4/32768/1/manual_time             12772 ns        40129 ns        54652 bytes_per_second=152.928G/s
TypeDispatcher/fp64_bandwidth_no/8/32768/1/manual_time             22111 ns        50102 ns        31606 bytes_per_second=176.662G/s
TypeDispatcher/fp64_bandwidth_no/1/65536/1/manual_time              8031 ns        34697 ns        87196 bytes_per_second=121.592G/s
TypeDispatcher/fp64_bandwidth_no/2/65536/1/manual_time             12675 ns        40078 ns        55176 bytes_per_second=154.095G/s
TypeDispatcher/fp64_bandwidth_no/4/65536/1/manual_time             22092 ns        50022 ns        31622 bytes_per_second=176.82G/s
TypeDispatcher/fp64_bandwidth_no/8/65536/1/manual_time             39747 ns        68139 ns        17602 bytes_per_second=196.556G/s
TypeDispatcher/fp64_bandwidth_no/1/131072/1/manual_time            12330 ns        39602 ns        56815 bytes_per_second=158.404G/s
TypeDispatcher/fp64_bandwidth_no/2/131072/1/manual_time            21500 ns        49283 ns        32513 bytes_per_second=181.684G/s
TypeDispatcher/fp64_bandwidth_no/4/131072/1/manual_time            39242 ns        67405 ns        17831 bytes_per_second=199.083G/s
TypeDispatcher/fp64_bandwidth_no/8/131072/1/manual_time            75276 ns       103474 ns         9300 bytes_per_second=207.571G/s
TypeDispatcher/fp64_bandwidth_no/1/262144/1/manual_time            21273 ns        49147 ns        32861 bytes_per_second=183.627G/s
TypeDispatcher/fp64_bandwidth_no/2/262144/1/manual_time            38769 ns        66831 ns        18063 bytes_per_second=201.515G/s
TypeDispatcher/fp64_bandwidth_no/4/262144/1/manual_time            74034 ns       102319 ns         9451 bytes_per_second=211.053G/s
TypeDispatcher/fp64_bandwidth_no/8/262144/1/manual_time           144779 ns       172735 ns         4835 bytes_per_second=215.846G/s
TypeDispatcher/fp64_bandwidth_no/1/524288/1/manual_time            38250 ns        66514 ns        18307 bytes_per_second=204.248G/s
TypeDispatcher/fp64_bandwidth_no/2/524288/1/manual_time            72690 ns       100781 ns         9625 bytes_per_second=214.954G/s
TypeDispatcher/fp64_bandwidth_no/4/524288/1/manual_time           142666 ns       170300 ns         4907 bytes_per_second=219.043G/s
TypeDispatcher/fp64_bandwidth_no/8/524288/1/manual_time           284318 ns       312511 ns         2462 bytes_per_second=219.824G/s
TypeDispatcher/fp64_bandwidth_no/1/1048576/1/manual_time           72334 ns       100347 ns         9677 bytes_per_second=216.011G/s
TypeDispatcher/fp64_bandwidth_no/2/1048576/1/manual_time          141056 ns       168756 ns         4962 bytes_per_second=221.543G/s
TypeDispatcher/fp64_bandwidth_no/4/1048576/1/manual_time          281562 ns       309727 ns         2486 bytes_per_second=221.976G/s
TypeDispatcher/fp64_bandwidth_no/8/1048576/1/manual_time          563990 ns       592481 ns         1241 bytes_per_second=221.635G/s
TypeDispatcher/fp64_bandwidth_no/1/2097152/1/manual_time          140275 ns       167928 ns         4990 bytes_per_second=222.777G/s
TypeDispatcher/fp64_bandwidth_no/2/2097152/1/manual_time          278703 ns       306748 ns         2512 bytes_per_second=224.253G/s
TypeDispatcher/fp64_bandwidth_no/4/2097152/1/manual_time          558363 ns       586661 ns         1253 bytes_per_second=223.869G/s
TypeDispatcher/fp64_bandwidth_no/8/2097152/1/manual_time         1125002 ns      1154082 ns          622 bytes_per_second=222.222G/s
TypeDispatcher/fp64_bandwidth_no/1/4194304/1/manual_time          277166 ns       305356 ns         2524 bytes_per_second=225.497G/s
TypeDispatcher/fp64_bandwidth_no/2/4194304/1/manual_time          554944 ns       583444 ns         1261 bytes_per_second=225.248G/s
TypeDispatcher/fp64_bandwidth_no/4/4194304/1/manual_time         1117433 ns      1146239 ns          626 bytes_per_second=223.727G/s
TypeDispatcher/fp64_bandwidth_no/8/4194304/1/manual_time         2246086 ns      2275220 ns          312 bytes_per_second=222.609G/s
TypeDispatcher/fp64_bandwidth_no/1/8388608/1/manual_time          549898 ns       578422 ns         1273 bytes_per_second=227.315G/s
TypeDispatcher/fp64_bandwidth_no/2/8388608/1/manual_time         1105747 ns      1134286 ns          634 bytes_per_second=226.091G/s
TypeDispatcher/fp64_bandwidth_no/4/8388608/1/manual_time         2227898 ns      2256753 ns          314 bytes_per_second=224.427G/s
TypeDispatcher/fp64_bandwidth_no/8/8388608/1/manual_time         4482105 ns      4512828 ns          156 bytes_per_second=223.109G/s
TypeDispatcher/fp64_bandwidth_no/1/16777216/1/manual_time        1095450 ns      1124420 ns          639 bytes_per_second=228.217G/s
TypeDispatcher/fp64_bandwidth_no/2/16777216/1/manual_time        2208976 ns      2237730 ns          317 bytes_per_second=226.349G/s
TypeDispatcher/fp64_bandwidth_no/4/16777216/1/manual_time        4444986 ns      4475125 ns          157 bytes_per_second=224.973G/s
TypeDispatcher/fp64_bandwidth_no/8/16777216/1/manual_time        9030716 ns      9061227 ns           78 bytes_per_second=221.466G/s
TypeDispatcher/fp64_bandwidth_no/1/33554432/1/manual_time        2186386 ns      2215454 ns          320 bytes_per_second=228.688G/s
TypeDispatcher/fp64_bandwidth_no/2/33554432/1/manual_time        4409203 ns      4438719 ns          159 bytes_per_second=226.798G/s
TypeDispatcher/fp64_bandwidth_no/4/33554432/1/manual_time        8893035 ns      8924593 ns           79 bytes_per_second=224.895G/s
TypeDispatcher/fp64_bandwidth_no/8/33554432/1/manual_time       17939970 ns     17970972 ns           39 bytes_per_second=222.966G/s
TypeDispatcher/fp64_bandwidth_no/1/67108864/1/manual_time        4369581 ns      4399629 ns          160 bytes_per_second=228.855G/s
TypeDispatcher/fp64_bandwidth_no/2/67108864/1/manual_time        8809230 ns      8839640 ns           80 bytes_per_second=227.035G/s
TypeDispatcher/fp64_bandwidth_no/4/67108864/1/manual_time       17800676 ns     17831627 ns           39 bytes_per_second=224.711G/s
TypeDispatcher/fp64_bandwidth_no/8/67108864/1/manual_time       35816254 ns     35847156 ns           20 bytes_per_second=223.362G/s
TypeDispatcher/fp64_compute_host/1/1024/1/manual_time             276745 ns       304234 ns         2529 bytes_per_second=56.4598M/s
TypeDispatcher/fp64_compute_host/2/1024/1/manual_time             553070 ns       580657 ns         1266 bytes_per_second=56.5028M/s
TypeDispatcher/fp64_compute_host/4/1024/1/manual_time            1124564 ns      1152878 ns          623 bytes_per_second=55.5771M/s
TypeDispatcher/fp64_compute_host/8/1024/1/manual_time            2248811 ns      2277027 ns          312 bytes_per_second=55.5849M/s
TypeDispatcher/fp64_compute_host/1/2048/1/manual_time             278829 ns       306457 ns         2511 bytes_per_second=112.076M/s
TypeDispatcher/fp64_compute_host/2/2048/1/manual_time             565966 ns       593480 ns         1238 bytes_per_second=110.431M/s
TypeDispatcher/fp64_compute_host/4/2048/1/manual_time            1129794 ns      1158304 ns          620 bytes_per_second=110.64M/s
TypeDispatcher/fp64_compute_host/8/2048/1/manual_time            2254964 ns      2283115 ns          311 bytes_per_second=110.867M/s
TypeDispatcher/fp64_compute_host/1/4096/1/manual_time             286425 ns       313954 ns         2444 bytes_per_second=218.207M/s
TypeDispatcher/fp64_compute_host/2/4096/1/manual_time             571911 ns       599508 ns         1224 bytes_per_second=218.565M/s
TypeDispatcher/fp64_compute_host/4/4096/1/manual_time            1139146 ns      1166989 ns          615 bytes_per_second=219.463M/s
TypeDispatcher/fp64_compute_host/8/4096/1/manual_time            2277520 ns      2305591 ns          307 bytes_per_second=219.537M/s
TypeDispatcher/fp64_compute_host/1/8192/1/manual_time             287810 ns       315533 ns         2432 bytes_per_second=434.315M/s
TypeDispatcher/fp64_compute_host/2/8192/1/manual_time             573364 ns       600746 ns         1221 bytes_per_second=436.023M/s
TypeDispatcher/fp64_compute_host/4/8192/1/manual_time            1144235 ns      1171953 ns          612 bytes_per_second=436.973M/s
TypeDispatcher/fp64_compute_host/8/8192/1/manual_time            2285129 ns      2314342 ns          306 bytes_per_second=437.612M/s
TypeDispatcher/fp64_compute_host/1/16384/1/manual_time            559937 ns       587435 ns         1251 bytes_per_second=446.479M/s
TypeDispatcher/fp64_compute_host/2/16384/1/manual_time           1120139 ns      1148189 ns          624 bytes_per_second=446.373M/s
TypeDispatcher/fp64_compute_host/4/16384/1/manual_time           2240341 ns      2268737 ns          312 bytes_per_second=446.361M/s
TypeDispatcher/fp64_compute_host/8/16384/1/manual_time           4478049 ns      4508927 ns          156 bytes_per_second=446.623M/s
TypeDispatcher/fp64_compute_host/1/32768/1/manual_time           1115609 ns      1143212 ns          628 bytes_per_second=448.186M/s
TypeDispatcher/fp64_compute_host/2/32768/1/manual_time           2230345 ns      2259021 ns          314 bytes_per_second=448.361M/s
TypeDispatcher/fp64_compute_host/4/32768/1/manual_time           4458036 ns      4487243 ns          157 bytes_per_second=448.628M/s
TypeDispatcher/fp64_compute_host/8/32768/1/manual_time           8915182 ns      8946783 ns           79 bytes_per_second=448.673M/s
TypeDispatcher/fp64_compute_host/1/65536/1/manual_time           1946437 ns      1974817 ns          360 bytes_per_second=513.759M/s
TypeDispatcher/fp64_compute_host/2/65536/1/manual_time           3890768 ns      3920426 ns          180 bytes_per_second=514.037M/s
TypeDispatcher/fp64_compute_host/4/65536/1/manual_time           7779309 ns      7808865 ns           90 bytes_per_second=514.184M/s
TypeDispatcher/fp64_compute_host/8/65536/1/manual_time          15558958 ns     15589469 ns           45 bytes_per_second=514.173M/s
TypeDispatcher/fp64_compute_host/1/131072/1/manual_time          3615619 ns      3645360 ns          194 bytes_per_second=553.156M/s
TypeDispatcher/fp64_compute_host/2/131072/1/manual_time          7229427 ns      7259349 ns           97 bytes_per_second=553.294M/s
TypeDispatcher/fp64_compute_host/4/131072/1/manual_time         14456506 ns     14491806 ns           48 bytes_per_second=553.384M/s
TypeDispatcher/fp64_compute_host/8/131072/1/manual_time         28913053 ns     28949380 ns           24 bytes_per_second=553.383M/s
TypeDispatcher/fp64_compute_host/1/262144/1/manual_time          7218027 ns      7251324 ns           97 bytes_per_second=554.168M/s
TypeDispatcher/fp64_compute_host/2/262144/1/manual_time         14434500 ns     14465536 ns           48 bytes_per_second=554.228M/s
TypeDispatcher/fp64_compute_host/4/262144/1/manual_time         28868626 ns     28903201 ns           24 bytes_per_second=554.235M/s
TypeDispatcher/fp64_compute_host/8/262144/1/manual_time         57733480 ns     57766042 ns           12 bytes_per_second=554.271M/s
TypeDispatcher/fp64_compute_host/1/524288/1/manual_time         14416392 ns     14449050 ns           49 bytes_per_second=554.924M/s
TypeDispatcher/fp64_compute_host/2/524288/1/manual_time         28831285 ns     28863058 ns           24 bytes_per_second=554.953M/s
TypeDispatcher/fp64_compute_host/4/524288/1/manual_time         57657885 ns     57694668 ns           12 bytes_per_second=554.998M/s
TypeDispatcher/fp64_compute_host/8/524288/1/manual_time        115317516 ns    115355819 ns            6 bytes_per_second=554.989M/s
TypeDispatcher/fp64_compute_host/1/1048576/1/manual_time        28565865 ns     28599058 ns           25 bytes_per_second=560.109M/s
TypeDispatcher/fp64_compute_host/2/1048576/1/manual_time        57134227 ns     57165643 ns           12 bytes_per_second=560.085M/s
TypeDispatcher/fp64_compute_host/4/1048576/1/manual_time       114261318 ns    114298908 ns            6 bytes_per_second=560.12M/s
TypeDispatcher/fp64_compute_host/8/1048576/1/manual_time       228519251 ns    228565304 ns            3 bytes_per_second=560.128M/s
TypeDispatcher/fp64_compute_host/1/2097152/1/manual_time        56878454 ns     56916797 ns           12 bytes_per_second=562.603M/s
TypeDispatcher/fp64_compute_host/2/2097152/1/manual_time       113760830 ns    113797679 ns            6 bytes_per_second=562.584M/s
TypeDispatcher/fp64_compute_host/4/2097152/1/manual_time       227522736 ns    227569793 ns            3 bytes_per_second=562.581M/s
TypeDispatcher/fp64_compute_host/8/2097152/1/manual_time       455031306 ns    455070121 ns            2 bytes_per_second=562.599M/s
TypeDispatcher/fp64_compute_host/1/4194304/1/manual_time       113733258 ns    113778657 ns            6 bytes_per_second=562.72M/s
TypeDispatcher/fp64_compute_host/2/4194304/1/manual_time       227457707 ns    227515352 ns            3 bytes_per_second=562.742M/s
TypeDispatcher/fp64_compute_host/4/4194304/1/manual_time       454916790 ns    454974844 ns            2 bytes_per_second=562.74M/s
TypeDispatcher/fp64_compute_host/8/4194304/1/manual_time       909781218 ns    909830019 ns            1 bytes_per_second=562.773M/s
TypeDispatcher/fp64_compute_host/1/8388608/1/manual_time       227386678 ns    227436643 ns            3 bytes_per_second=562.918M/s
TypeDispatcher/fp64_compute_host/2/8388608/1/manual_time       454777747 ns    454836001 ns            2 bytes_per_second=562.912M/s
TypeDispatcher/fp64_compute_host/4/8388608/1/manual_time       909568012 ns    909535428 ns            1 bytes_per_second=562.905M/s
TypeDispatcher/fp64_compute_host/8/8388608/1/manual_time      1819072485 ns   1819067905 ns            1 bytes_per_second=562.924M/s
TypeDispatcher/fp64_compute_host/1/16777216/1/manual_time      454550505 ns    454585974 ns            2 bytes_per_second=563.194M/s
TypeDispatcher/fp64_compute_host/2/16777216/1/manual_time      909092844 ns    909149364 ns            1 bytes_per_second=563.199M/s
TypeDispatcher/fp64_compute_host/4/16777216/1/manual_time     1818251967 ns   1818199027 ns            1 bytes_per_second=563.178M/s
TypeDispatcher/fp64_compute_host/8/16777216/1/manual_time     3636475563 ns   3636372194 ns            1 bytes_per_second=563.183M/s
TypeDispatcher/fp64_compute_host/1/33554432/1/manual_time      908951521 ns    908987913 ns            1 bytes_per_second=563.286M/s
TypeDispatcher/fp64_compute_host/2/33554432/1/manual_time     1817891598 ns   1817906772 ns            1 bytes_per_second=563.29M/s
TypeDispatcher/fp64_compute_host/4/33554432/1/manual_time     3635826826 ns   3635812135 ns            1 bytes_per_second=563.283M/s
TypeDispatcher/fp64_compute_host/8/33554432/1/manual_time     7271641731 ns   7271540363 ns            1 bytes_per_second=563.284M/s
TypeDispatcher/fp64_compute_host/1/67108864/1/manual_time     1817708492 ns   1817742545 ns            1 bytes_per_second=563.347M/s
TypeDispatcher/fp64_compute_host/2/67108864/1/manual_time     3635365486 ns   3635278637 ns            1 bytes_per_second=563.355M/s
TypeDispatcher/fp64_compute_host/4/67108864/1/manual_time     7270936012 ns   7270756882 ns            1 bytes_per_second=563.339M/s
TypeDispatcher/fp64_compute_host/8/67108864/1/manual_time     1.4542e+10 ns   1.4541e+10 ns            1 bytes_per_second=563.344M/s
TypeDispatcher/fp64_compute_device/1/1024/1/manual_time           283868 ns       311536 ns         2466 bytes_per_second=55.0432M/s
TypeDispatcher/fp64_compute_device/2/1024/1/manual_time           556116 ns       585055 ns         1260 bytes_per_second=56.1933M/s
TypeDispatcher/fp64_compute_device/4/1024/1/manual_time          1113204 ns      1141532 ns          627 bytes_per_second=56.1442M/s
TypeDispatcher/fp64_compute_device/8/1024/1/manual_time          2209560 ns      2238578 ns          317 bytes_per_second=56.5723M/s
TypeDispatcher/fp64_compute_device/1/2048/1/manual_time           286303 ns       313965 ns         2445 bytes_per_second=109.15M/s
TypeDispatcher/fp64_compute_device/2/2048/1/manual_time           567175 ns       595248 ns         1235 bytes_per_second=110.195M/s
TypeDispatcher/fp64_compute_device/4/2048/1/manual_time          1117779 ns      1145966 ns          626 bytes_per_second=111.829M/s
TypeDispatcher/fp64_compute_device/8/2048/1/manual_time          2217389 ns      2245823 ns          316 bytes_per_second=112.745M/s
TypeDispatcher/fp64_compute_device/1/4096/1/manual_time           293688 ns       321120 ns         2378 bytes_per_second=212.811M/s
TypeDispatcher/fp64_compute_device/2/4096/1/manual_time           571962 ns       599734 ns         1224 bytes_per_second=218.546M/s
TypeDispatcher/fp64_compute_device/4/4096/1/manual_time          1127144 ns      1155650 ns          622 bytes_per_second=221.799M/s
TypeDispatcher/fp64_compute_device/8/4096/1/manual_time          2232639 ns      2261007 ns          313 bytes_per_second=223.95M/s
TypeDispatcher/fp64_compute_device/1/8192/1/manual_time           296079 ns       324062 ns         2369 bytes_per_second=422.185M/s
TypeDispatcher/fp64_compute_device/2/8192/1/manual_time           574192 ns       601949 ns         1218 bytes_per_second=435.395M/s
TypeDispatcher/fp64_compute_device/4/8192/1/manual_time          1132700 ns      1160937 ns          618 bytes_per_second=441.423M/s
TypeDispatcher/fp64_compute_device/8/8192/1/manual_time          2245906 ns      2274798 ns          312 bytes_per_second=445.255M/s
TypeDispatcher/fp64_compute_device/1/16384/1/manual_time          570486 ns       598359 ns         1227 bytes_per_second=438.223M/s
TypeDispatcher/fp64_compute_device/2/16384/1/manual_time         1127380 ns      1155345 ns          621 bytes_per_second=443.506M/s
TypeDispatcher/fp64_compute_device/4/16384/1/manual_time         2244510 ns      2273246 ns          312 bytes_per_second=445.531M/s
TypeDispatcher/fp64_compute_device/8/16384/1/manual_time         4471634 ns      4501444 ns          156 bytes_per_second=447.264M/s
TypeDispatcher/fp64_compute_device/1/32768/1/manual_time         1127312 ns      1155131 ns          621 bytes_per_second=443.533M/s
TypeDispatcher/fp64_compute_device/2/32768/1/manual_time         2242958 ns      2271549 ns          312 bytes_per_second=445.84M/s
TypeDispatcher/fp64_compute_device/4/32768/1/manual_time         4466614 ns      4496591 ns          157 bytes_per_second=447.766M/s
TypeDispatcher/fp64_compute_device/8/32768/1/manual_time         8914735 ns      8945157 ns           78 bytes_per_second=448.695M/s
TypeDispatcher/fp64_compute_device/1/65536/1/manual_time         1958845 ns      1987463 ns          357 bytes_per_second=510.505M/s
TypeDispatcher/fp64_compute_device/2/65536/1/manual_time         3904543 ns      3934027 ns          179 bytes_per_second=512.224M/s
TypeDispatcher/fp64_compute_device/4/65536/1/manual_time         7794742 ns      7824576 ns           90 bytes_per_second=513.166M/s
TypeDispatcher/fp64_compute_device/8/65536/1/manual_time        15576088 ns     15610692 ns           45 bytes_per_second=513.608M/s
TypeDispatcher/fp64_compute_device/1/131072/1/manual_time        3626800 ns      3655802 ns          193 bytes_per_second=551.45M/s
TypeDispatcher/fp64_compute_device/2/131072/1/manual_time        7241806 ns      7272894 ns           97 bytes_per_second=552.348M/s
TypeDispatcher/fp64_compute_device/4/131072/1/manual_time       14462502 ns     14492338 ns           48 bytes_per_second=553.155M/s
TypeDispatcher/fp64_compute_device/8/131072/1/manual_time       28913040 ns     28946951 ns           24 bytes_per_second=553.384M/s
TypeDispatcher/fp64_compute_device/1/262144/1/manual_time        7227883 ns      7257999 ns           97 bytes_per_second=553.412M/s
TypeDispatcher/fp64_compute_device/2/262144/1/manual_time       14450591 ns     14485777 ns           48 bytes_per_second=553.611M/s
TypeDispatcher/fp64_compute_device/4/262144/1/manual_time       28883847 ns     28914614 ns           24 bytes_per_second=553.943M/s
TypeDispatcher/fp64_compute_device/8/262144/1/manual_time       57745238 ns     57778469 ns           12 bytes_per_second=554.158M/s
TypeDispatcher/fp64_compute_device/1/524288/1/manual_time       14425296 ns     14455764 ns           49 bytes_per_second=554.581M/s
TypeDispatcher/fp64_compute_device/2/524288/1/manual_time       28854745 ns     28889452 ns           24 bytes_per_second=554.502M/s
TypeDispatcher/fp64_compute_device/4/524288/1/manual_time       57703178 ns     57738903 ns           12 bytes_per_second=554.562M/s
TypeDispatcher/fp64_compute_device/8/524288/1/manual_time      115399294 ns    115435818 ns            6 bytes_per_second=554.596M/s
TypeDispatcher/fp64_compute_device/1/1048576/1/manual_time      28574792 ns     28607967 ns           24 bytes_per_second=559.934M/s
TypeDispatcher/fp64_compute_device/2/1048576/1/manual_time      57158273 ns     57195261 ns           12 bytes_per_second=559.849M/s
TypeDispatcher/fp64_compute_device/4/1048576/1/manual_time     114329159 ns    114386793 ns            6 bytes_per_second=559.787M/s
TypeDispatcher/fp64_compute_device/8/1048576/1/manual_time     228640119 ns    228703288 ns            3 bytes_per_second=559.832M/s
TypeDispatcher/fp64_compute_device/1/2097152/1/manual_time      56890176 ns     56923366 ns           12 bytes_per_second=562.487M/s
TypeDispatcher/fp64_compute_device/2/2097152/1/manual_time     113784331 ns    113824722 ns            6 bytes_per_second=562.468M/s
TypeDispatcher/fp64_compute_device/4/2097152/1/manual_time     227544124 ns    227588150 ns            3 bytes_per_second=562.528M/s
TypeDispatcher/fp64_compute_device/8/2097152/1/manual_time     455069020 ns    455114750 ns            2 bytes_per_second=562.552M/s
TypeDispatcher/fp64_compute_device/1/4194304/1/manual_time     113726559 ns    113769766 ns            6 bytes_per_second=562.753M/s
TypeDispatcher/fp64_compute_device/2/4194304/1/manual_time     227500454 ns    227561295 ns            3 bytes_per_second=562.636M/s
TypeDispatcher/fp64_compute_device/4/4194304/1/manual_time     454997271 ns    455052168 ns            2 bytes_per_second=562.641M/s
TypeDispatcher/fp64_compute_device/8/4194304/1/manual_time     909954727 ns    909986265 ns            1 bytes_per_second=562.665M/s
TypeDispatcher/fp64_compute_device/1/8388608/1/manual_time     227367943 ns    227396290 ns            3 bytes_per_second=562.964M/s
TypeDispatcher/fp64_compute_device/2/8388608/1/manual_time     454854250 ns    454890835 ns            2 bytes_per_second=562.818M/s
TypeDispatcher/fp64_compute_device/4/8388608/1/manual_time     909899652 ns    909925055 ns            1 bytes_per_second=562.699M/s
TypeDispatcher/fp64_compute_device/8/8388608/1/manual_time    1819755077 ns   1819746919 ns            1 bytes_per_second=562.713M/s
TypeDispatcher/fp64_compute_device/1/16777216/1/manual_time    454534397 ns    454584110 ns            2 bytes_per_second=563.214M/s
TypeDispatcher/fp64_compute_device/2/16777216/1/manual_time    909268975 ns    909301214 ns            1 bytes_per_second=563.09M/s
TypeDispatcher/fp64_compute_device/4/16777216/1/manual_time   1818715692 ns   1818771322 ns            1 bytes_per_second=563.035M/s
TypeDispatcher/fp64_compute_device/8/16777216/1/manual_time   3637531519 ns   3637358926 ns            1 bytes_per_second=563.019M/s
TypeDispatcher/fp64_compute_device/1/33554432/1/manual_time    908951521 ns    908990854 ns            1 bytes_per_second=563.286M/s
TypeDispatcher/fp64_compute_device/2/33554432/1/manual_time   1818147779 ns   1818101063 ns            1 bytes_per_second=563.211M/s
TypeDispatcher/fp64_compute_device/4/33554432/1/manual_time   3636638641 ns   3636555101 ns            1 bytes_per_second=563.157M/s
TypeDispatcher/fp64_compute_device/8/33554432/1/manual_time   7273260117 ns   7273003000 ns            1 bytes_per_second=563.159M/s
TypeDispatcher/fp64_compute_device/1/67108864/1/manual_time   1817862511 ns   1817850057 ns            1 bytes_per_second=563.299M/s
TypeDispatcher/fp64_compute_device/2/67108864/1/manual_time   3636086702 ns   3636035761 ns            1 bytes_per_second=563.243M/s
TypeDispatcher/fp64_compute_device/4/67108864/1/manual_time   7272878647 ns   7272686721 ns            1 bytes_per_second=563.188M/s
TypeDispatcher/fp64_compute_device/8/67108864/1/manual_time   1.4546e+10 ns   1.4545e+10 ns            1 bytes_per_second=563.183M/s
TypeDispatcher/fp64_compute_no/1/1024/1/manual_time               275611 ns       303382 ns         2540 bytes_per_second=56.6922M/s
TypeDispatcher/fp64_compute_no/2/1024/1/manual_time               555960 ns       583711 ns         1257 bytes_per_second=56.2091M/s
TypeDispatcher/fp64_compute_no/4/1024/1/manual_time              1116047 ns      1143903 ns          627 bytes_per_second=56.0012M/s
TypeDispatcher/fp64_compute_no/8/1024/1/manual_time              2229325 ns      2257452 ns          314 bytes_per_second=56.0708M/s
TypeDispatcher/fp64_compute_no/1/2048/1/manual_time               278196 ns       305656 ns         2517 bytes_per_second=112.331M/s
TypeDispatcher/fp64_compute_no/2/2048/1/manual_time               559682 ns       587312 ns         1250 bytes_per_second=111.671M/s
TypeDispatcher/fp64_compute_no/4/2048/1/manual_time              1118105 ns      1145923 ns          626 bytes_per_second=111.796M/s
TypeDispatcher/fp64_compute_no/8/2048/1/manual_time              2235462 ns      2263817 ns          313 bytes_per_second=111.834M/s
TypeDispatcher/fp64_compute_no/1/4096/1/manual_time               284176 ns       311554 ns         2463 bytes_per_second=219.934M/s
TypeDispatcher/fp64_compute_no/2/4096/1/manual_time               563890 ns       591785 ns         1242 bytes_per_second=221.674M/s
TypeDispatcher/fp64_compute_no/4/4096/1/manual_time              1123427 ns      1151224 ns          624 bytes_per_second=222.533M/s
TypeDispatcher/fp64_compute_no/8/4096/1/manual_time              2238227 ns      2266801 ns          313 bytes_per_second=223.391M/s
TypeDispatcher/fp64_compute_no/1/8192/1/manual_time               286369 ns       313659 ns         2445 bytes_per_second=436.5M/s
TypeDispatcher/fp64_compute_no/2/8192/1/manual_time               567674 ns       595245 ns         1233 bytes_per_second=440.394M/s
TypeDispatcher/fp64_compute_no/4/8192/1/manual_time              1126200 ns      1153769 ns          622 bytes_per_second=443.971M/s
TypeDispatcher/fp64_compute_no/8/8192/1/manual_time              2245706 ns      2273839 ns          312 bytes_per_second=445.294M/s
TypeDispatcher/fp64_compute_no/1/16384/1/manual_time              563264 ns       590849 ns         1243 bytes_per_second=443.842M/s
TypeDispatcher/fp64_compute_no/2/16384/1/manual_time             1120051 ns      1147586 ns          625 bytes_per_second=446.408M/s
TypeDispatcher/fp64_compute_no/4/16384/1/manual_time             2236464 ns      2265763 ns          313 bytes_per_second=447.134M/s
TypeDispatcher/fp64_compute_no/8/16384/1/manual_time             4469096 ns      4498337 ns          157 bytes_per_second=447.518M/s
TypeDispatcher/fp64_compute_no/1/32768/1/manual_time             1116654 ns      1144574 ns          627 bytes_per_second=447.766M/s
TypeDispatcher/fp64_compute_no/2/32768/1/manual_time             2230577 ns      2259076 ns          314 bytes_per_second=448.315M/s
TypeDispatcher/fp64_compute_no/4/32768/1/manual_time             4453490 ns      4484943 ns          157 bytes_per_second=449.086M/s
TypeDispatcher/fp64_compute_no/8/32768/1/manual_time             8904766 ns      8935949 ns           79 bytes_per_second=449.198M/s
TypeDispatcher/fp64_compute_no/1/65536/1/manual_time             1947246 ns      1976726 ns          359 bytes_per_second=513.546M/s
TypeDispatcher/fp64_compute_no/2/65536/1/manual_time             3893388 ns      3923211 ns          180 bytes_per_second=513.691M/s
TypeDispatcher/fp64_compute_no/4/65536/1/manual_time             7782582 ns      7814005 ns           90 bytes_per_second=513.968M/s
TypeDispatcher/fp64_compute_no/8/65536/1/manual_time            15561783 ns     15593246 ns           45 bytes_per_second=514.08M/s
TypeDispatcher/fp64_compute_no/1/131072/1/manual_time            3615331 ns      3646161 ns          194 bytes_per_second=553.2M/s
TypeDispatcher/fp64_compute_no/2/131072/1/manual_time            7229082 ns      7259670 ns           97 bytes_per_second=553.321M/s
TypeDispatcher/fp64_compute_no/4/131072/1/manual_time           14452635 ns     14483354 ns           48 bytes_per_second=553.532M/s
TypeDispatcher/fp64_compute_no/8/131072/1/manual_time           28893393 ns     28925034 ns           24 bytes_per_second=553.76M/s
TypeDispatcher/fp64_compute_no/1/262144/1/manual_time            7217743 ns      7248133 ns           97 bytes_per_second=554.19M/s
TypeDispatcher/fp64_compute_no/2/262144/1/manual_time           14435380 ns     14467919 ns           49 bytes_per_second=554.194M/s
TypeDispatcher/fp64_compute_no/4/262144/1/manual_time           28867908 ns     28898218 ns           24 bytes_per_second=554.249M/s
TypeDispatcher/fp64_compute_no/8/262144/1/manual_time           57738864 ns     57773276 ns           12 bytes_per_second=554.219M/s
TypeDispatcher/fp64_compute_no/1/524288/1/manual_time           14415479 ns     14445942 ns           49 bytes_per_second=554.959M/s
TypeDispatcher/fp64_compute_no/2/524288/1/manual_time           28831261 ns     28866945 ns           24 bytes_per_second=554.953M/s
TypeDispatcher/fp64_compute_no/4/524288/1/manual_time           57688981 ns     57720108 ns           12 bytes_per_second=554.699M/s
TypeDispatcher/fp64_compute_no/8/524288/1/manual_time          115396554 ns    115438562 ns            6 bytes_per_second=554.609M/s
TypeDispatcher/fp64_compute_no/1/1048576/1/manual_time          28565393 ns     28596326 ns           25 bytes_per_second=560.118M/s
TypeDispatcher/fp64_compute_no/2/1048576/1/manual_time          57126549 ns     57165256 ns           12 bytes_per_second=560.16M/s
TypeDispatcher/fp64_compute_no/4/1048576/1/manual_time         114290773 ns    114343024 ns            6 bytes_per_second=559.975M/s
TypeDispatcher/fp64_compute_no/8/1048576/1/manual_time         228598937 ns    228645931 ns            3 bytes_per_second=559.933M/s
TypeDispatcher/fp64_compute_no/1/2097152/1/manual_time          56879985 ns     56919902 ns           12 bytes_per_second=562.588M/s
TypeDispatcher/fp64_compute_no/2/2097152/1/manual_time         113738447 ns    113786627 ns            6 bytes_per_second=562.695M/s
TypeDispatcher/fp64_compute_no/4/2097152/1/manual_time         227510775 ns    227547035 ns            3 bytes_per_second=562.611M/s
TypeDispatcher/fp64_compute_no/8/2097152/1/manual_time         455042213 ns    455084029 ns            2 bytes_per_second=562.585M/s
TypeDispatcher/fp64_compute_no/1/4194304/1/manual_time         113720746 ns    113755260 ns            6 bytes_per_second=562.782M/s
TypeDispatcher/fp64_compute_no/2/4194304/1/manual_time         227404301 ns    227453088 ns            3 bytes_per_second=562.874M/s
TypeDispatcher/fp64_compute_no/4/4194304/1/manual_time         454915315 ns    454960676 ns            2 bytes_per_second=562.742M/s
TypeDispatcher/fp64_compute_no/8/4194304/1/manual_time         909973025 ns    909982988 ns            1 bytes_per_second=562.654M/s
TypeDispatcher/fp64_compute_no/1/8388608/1/manual_time         227367645 ns    227414097 ns            3 bytes_per_second=562.965M/s
TypeDispatcher/fp64_compute_no/2/8388608/1/manual_time         454713538 ns    454753422 ns            2 bytes_per_second=562.992M/s
TypeDispatcher/fp64_compute_no/4/8388608/1/manual_time         909741342 ns    909781880 ns            1 bytes_per_second=562.797M/s
TypeDispatcher/fp64_compute_no/8/8388608/1/manual_time        1819713593 ns   1819734126 ns            1 bytes_per_second=562.726M/s
TypeDispatcher/fp64_compute_no/1/16777216/1/manual_time        454523116 ns    454559401 ns            2 bytes_per_second=563.228M/s
TypeDispatcher/fp64_compute_no/2/16777216/1/manual_time        909029186 ns    909073435 ns            1 bytes_per_second=563.238M/s
TypeDispatcher/fp64_compute_no/4/16777216/1/manual_time       1818556428 ns   1818562929 ns            1 bytes_per_second=563.084M/s
TypeDispatcher/fp64_compute_no/8/16777216/1/manual_time       3637457609 ns   3637390477 ns            1 bytes_per_second=563.031M/s
TypeDispatcher/fp64_compute_no/1/33554432/1/manual_time        908901393 ns    908977378 ns            1 bytes_per_second=563.317M/s
TypeDispatcher/fp64_compute_no/2/33554432/1/manual_time       1817721844 ns   1817727202 ns            1 bytes_per_second=563.343M/s
TypeDispatcher/fp64_compute_no/4/33554432/1/manual_time       3636263132 ns   3636074684 ns            1 bytes_per_second=563.216M/s
TypeDispatcher/fp64_compute_no/8/33554432/1/manual_time       7273220062 ns   7216048237 ns            1 bytes_per_second=563.162M/s
TypeDispatcher/fp64_compute_no/1/67108864/1/manual_time       1817728996 ns   1817478303 ns            1 bytes_per_second=563.34M/s
TypeDispatcher/fp64_compute_no/2/67108864/1/manual_time       3635246754 ns   3634773603 ns            1 bytes_per_second=563.373M/s
TypeDispatcher/fp64_compute_no/4/67108864/1/manual_time       7272326946 ns   7272163371 ns            1 bytes_per_second=563.231M/s
TypeDispatcher/fp64_compute_no/8/67108864/1/manual_time       1.4546e+10 ns   1.4545e+10 ns            1 bytes_per_second=563.188M/s
