RMM memory resource = pool
CUIO host memory resource = pinned_pool
# Devices

## [0] `Tesla T4`
* SM Version: 750 (PTX Version: 750)
* Number of SMs: 40
* SM Default Clock Rate: 1590 MHz
* Global Memory: 7206 MiB Free / 14913 MiB Total
* Global Memory Bus Peak: 320 GB/sec (256-bit DDR @5001MHz)
* Max Shared Memory: 64 KiB/SM, 48 KiB/Block
* L2 Cache Size: 4096 KiB
* Maximum Active Blocks: 16/SM
* Maximum Active Threads: 1024/SM, 1024/Block
* Available Registers: 65536/SM, 65536/Block
* ECC Enabled: Yes

# Log

```
Run:  [1/64] parquet_multithreaded_read_decode_mixed [Device=0 cardinality=1000 total_data_size=536870912 num_threads=1 num_iterations=1 num_cols=4 run_length=8 io_type=PINNED_BUFFER]
Warn: Current measurement timed out (15.03s) while over noise threshold (1.93% > 0.50%)
Pass: Cold: 38.881799ms GPU, 38.887236ms CPU, 15.01s total GPU, 15.03s total wall, 386x 
Run:  [2/64] parquet_multithreaded_read_decode_mixed [Device=0 cardinality=1000 total_data_size=1073741824 num_threads=1 num_iterations=1 num_cols=4 run_length=8 io_type=PINNED_BUFFER]
Pass: Cold: 74.695036ms GPU, 74.700160ms CPU, 5.98s total GPU, 5.98s total wall, 80x 
Run:  [3/64] parquet_multithreaded_read_decode_mixed [Device=0 cardinality=1000 total_data_size=536870912 num_threads=2 num_iterations=1 num_cols=4 run_length=8 io_type=PINNED_BUFFER]
Warn: Current measurement timed out (15.02s) while over noise threshold (2.77% > 0.50%)
Pass: Cold: 38.541246ms GPU, 38.547134ms CPU, 14.99s total GPU, 15.02s total wall, 389x 
Run:  [4/64] parquet_multithreaded_read_decode_mixed [Device=0 cardinality=1000 total_data_size=1073741824 num_threads=2 num_iterations=1 num_cols=4 run_length=8 io_type=PINNED_BUFFER]
Warn: Current measurement timed out (15.03s) while over noise threshold (1.41% > 0.50%)
Pass: Cold: 73.956130ms GPU, 73.961496ms CPU, 15.01s total GPU, 15.03s total wall, 203x 
Run:  [5/64] parquet_multithreaded_read_decode_mixed [Device=0 cardinality=1000 total_data_size=536870912 num_threads=4 num_iterations=1 num_cols=4 run_length=8 io_type=PINNED_BUFFER]
Warn: Current measurement timed out (15.03s) while over noise threshold (2.72% > 0.50%)
Pass: Cold: 39.186077ms GPU, 39.190784ms CPU, 15.01s total GPU, 15.03s total wall, 383x 
Run:  [6/64] parquet_multithreaded_read_decode_mixed [Device=0 cardinality=1000 total_data_size=1073741824 num_threads=4 num_iterations=1 num_cols=4 run_length=8 io_type=PINNED_BUFFER]
Warn: Current measurement timed out (15.07s) while over noise threshold (1.53% > 0.50%)
Pass: Cold: 74.532403ms GPU, 74.537236ms CPU, 15.06s total GPU, 15.07s total wall, 202x 
Run:  [7/64] parquet_multithreaded_read_decode_mixed [Device=0 cardinality=1000 total_data_size=536870912 num_threads=8 num_iterations=1 num_cols=4 run_length=8 io_type=PINNED_BUFFER]
Pass: Cold: 41.888683ms GPU, 41.893198ms CPU, 10.72s total GPU, 10.75s total wall, 256x 
Run:  [8/64] parquet_multithreaded_read_decode_mixed [Device=0 cardinality=1000 total_data_size=1073741824 num_threads=8 num_iterations=1 num_cols=4 run_length=8 io_type=PINNED_BUFFER]
Warn: Current measurement timed out (15.00s) while over noise threshold (1.93% > 0.50%)
Pass: Cold: 76.845572ms GPU, 76.850184ms CPU, 14.98s total GPU, 15.00s total wall, 195x 
Run:  [9/64] parquet_multithreaded_read_decode_fixed_width [Device=0 cardinality=1000 total_data_size=536870912 num_threads=1 num_iterations=1 num_cols=4 run_length=8 io_type=PINNED_BUFFER]
Pass: Cold: 45.095048ms GPU, 45.100685ms CPU, 3.61s total GPU, 3.61s total wall, 80x 
Run:  [10/64] parquet_multithreaded_read_decode_fixed_width [Device=0 cardinality=1000 total_data_size=1073741824 num_threads=1 num_iterations=1 num_cols=4 run_length=8 io_type=PINNED_BUFFER]
Pass: Cold: 88.953375ms GPU, 88.959758ms CPU, 0.53s total GPU, 0.53s total wall, 6x 
Run:  [11/64] parquet_multithreaded_read_decode_fixed_width [Device=0 cardinality=1000 total_data_size=536870912 num_threads=2 num_iterations=1 num_cols=4 run_length=8 io_type=PINNED_BUFFER]
Pass: Cold: 44.244882ms GPU, 44.250951ms CPU, 9.91s total GPU, 9.93s total wall, 224x 
Run:  [12/64] parquet_multithreaded_read_decode_fixed_width [Device=0 cardinality=1000 total_data_size=1073741824 num_threads=2 num_iterations=1 num_cols=4 run_length=8 io_type=PINNED_BUFFER]
Pass: Cold: 87.362826ms GPU, 87.369706ms CPU, 0.52s total GPU, 0.52s total wall, 6x 
Run:  [13/64] parquet_multithreaded_read_decode_fixed_width [Device=0 cardinality=1000 total_data_size=536870912 num_threads=4 num_iterations=1 num_cols=4 run_length=8 io_type=PINNED_BUFFER]
Warn: Current measurement timed out (15.03s) while over noise threshold (1.92% > 0.50%)
Pass: Cold: 44.779769ms GPU, 44.785166ms CPU, 15.00s total GPU, 15.03s total wall, 335x 
Run:  [14/64] parquet_multithreaded_read_decode_fixed_width [Device=0 cardinality=1000 total_data_size=1073741824 num_threads=4 num_iterations=1 num_cols=4 run_length=8 io_type=PINNED_BUFFER]
Pass: Cold: 87.767040ms GPU, 87.771105ms CPU, 0.53s total GPU, 0.53s total wall, 6x 
Run:  [15/64] parquet_multithreaded_read_decode_fixed_width [Device=0 cardinality=1000 total_data_size=536870912 num_threads=8 num_iterations=1 num_cols=4 run_length=8 io_type=PINNED_BUFFER]
Warn: Current measurement timed out (15.03s) while over noise threshold (2.51% > 0.50%)
Pass: Cold: 45.874482ms GPU, 45.878993ms CPU, 15.00s total GPU, 15.03s total wall, 327x 
Run:  [16/64] parquet_multithreaded_read_decode_fixed_width [Device=0 cardinality=1000 total_data_size=1073741824 num_threads=8 num_iterations=1 num_cols=4 run_length=8 io_type=PINNED_BUFFER]
Warn: Current measurement timed out (15.09s) while over noise threshold (1.23% > 0.50%)
Pass: Cold: 89.175997ms GPU, 89.181082ms CPU, 15.07s total GPU, 15.09s total wall, 169x 
Run:  [17/64] parquet_multithreaded_read_decode_string [Device=0 cardinality=1000 total_data_size=536870912 num_threads=1 num_iterations=1 num_cols=4 run_length=8 io_type=PINNED_BUFFER]
Warn: Current measurement timed out (15.02s) while over noise threshold (0.80% > 0.50%)
Pass: Cold: 40.432549ms GPU, 40.438845ms CPU, 15.00s total GPU, 15.02s total wall, 371x 
Run:  [18/64] parquet_multithreaded_read_decode_string [Device=0 cardinality=1000 total_data_size=1073741824 num_threads=1 num_iterations=1 num_cols=4 run_length=8 io_type=PINNED_BUFFER]
Warn: Current measurement timed out (15.04s) while over noise threshold (1.26% > 0.50%)
Pass: Cold: 78.705566ms GPU, 78.711520ms CPU, 15.03s total GPU, 15.04s total wall, 191x 
Run:  [19/64] parquet_multithreaded_read_decode_string [Device=0 cardinality=1000 total_data_size=536870912 num_threads=2 num_iterations=1 num_cols=4 run_length=8 io_type=PINNED_BUFFER]
Warn: Current measurement timed out (15.04s) while over noise threshold (3.21% > 0.50%)
Pass: Cold: 40.472477ms GPU, 40.477942ms CPU, 15.02s total GPU, 15.04s total wall, 371x 
Run:  [20/64] parquet_multithreaded_read_decode_string [Device=0 cardinality=1000 total_data_size=1073741824 num_threads=2 num_iterations=1 num_cols=4 run_length=8 io_type=PINNED_BUFFER]
Warn: Current measurement timed out (15.01s) while over noise threshold (2.49% > 0.50%)
Pass: Cold: 78.515281ms GPU, 78.520541ms CPU, 15.00s total GPU, 15.01s total wall, 191x 
Run:  [21/64] parquet_multithreaded_read_decode_string [Device=0 cardinality=1000 total_data_size=536870912 num_threads=4 num_iterations=1 num_cols=4 run_length=8 io_type=PINNED_BUFFER]
Warn: Current measurement timed out (15.02s) while over noise threshold (3.36% > 0.50%)
Pass: Cold: 40.973174ms GPU, 40.977838ms CPU, 15.00s total GPU, 15.02s total wall, 366x 
Run:  [22/64] parquet_multithreaded_read_decode_string [Device=0 cardinality=1000 total_data_size=1073741824 num_threads=4 num_iterations=1 num_cols=4 run_length=8 io_type=PINNED_BUFFER]
Warn: Current measurement timed out (15.03s) while over noise threshold (3.29% > 0.50%)
Pass: Cold: 79.056232ms GPU, 79.061010ms CPU, 15.02s total GPU, 15.03s total wall, 190x 
Run:  [23/64] parquet_multithreaded_read_decode_string [Device=0 cardinality=1000 total_data_size=536870912 num_threads=8 num_iterations=1 num_cols=4 run_length=8 io_type=PINNED_BUFFER]
Warn: Current measurement timed out (15.02s) while over noise threshold (6.14% > 0.50%)
Pass: Cold: 43.440867ms GPU, 43.445205ms CPU, 14.99s total GPU, 15.02s total wall, 345x 
Run:  [24/64] parquet_multithreaded_read_decode_string [Device=0 cardinality=1000 total_data_size=1073741824 num_threads=8 num_iterations=1 num_cols=4 run_length=8 io_type=PINNED_BUFFER]
Warn: Current measurement timed out (15.06s) while over noise threshold (2.52% > 0.50%)
Pass: Cold: 80.437977ms GPU, 80.443193ms CPU, 15.04s total GPU, 15.06s total wall, 187x 
Run:  [25/64] parquet_multithreaded_read_decode_list [Device=0 cardinality=1000 total_data_size=536870912 num_threads=1 num_iterations=1 num_cols=4 run_length=8 io_type=PINNED_BUFFER]
Pass: Cold: 101.246594ms GPU, 101.253124ms CPU, 9.72s total GPU, 9.72s total wall, 96x 
Run:  [26/64] parquet_multithreaded_read_decode_list [Device=0 cardinality=1000 total_data_size=1073741824 num_threads=1 num_iterations=1 num_cols=4 run_length=8 io_type=PINNED_BUFFER]
Pass: Cold: 208.890096ms GPU, 208.900348ms CPU, 2.30s total GPU, 2.30s total wall, 11x 
Run:  [27/64] parquet_multithreaded_read_decode_list [Device=0 cardinality=1000 total_data_size=536870912 num_threads=2 num_iterations=1 num_cols=4 run_length=8 io_type=PINNED_BUFFER]
Warn: Current measurement timed out (15.08s) while over noise threshold (1.28% > 0.50%)
Pass: Cold: 99.823281ms GPU, 99.829588ms CPU, 15.07s total GPU, 15.08s total wall, 151x 
Run:  [28/64] parquet_multithreaded_read_decode_list [Device=0 cardinality=1000 total_data_size=1073741824 num_threads=2 num_iterations=1 num_cols=4 run_length=8 io_type=PINNED_BUFFER]
Pass: Cold: 193.128470ms GPU, 193.133436ms CPU, 1.35s total GPU, 1.35s total wall, 7x 
Run:  [29/64] parquet_multithreaded_read_decode_list [Device=0 cardinality=1000 total_data_size=536870912 num_threads=4 num_iterations=1 num_cols=4 run_length=8 io_type=PINNED_BUFFER]
Warn: Current measurement timed out (15.03s) while over noise threshold (2.87% > 0.50%)
Pass: Cold: 99.470532ms GPU, 99.475554ms CPU, 15.02s total GPU, 15.03s total wall, 151x 
Run:  [30/64] parquet_multithreaded_read_decode_list [Device=0 cardinality=1000 total_data_size=1073741824 num_threads=4 num_iterations=1 num_cols=4 run_length=8 io_type=PINNED_BUFFER]
Warn: Current measurement timed out (15.13s) while over noise threshold (1.63% > 0.50%)
Pass: Cold: 193.931825ms GPU, 193.936633ms CPU, 15.13s total GPU, 15.13s total wall, 78x 
Run:  [31/64] parquet_multithreaded_read_decode_list [Device=0 cardinality=1000 total_data_size=536870912 num_threads=8 num_iterations=1 num_cols=4 run_length=8 io_type=PINNED_BUFFER]
Warn: Current measurement timed out (15.07s) while over noise threshold (4.64% > 0.50%)
Pass: Cold: 103.128117ms GPU, 103.132950ms CPU, 15.06s total GPU, 15.07s total wall, 146x 
Run:  [32/64] parquet_multithreaded_read_decode_list [Device=0 cardinality=1000 total_data_size=1073741824 num_threads=8 num_iterations=1 num_cols=4 run_length=8 io_type=PINNED_BUFFER]
Warn: Current measurement timed out (15.17s) while over noise threshold (1.61% > 0.50%)
Pass: Cold: 196.943970ms GPU, 196.948149ms CPU, 15.16s total GPU, 15.17s total wall, 77x 
Run:  [33/64] parquet_multithreaded_read_decode_chunked_mixed [Device=0 cardinality=1000 total_data_size=536870912 num_threads=1 num_iterations=1 num_cols=4 run_length=8 input_limit=671088640 output_limit=671088640 io_type=PINNED_BUFFER]
Pass: Cold: 53.164518ms GPU, 53.170800ms CPU, 4.25s total GPU, 4.26s total wall, 80x 
Run:  [34/64] parquet_multithreaded_read_decode_chunked_mixed [Device=0 cardinality=1000 total_data_size=1073741824 num_threads=1 num_iterations=1 num_cols=4 run_length=8 input_limit=671088640 output_limit=671088640 io_type=PINNED_BUFFER]
Pass: Cold: 106.578170ms GPU, 106.583560ms CPU, 8.53s total GPU, 8.53s total wall, 80x 
Run:  [35/64] parquet_multithreaded_read_decode_chunked_mixed [Device=0 cardinality=1000 total_data_size=536870912 num_threads=2 num_iterations=1 num_cols=4 run_length=8 input_limit=671088640 output_limit=671088640 io_type=PINNED_BUFFER]
Warn: Current measurement timed out (15.03s) while over noise threshold (2.90% > 0.50%)
Pass: Cold: 50.373749ms GPU, 50.379150ms CPU, 15.01s total GPU, 15.03s total wall, 298x 
Run:  [36/64] parquet_multithreaded_read_decode_chunked_mixed [Device=0 cardinality=1000 total_data_size=1073741824 num_threads=2 num_iterations=1 num_cols=4 run_length=8 input_limit=671088640 output_limit=671088640 io_type=PINNED_BUFFER]
Warn: Current measurement timed out (15.06s) while over noise threshold (1.63% > 0.50%)
Pass: Cold: 101.016397ms GPU, 101.021676ms CPU, 15.05s total GPU, 15.06s total wall, 149x 
Run:  [37/64] parquet_multithreaded_read_decode_chunked_mixed [Device=0 cardinality=1000 total_data_size=536870912 num_threads=4 num_iterations=1 num_cols=4 run_length=8 input_limit=671088640 output_limit=671088640 io_type=PINNED_BUFFER]
Warn: Current measurement timed out (15.01s) while over noise threshold (3.61% > 0.50%)
Pass: Cold: 50.988794ms GPU, 50.994420ms CPU, 14.99s total GPU, 15.01s total wall, 294x 
Run:  [38/64] parquet_multithreaded_read_decode_chunked_mixed [Device=0 cardinality=1000 total_data_size=1073741824 num_threads=4 num_iterations=1 num_cols=4 run_length=8 input_limit=671088640 output_limit=671088640 io_type=PINNED_BUFFER]
Warn: Current measurement timed out (15.05s) while over noise threshold (2.10% > 0.50%)
Pass: Cold: 100.919941ms GPU, 100.924746ms CPU, 15.04s total GPU, 15.05s total wall, 149x 
Run:  [39/64] parquet_multithreaded_read_decode_chunked_mixed [Device=0 cardinality=1000 total_data_size=536870912 num_threads=8 num_iterations=1 num_cols=4 run_length=8 input_limit=671088640 output_limit=671088640 io_type=PINNED_BUFFER]
Warn: Current measurement timed out (15.04s) while over noise threshold (5.10% > 0.50%)
Pass: Cold: 52.489017ms GPU, 52.494142ms CPU, 15.01s total GPU, 15.04s total wall, 286x 
Run:  [40/64] parquet_multithreaded_read_decode_chunked_mixed [Device=0 cardinality=1000 total_data_size=1073741824 num_threads=8 num_iterations=1 num_cols=4 run_length=8 input_limit=671088640 output_limit=671088640 io_type=PINNED_BUFFER]
Warn: Current measurement timed out (15.04s) while over noise threshold (3.46% > 0.50%)
Pass: Cold: 99.515642ms GPU, 99.520870ms CPU, 15.03s total GPU, 15.04s total wall, 151x 
Run:  [41/64] parquet_multithreaded_read_decode_chunked_fixed_width [Device=0 cardinality=1000 total_data_size=536870912 num_threads=1 num_iterations=1 num_cols=4 run_length=8 input_limit=671088640 output_limit=671088640 io_type=PINNED_BUFFER]
Pass: Cold: 46.201029ms GPU, 46.208253ms CPU, 3.70s total GPU, 3.70s total wall, 80x 
Run:  [42/64] parquet_multithreaded_read_decode_chunked_fixed_width [Device=0 cardinality=1000 total_data_size=1073741824 num_threads=1 num_iterations=1 num_cols=4 run_length=8 input_limit=671088640 output_limit=671088640 io_type=PINNED_BUFFER]
Pass: Cold: 92.488182ms GPU, 92.495162ms CPU, 0.55s total GPU, 0.56s total wall, 6x 
Run:  [43/64] parquet_multithreaded_read_decode_chunked_fixed_width [Device=0 cardinality=1000 total_data_size=536870912 num_threads=2 num_iterations=1 num_cols=4 run_length=8 input_limit=671088640 output_limit=671088640 io_type=PINNED_BUFFER]
Pass: Cold: 45.546365ms GPU, 45.553677ms CPU, 3.64s total GPU, 3.65s total wall, 80x 
Run:  [44/64] parquet_multithreaded_read_decode_chunked_fixed_width [Device=0 cardinality=1000 total_data_size=1073741824 num_threads=2 num_iterations=1 num_cols=4 run_length=8 input_limit=671088640 output_limit=671088640 io_type=PINNED_BUFFER]
Pass: Cold: 90.384524ms GPU, 90.391468ms CPU, 0.54s total GPU, 0.54s total wall, 6x 
Run:  [45/64] parquet_multithreaded_read_decode_chunked_fixed_width [Device=0 cardinality=1000 total_data_size=536870912 num_threads=4 num_iterations=1 num_cols=4 run_length=8 input_limit=671088640 output_limit=671088640 io_type=PINNED_BUFFER]
Warn: Current measurement timed out (15.04s) while over noise threshold (1.87% > 0.50%)
Pass: Cold: 46.328659ms GPU, 46.334873ms CPU, 15.01s total GPU, 15.04s total wall, 324x 
Run:  [46/64] parquet_multithreaded_read_decode_chunked_fixed_width [Device=0 cardinality=1000 total_data_size=1073741824 num_threads=4 num_iterations=1 num_cols=4 run_length=8 input_limit=671088640 output_limit=671088640 io_type=PINNED_BUFFER]
Warn: Current measurement timed out (15.00s) while over noise threshold (0.96% > 0.50%)
Pass: Cold: 91.406201ms GPU, 91.412083ms CPU, 14.99s total GPU, 15.00s total wall, 164x 
Run:  [47/64] parquet_multithreaded_read_decode_chunked_fixed_width [Device=0 cardinality=1000 total_data_size=536870912 num_threads=8 num_iterations=1 num_cols=4 run_length=8 input_limit=671088640 output_limit=671088640 io_type=PINNED_BUFFER]
Warn: Current measurement timed out (15.02s) while over noise threshold (2.78% > 0.50%)
Pass: Cold: 47.905010ms GPU, 47.910150ms CPU, 14.99s total GPU, 15.02s total wall, 313x 
Run:  [48/64] parquet_multithreaded_read_decode_chunked_fixed_width [Device=0 cardinality=1000 total_data_size=1073741824 num_threads=8 num_iterations=1 num_cols=4 run_length=8 input_limit=671088640 output_limit=671088640 io_type=PINNED_BUFFER]
Warn: Current measurement timed out (15.07s) while over noise threshold (1.67% > 0.50%)
Pass: Cold: 93.498721ms GPU, 93.503851ms CPU, 15.05s total GPU, 15.07s total wall, 161x 
Run:  [49/64] parquet_multithreaded_read_decode_chunked_string [Device=0 cardinality=1000 total_data_size=536870912 num_threads=1 num_iterations=1 num_cols=4 run_length=8 input_limit=671088640 output_limit=671088640 io_type=PINNED_BUFFER]
Warn: Current measurement timed out (15.04s) while over noise threshold (1.30% > 0.50%)
Pass: Cold: 64.785690ms GPU, 64.791182ms CPU, 15.03s total GPU, 15.04s total wall, 232x 
Run:  [50/64] parquet_multithreaded_read_decode_chunked_string [Device=0 cardinality=1000 total_data_size=1073741824 num_threads=1 num_iterations=1 num_cols=4 run_length=8 input_limit=671088640 output_limit=671088640 io_type=PINNED_BUFFER]
Warn: Current measurement timed out (15.00s) while over noise threshold (0.95% > 0.50%)
Pass: Cold: 129.285387ms GPU, 129.290822ms CPU, 15.00s total GPU, 15.00s total wall, 116x 
Run:  [51/64] parquet_multithreaded_read_decode_chunked_string [Device=0 cardinality=1000 total_data_size=536870912 num_threads=2 num_iterations=1 num_cols=4 run_length=8 input_limit=671088640 output_limit=671088640 io_type=PINNED_BUFFER]
Pass: Cold: 64.826730ms GPU, 64.832624ms CPU, 14.52s total GPU, 14.54s total wall, 224x 
Run:  [52/64] parquet_multithreaded_read_decode_chunked_string [Device=0 cardinality=1000 total_data_size=1073741824 num_threads=2 num_iterations=1 num_cols=4 run_length=8 input_limit=671088640 output_limit=671088640 io_type=PINNED_BUFFER]
Warn: Current measurement timed out (15.03s) while over noise threshold (2.02% > 0.50%)
Pass: Cold: 123.106897ms GPU, 123.112663ms CPU, 15.02s total GPU, 15.03s total wall, 122x 
Run:  [53/64] parquet_multithreaded_read_decode_chunked_string [Device=0 cardinality=1000 total_data_size=536870912 num_threads=4 num_iterations=1 num_cols=4 run_length=8 input_limit=671088640 output_limit=671088640 io_type=PINNED_BUFFER]
Warn: Current measurement timed out (15.00s) while over noise threshold (2.87% > 0.50%)
Pass: Cold: 61.660663ms GPU, 61.665474ms CPU, 14.98s total GPU, 15.00s total wall, 243x 
Run:  [54/64] parquet_multithreaded_read_decode_chunked_string [Device=0 cardinality=1000 total_data_size=1073741824 num_threads=4 num_iterations=1 num_cols=4 run_length=8 input_limit=671088640 output_limit=671088640 io_type=PINNED_BUFFER]
Warn: Current measurement timed out (15.07s) while over noise threshold (2.49% > 0.50%)
Pass: Cold: 120.504017ms GPU, 120.508058ms CPU, 15.06s total GPU, 15.07s total wall, 125x 
Run:  [55/64] parquet_multithreaded_read_decode_chunked_string [Device=0 cardinality=1000 total_data_size=536870912 num_threads=8 num_iterations=1 num_cols=4 run_length=8 input_limit=671088640 output_limit=671088640 io_type=PINNED_BUFFER]
Warn: Current measurement timed out (15.06s) while over noise threshold (5.08% > 0.50%)
Pass: Cold: 59.684522ms GPU, 59.688621ms CPU, 15.04s total GPU, 15.06s total wall, 252x 
Run:  [56/64] parquet_multithreaded_read_decode_chunked_string [Device=0 cardinality=1000 total_data_size=1073741824 num_threads=8 num_iterations=1 num_cols=4 run_length=8 input_limit=671088640 output_limit=671088640 io_type=PINNED_BUFFER]
Warn: Current measurement timed out (15.05s) while over noise threshold (3.16% > 0.50%)
Pass: Cold: 118.398863ms GPU, 118.403045ms CPU, 15.04s total GPU, 15.05s total wall, 127x 
Run:  [57/64] parquet_multithreaded_read_decode_chunked_list [Device=0 cardinality=1000 total_data_size=536870912 num_threads=1 num_iterations=1 num_cols=4 run_length=8 input_limit=671088640 output_limit=671088640 io_type=PINNED_BUFFER]
Pass: Cold: 104.547299ms GPU, 104.551872ms CPU, 1.05s total GPU, 1.05s total wall, 10x 
Run:  [58/64] parquet_multithreaded_read_decode_chunked_list [Device=0 cardinality=1000 total_data_size=1073741824 num_threads=1 num_iterations=1 num_cols=4 run_length=8 input_limit=671088640 output_limit=671088640 io_type=PINNED_BUFFER]
Warn: Current measurement timed out (15.08s) while over noise threshold (0.66% > 0.50%)
Pass: Cold: 218.438012ms GPU, 218.444814ms CPU, 15.07s total GPU, 15.08s total wall, 69x 
Run:  [59/64] parquet_multithreaded_read_decode_chunked_list [Device=0 cardinality=1000 total_data_size=536870912 num_threads=2 num_iterations=1 num_cols=4 run_length=8 input_limit=671088640 output_limit=671088640 io_type=PINNED_BUFFER]
Warn: Current measurement timed out (15.08s) while over noise threshold (2.40% > 0.50%)
Pass: Cold: 101.864756ms GPU, 101.870319ms CPU, 15.08s total GPU, 15.08s total wall, 148x 
Run:  [60/64] parquet_multithreaded_read_decode_chunked_list [Device=0 cardinality=1000 total_data_size=1073741824 num_threads=2 num_iterations=1 num_cols=4 run_length=8 input_limit=671088640 output_limit=671088640 io_type=PINNED_BUFFER]
Warn: Current measurement timed out (15.01s) while over noise threshold (1.12% > 0.50%)
Pass: Cold: 197.488680ms GPU, 197.493239ms CPU, 15.01s total GPU, 15.01s total wall, 76x 
Run:  [61/64] parquet_multithreaded_read_decode_chunked_list [Device=0 cardinality=1000 total_data_size=536870912 num_threads=4 num_iterations=1 num_cols=4 run_length=8 input_limit=671088640 output_limit=671088640 io_type=PINNED_BUFFER]
Warn: Current measurement timed out (15.08s) while over noise threshold (2.94% > 0.50%)
Pass: Cold: 101.145259ms GPU, 101.149227ms CPU, 15.07s total GPU, 15.08s total wall, 149x 
Run:  [62/64] parquet_multithreaded_read_decode_chunked_list [Device=0 cardinality=1000 total_data_size=1073741824 num_threads=4 num_iterations=1 num_cols=4 run_length=8 input_limit=671088640 output_limit=671088640 io_type=PINNED_BUFFER]
Warn: Current measurement timed out (15.16s) while over noise threshold (2.99% > 0.50%)
Pass: Cold: 202.107530ms GPU, 202.110698ms CPU, 15.16s total GPU, 15.16s total wall, 75x 
Run:  [63/64] parquet_multithreaded_read_decode_chunked_list [Device=0 cardinality=1000 total_data_size=536870912 num_threads=8 num_iterations=1 num_cols=4 run_length=8 input_limit=671088640 output_limit=671088640 io_type=PINNED_BUFFER]
Warn: Current measurement timed out (15.10s) while over noise threshold (4.16% > 0.50%)
Pass: Cold: 105.520146ms GPU, 105.523974ms CPU, 15.09s total GPU, 15.10s total wall, 143x 
Run:  [64/64] parquet_multithreaded_read_decode_chunked_list [Device=0 cardinality=1000 total_data_size=1073741824 num_threads=8 num_iterations=1 num_cols=4 run_length=8 input_limit=671088640 output_limit=671088640 io_type=PINNED_BUFFER]
Warn: Current measurement timed out (15.01s) while over noise threshold (3.47% > 0.50%)
Pass: Cold: 211.271398ms GPU, 211.274225ms CPU, 15.00s total GPU, 15.01s total wall, 71x 
```

# Benchmark Results

## parquet_multithreaded_read_decode_mixed

### [0] Tesla T4

| cardinality | total_data_size | num_threads | num_iterations | num_cols | run_length |    io_type    | Samples | CPU Time  | Noise | GPU Time  | Noise | bytes_per_second | peak_memory_usage | encoded_file_size |
|-------------|-----------------|-------------|----------------|----------|------------|---------------|---------|-----------|-------|-----------|-------|------------------|-------------------|-------------------|
|        1000 |       536870912 |           1 |              1 |        4 |          8 | PINNED_BUFFER |    386x | 38.887 ms | 1.93% | 38.882 ms | 1.93% |      13807769510 |       584.802 MiB |        25.123 MiB |
|        1000 |      1073741824 |           1 |              1 |        4 |          8 | PINNED_BUFFER |     80x | 74.700 ms | 1.22% | 74.695 ms | 1.22% |      14375009154 |         1.142 GiB |        50.197 MiB |
|        1000 |       536870912 |           2 |              1 |        4 |          8 | PINNED_BUFFER |    389x | 38.547 ms | 2.78% | 38.541 ms | 2.77% |      13929775754 |       584.867 MiB |        25.131 MiB |
|        1000 |      1073741824 |           2 |              1 |        4 |          8 | PINNED_BUFFER |    203x | 73.961 ms | 1.41% | 73.956 ms | 1.41% |      14518631827 |         1.142 GiB |        50.244 MiB |
|        1000 |       536870912 |           4 |              1 |        4 |          8 | PINNED_BUFFER |    383x | 39.191 ms | 2.72% | 39.186 ms | 2.72% |      13700552562 |       584.908 MiB |        25.140 MiB |
|        1000 |      1073741824 |           4 |              1 |        4 |          8 | PINNED_BUFFER |    202x | 74.537 ms | 1.53% | 74.532 ms | 1.53% |      14406375959 |         1.142 GiB |        50.269 MiB |
|        1000 |       536870912 |           8 |              1 |        4 |          8 | PINNED_BUFFER |    256x | 41.893 ms | 4.00% | 41.889 ms | 4.00% |      12816609822 |       556.374 MiB |        25.143 MiB |
|        1000 |      1073741824 |           8 |              1 |        4 |          8 | PINNED_BUFFER |    195x | 76.850 ms | 1.93% | 76.846 ms | 1.93% |      13972722163 |         1.031 GiB |        50.283 MiB |

## parquet_multithreaded_read_decode_fixed_width

### [0] Tesla T4

| cardinality | total_data_size | num_threads | num_iterations | num_cols | run_length |    io_type    | Samples | CPU Time  | Noise | GPU Time  | Noise | bytes_per_second | peak_memory_usage | encoded_file_size |
|-------------|-----------------|-------------|----------------|----------|------------|---------------|---------|-----------|-------|-----------|-------|------------------|-------------------|-------------------|
|        1000 |       536870912 |           1 |              1 |        4 |          8 | PINNED_BUFFER |     80x | 45.101 ms | 1.25% | 45.095 ms | 1.25% |      11905318662 |       647.019 MiB |        54.025 MiB |
|        1000 |      1073741824 |           1 |              1 |        4 |          8 | PINNED_BUFFER |      6x | 88.960 ms | 0.46% | 88.953 ms | 0.46% |      12070838436 |         1.264 GiB |       108.039 MiB |
|        1000 |       536870912 |           2 |              1 |        4 |          8 | PINNED_BUFFER |    224x | 44.251 ms | 1.62% | 44.245 ms | 1.62% |      12134079500 |       647.051 MiB |        54.041 MiB |
|        1000 |      1073741824 |           2 |              1 |        4 |          8 | PINNED_BUFFER |      6x | 87.370 ms | 0.32% | 87.363 ms | 0.32% |      12290603140 |         1.264 GiB |       108.043 MiB |
|        1000 |       536870912 |           4 |              1 |        4 |          8 | PINNED_BUFFER |    335x | 44.785 ms | 1.92% | 44.780 ms | 1.92% |      11989139697 |       647.207 MiB |        54.085 MiB |
|        1000 |      1073741824 |           4 |              1 |        4 |          8 | PINNED_BUFFER |      6x | 87.771 ms | 0.30% | 87.767 ms | 0.30% |      12233998331 |         1.264 GiB |       108.084 MiB |
|        1000 |       536870912 |           8 |              1 |        4 |          8 | PINNED_BUFFER |    327x | 45.879 ms | 2.51% | 45.874 ms | 2.51% |      11703040331 |       647.476 MiB |        54.154 MiB |
|        1000 |      1073741824 |           8 |              1 |        4 |          8 | PINNED_BUFFER |    169x | 89.181 ms | 1.23% | 89.176 ms | 1.23% |      12040704415 |         1.133 GiB |       108.170 MiB |

## parquet_multithreaded_read_decode_string

### [0] Tesla T4

| cardinality | total_data_size | num_threads | num_iterations | num_cols | run_length |    io_type    | Samples | CPU Time  | Noise | GPU Time  | Noise | bytes_per_second | peak_memory_usage | encoded_file_size |
|-------------|-----------------|-------------|----------------|----------|------------|---------------|---------|-----------|-------|-----------|-------|------------------|-------------------|-------------------|
|        1000 |       536870912 |           1 |              1 |        4 |          8 | PINNED_BUFFER |    371x | 40.439 ms | 0.80% | 40.433 ms | 0.80% |      13278186114 |       556.555 MiB |        11.754 MiB |
|        1000 |      1073741824 |           1 |              1 |        4 |          8 | PINNED_BUFFER |    191x | 78.712 ms | 1.26% | 78.706 ms | 1.26% |      13642514460 |         1.087 GiB |        23.498 MiB |
|        1000 |       536870912 |           2 |              1 |        4 |          8 | PINNED_BUFFER |    371x | 40.478 ms | 3.21% | 40.472 ms | 3.21% |      13265086598 |       557.000 MiB |        11.822 MiB |
|        1000 |      1073741824 |           2 |              1 |        4 |          8 | PINNED_BUFFER |    191x | 78.521 ms | 2.49% | 78.515 ms | 2.49% |      13675577731 |         1.087 GiB |        23.507 MiB |
|        1000 |       536870912 |           4 |              1 |        4 |          8 | PINNED_BUFFER |    366x | 40.978 ms | 3.36% | 40.973 ms | 3.36% |      13102985740 |       557.014 MiB |        11.827 MiB |
|        1000 |      1073741824 |           4 |              1 |        4 |          8 | PINNED_BUFFER |    190x | 79.061 ms | 3.29% | 79.056 ms | 3.29% |      13582001029 |         1.088 GiB |        23.644 MiB |
|        1000 |       536870912 |           8 |              1 |        4 |          8 | PINNED_BUFFER |    345x | 43.445 ms | 6.14% | 43.441 ms | 6.14% |      12358660217 |       487.331 MiB |        11.829 MiB |
|        1000 |      1073741824 |           8 |              1 |        4 |          8 | PINNED_BUFFER |    187x | 80.443 ms | 2.52% | 80.438 ms | 2.52% |      13348692556 |       904.069 MiB |        23.655 MiB |

## parquet_multithreaded_read_decode_list

### [0] Tesla T4

| cardinality | total_data_size | num_threads | num_iterations | num_cols | run_length |    io_type    | Samples |  CPU Time  | Noise |  GPU Time  | Noise | bytes_per_second | peak_memory_usage | encoded_file_size |
|-------------|-----------------|-------------|----------------|----------|------------|---------------|---------|------------|-------|------------|-------|------------------|-------------------|-------------------|
|        1000 |       536870912 |           1 |              1 |        4 |          8 | PINNED_BUFFER |     96x | 101.253 ms | 0.67% | 101.247 ms | 0.67% |       5302607156 |       626.982 MiB |        61.445 MiB |
|        1000 |      1073741824 |           1 |              1 |        4 |          8 | PINNED_BUFFER |     11x | 208.900 ms | 0.48% | 208.890 ms | 0.48% |       5140223696 |         1.225 GiB |       122.951 MiB |
|        1000 |       536870912 |           2 |              1 |        4 |          8 | PINNED_BUFFER |    151x |  99.830 ms | 1.28% |  99.823 ms | 1.28% |       5378213469 |       627.003 MiB |        61.474 MiB |
|        1000 |      1073741824 |           2 |              1 |        4 |          8 | PINNED_BUFFER |      7x | 193.133 ms | 0.49% | 193.128 ms | 0.49% |       5559728311 |         1.225 GiB |       122.880 MiB |
|        1000 |       536870912 |           4 |              1 |        4 |          8 | PINNED_BUFFER |    151x |  99.476 ms | 2.87% |  99.471 ms | 2.87% |       5397286036 |       627.772 MiB |        61.586 MiB |
|        1000 |      1073741824 |           4 |              1 |        4 |          8 | PINNED_BUFFER |     78x | 193.937 ms | 1.63% | 193.932 ms | 1.63% |       5536697354 |         1.225 GiB |       122.962 MiB |
|        1000 |       536870912 |           8 |              1 |        4 |          8 | PINNED_BUFFER |    146x | 103.133 ms | 4.64% | 103.128 ms | 4.64% |       5205863627 |       627.994 MiB |        61.633 MiB |
|        1000 |      1073741824 |           8 |              1 |        4 |          8 | PINNED_BUFFER |     77x | 196.948 ms | 1.61% | 196.944 ms | 1.61% |       5452016761 |         1.226 GiB |       123.168 MiB |

## parquet_multithreaded_read_decode_chunked_mixed

### [0] Tesla T4

| cardinality | total_data_size | num_threads | num_iterations | num_cols | run_length | input_limit | output_limit |    io_type    | Samples |  CPU Time  | Noise |  GPU Time  | Noise | bytes_per_second | peak_memory_usage | encoded_file_size |
|-------------|-----------------|-------------|----------------|----------|------------|-------------|--------------|---------------|---------|------------|-------|------------|-------|------------------|-------------------|-------------------|
|        1000 |       536870912 |           1 |              1 |        4 |          8 |   671088640 |    671088640 | PINNED_BUFFER |     80x |  53.171 ms | 2.39% |  53.165 ms | 2.39% |      10098293571 |       584.992 MiB |        25.123 MiB |
|        1000 |      1073741824 |           1 |              1 |        4 |          8 |   671088640 |    671088640 | PINNED_BUFFER |     80x | 106.584 ms | 1.11% | 106.578 ms | 1.11% |      10074688153 |       751.724 MiB |        50.198 MiB |
|        1000 |       536870912 |           2 |              1 |        4 |          8 |   671088640 |    671088640 | PINNED_BUFFER |    298x |  50.379 ms | 2.90% |  50.374 ms | 2.90% |      10657751735 |       585.043 MiB |        25.134 MiB |
|        1000 |      1073741824 |           2 |              1 |        4 |          8 |   671088640 |    671088640 | PINNED_BUFFER |    149x | 101.022 ms | 1.63% | 101.016 ms | 1.63% |      10629381562 |       750.149 MiB |        50.245 MiB |
|        1000 |       536870912 |           4 |              1 |        4 |          8 |   671088640 |    671088640 | PINNED_BUFFER |    294x |  50.994 ms | 3.61% |  50.989 ms | 3.61% |      10529194261 |       585.049 MiB |        25.140 MiB |
|        1000 |      1073741824 |           4 |              1 |        4 |          8 |   671088640 |    671088640 | PINNED_BUFFER |    149x | 100.925 ms | 2.10% | 100.920 ms | 2.10% |      10639540723 |       750.125 MiB |        50.266 MiB |
|        1000 |       536870912 |           8 |              1 |        4 |          8 |   671088640 |    671088640 | PINNED_BUFFER |    286x |  52.494 ms | 5.10% |  52.489 ms | 5.10% |      10228252400 |       527.880 MiB |        25.144 MiB |
|        1000 |      1073741824 |           8 |              1 |        4 |          8 |   671088640 |    671088640 | PINNED_BUFFER |    151x |  99.521 ms | 3.47% |  99.516 ms | 3.46% |      10789678871 |       669.584 MiB |        50.281 MiB |

## parquet_multithreaded_read_decode_chunked_fixed_width

### [0] Tesla T4

| cardinality | total_data_size | num_threads | num_iterations | num_cols | run_length | input_limit | output_limit |    io_type    | Samples | CPU Time  | Noise | GPU Time  | Noise | bytes_per_second | peak_memory_usage | encoded_file_size |
|-------------|-----------------|-------------|----------------|----------|------------|-------------|--------------|---------------|---------|-----------|-------|-----------|-------|------------------|-------------------|-------------------|
|        1000 |       536870912 |           1 |              1 |        4 |          8 |   671088640 |    671088640 | PINNED_BUFFER |     80x | 46.208 ms | 1.20% | 46.201 ms | 1.20% |      11620323714 |       647.456 MiB |        54.029 MiB |
|        1000 |      1073741824 |           1 |              1 |        4 |          8 |   671088640 |    671088640 | PINNED_BUFFER |      6x | 92.495 ms | 0.31% | 92.488 ms | 0.32% |      11609502965 |       886.715 MiB |       108.035 MiB |
|        1000 |       536870912 |           2 |              1 |        4 |          8 |   671088640 |    671088640 | PINNED_BUFFER |     80x | 45.554 ms | 1.42% | 45.546 ms | 1.42% |      11787349357 |       647.465 MiB |        54.040 MiB |
|        1000 |      1073741824 |           2 |              1 |        4 |          8 |   671088640 |    671088640 | PINNED_BUFFER |      6x | 90.391 ms | 0.36% | 90.385 ms | 0.36% |      11879708783 |       885.953 MiB |       108.048 MiB |
|        1000 |       536870912 |           4 |              1 |        4 |          8 |   671088640 |    671088640 | PINNED_BUFFER |    324x | 46.335 ms | 1.87% | 46.329 ms | 1.87% |      11588311156 |       647.589 MiB |        54.083 MiB |
|        1000 |      1073741824 |           4 |              1 |        4 |          8 |   671088640 |    671088640 | PINNED_BUFFER |    164x | 91.412 ms | 0.96% | 91.406 ms | 0.96% |      11746925461 |       885.985 MiB |       108.084 MiB |
|        1000 |       536870912 |           8 |              1 |        4 |          8 |   671088640 |    671088640 | PINNED_BUFFER |    313x | 47.910 ms | 2.78% | 47.905 ms | 2.78% |      11206988946 |       582.329 MiB |        54.151 MiB |
|        1000 |      1073741824 |           8 |              1 |        4 |          8 |   671088640 |    671088640 | PINNED_BUFFER |    161x | 93.504 ms | 1.67% | 93.499 ms | 1.67% |      11484026900 |       827.179 MiB |       108.171 MiB |

## parquet_multithreaded_read_decode_chunked_string

### [0] Tesla T4

| cardinality | total_data_size | num_threads | num_iterations | num_cols | run_length | input_limit | output_limit |    io_type    | Samples |  CPU Time  | Noise |  GPU Time  | Noise | bytes_per_second | peak_memory_usage | encoded_file_size |
|-------------|-----------------|-------------|----------------|----------|------------|-------------|--------------|---------------|---------|------------|-------|------------|-------|------------------|-------------------|-------------------|
|        1000 |       536870912 |           1 |              1 |        4 |          8 |   671088640 |    671088640 | PINNED_BUFFER |    232x |  64.791 ms | 1.30% |  64.786 ms | 1.30% |       8286874936 |       556.632 MiB |        11.754 MiB |
|        1000 |      1073741824 |           1 |              1 |        4 |          8 |   671088640 |    671088640 | PINNED_BUFFER |    116x | 129.291 ms | 0.95% | 129.285 ms | 0.95% |       8305206384 |       688.154 MiB |        23.496 MiB |
|        1000 |       536870912 |           2 |              1 |        4 |          8 |   671088640 |    671088640 | PINNED_BUFFER |    224x |  64.833 ms | 2.94% |  64.827 ms | 2.94% |       8281628771 |       557.062 MiB |        11.822 MiB |
|        1000 |      1073741824 |           2 |              1 |        4 |          8 |   671088640 |    671088640 | PINNED_BUFFER |    122x | 123.113 ms | 2.02% | 123.107 ms | 2.02% |       8722028146 |       684.503 MiB |        23.509 MiB |
|        1000 |       536870912 |           4 |              1 |        4 |          8 |   671088640 |    671088640 | PINNED_BUFFER |    243x |  61.665 ms | 2.87% |  61.661 ms | 2.87% |       8706862479 |       557.040 MiB |        11.827 MiB |
|        1000 |      1073741824 |           4 |              1 |        4 |          8 |   671088640 |    671088640 | PINNED_BUFFER |    125x | 120.508 ms | 2.49% | 120.504 ms | 2.49% |       8910423476 |       677.422 MiB |        23.645 MiB |
|        1000 |       536870912 |           8 |              1 |        4 |          8 |   671088640 |    671088640 | PINNED_BUFFER |    252x |  59.689 ms | 5.08% |  59.685 ms | 5.08% |       8995144666 |       421.106 MiB |        11.829 MiB |
|        1000 |      1073741824 |           8 |              1 |        4 |          8 |   671088640 |    671088640 | PINNED_BUFFER |    127x | 118.403 ms | 3.16% | 118.399 ms | 3.16% |       9068852507 |       537.609 MiB |        23.655 MiB |

## parquet_multithreaded_read_decode_chunked_list

### [0] Tesla T4

| cardinality | total_data_size | num_threads | num_iterations | num_cols | run_length | input_limit | output_limit |    io_type    | Samples |  CPU Time  | Noise |  GPU Time  | Noise | bytes_per_second | peak_memory_usage | encoded_file_size |
|-------------|-----------------|-------------|----------------|----------|------------|-------------|--------------|---------------|---------|------------|-------|------------|-------|------------------|-------------------|-------------------|
|        1000 |       536870912 |           1 |              1 |        4 |          8 |   671088640 |    671088640 | PINNED_BUFFER |     10x | 104.552 ms | 0.47% | 104.547 ms | 0.47% |       5135196376 |       626.982 MiB |        61.445 MiB |
|        1000 |      1073741824 |           1 |              1 |        4 |          8 |   671088640 |    671088640 | PINNED_BUFFER |     69x | 218.445 ms | 0.66% | 218.438 ms | 0.66% |       4915544750 |       913.484 MiB |       122.943 MiB |
|        1000 |       536870912 |           2 |              1 |        4 |          8 |   671088640 |    671088640 | PINNED_BUFFER |    148x | 101.870 ms | 2.40% | 101.865 ms | 2.40% |       5270428483 |       627.007 MiB |        61.477 MiB |
|        1000 |      1073741824 |           2 |              1 |        4 |          8 |   671088640 |    671088640 | PINNED_BUFFER |     76x | 197.493 ms | 1.12% | 197.489 ms | 1.12% |       5436979092 |       913.219 MiB |       122.882 MiB |
|        1000 |       536870912 |           4 |              1 |        4 |          8 |   671088640 |    671088640 | PINNED_BUFFER |    149x | 101.149 ms | 2.94% | 101.145 ms | 2.94% |       5307919694 |       627.770 MiB |        61.583 MiB |
|        1000 |      1073741824 |           4 |              1 |        4 |          8 |   671088640 |    671088640 | PINNED_BUFFER |     75x | 202.111 ms | 2.99% | 202.108 ms | 2.99% |       5312725486 |       908.049 MiB |       122.965 MiB |
|        1000 |       536870912 |           8 |              1 |        4 |          8 |   671088640 |    671088640 | PINNED_BUFFER |    143x | 105.524 ms | 4.16% | 105.520 ms | 4.16% |       5087852248 |       627.992 MiB |        61.632 MiB |
|        1000 |      1073741824 |           8 |              1 |        4 |          8 |   671088640 |    671088640 | PINNED_BUFFER |     71x | 211.274 ms | 3.47% | 211.271 ms | 3.47% |       5082286742 |       909.565 MiB |       123.155 MiB |
