----------------------------------------------------------------------------------------------------------------------------------------------------
Benchmark                                                                                          Time             CPU   Iterations UserCounters...
----------------------------------------------------------------------------------------------------------------------------------------------------
ContiguousSplit/6Gb512ColsNoValidity/6442450944/512/256/0/iterations:8/manual_time              82.9 ms         82.9 ms            8 bytes_per_second=144.803G/s
ContiguousSplit/6Gb512ColsValidity/6442450944/512/256/1/iterations:8/manual_time                89.6 ms         89.7 ms            8 bytes_per_second=138.084G/s
ContiguousSplit/6Gb10ColsNoValidity/6442450944/10/256/0/iterations:8/manual_time                62.9 ms         63.0 ms            8 bytes_per_second=190.663G/s
ContiguousSplit/6Gb10ColsValidity/6442450944/10/256/1/iterations:8/manual_time                  65.4 ms         65.4 ms            8 bytes_per_second=189.308G/s
ContiguousSplit/4Gb512ColsNoValidity/4294967296/512/256/0/iterations:8/manual_time              60.9 ms         60.9 ms            8 bytes_per_second=131.411G/s
ContiguousSplit/4Gb512ColsValidity/4294967296/512/256/1/iterations:8/manual_time                68.0 ms         68.0 ms            8 bytes_per_second=121.379G/s
ContiguousSplit/4Gb10ColsNoValidity/4294967296/10/256/0/iterations:8/manual_time                42.4 ms         42.5 ms            8 bytes_per_second=188.512G/s
ContiguousSplit/4Gb10ColsValidity/4294967296/10/256/1/iterations:8/manual_time                  43.8 ms         43.8 ms            8 bytes_per_second=188.519G/s
ContiguousSplit/4Gb4ColsNoSplits/1073741824/4/0/1/iterations:8/manual_time                      10.0 ms         10.0 ms            8 bytes_per_second=205.821G/s
ContiguousSplit/4Gb4ColsValidityNoSplits/1073741824/4/0/1/iterations:8/manual_time              10.0 ms         10.1 ms            8 bytes_per_second=205.729G/s
ContiguousSplit/1Gb512ColsNoValidity/1073741824/512/256/0/iterations:8/manual_time              32.0 ms         32.0 ms            8 bytes_per_second=62.5186G/s
ContiguousSplit/1Gb512ColsValidity/1073741824/512/256/1/iterations:8/manual_time                37.8 ms         37.8 ms            8 bytes_per_second=54.5926G/s
ContiguousSplit/1Gb10ColsNoValidity/1073741824/10/256/0/iterations:8/manual_time                11.2 ms         11.2 ms            8 bytes_per_second=178.852G/s
ContiguousSplit/1Gb10ColsValidity/1073741824/10/256/1/iterations:8/manual_time                  11.5 ms         11.5 ms            8 bytes_per_second=179.124G/s
ContiguousSplit/1Gb1ColNoSplits/1073741824/1/0/1/iterations:8/manual_time                       10.0 ms         10.1 ms            8 bytes_per_second=205.75G/s
ContiguousSplit/1Gb1ColValidityNoSplits/1073741824/1/0/1/iterations:8/manual_time               10.0 ms         10.1 ms            8 bytes_per_second=205.768G/s
ContiguousSplitStrings/4Gb512ColsNoValidity/4294967296/512/256/0/iterations:8/manual_time        125 ms          125 ms            8 bytes_per_second=64.2156G/s
ContiguousSplitStrings/4Gb512ColsValidity/4294967296/512/256/1/iterations:8/manual_time          107 ms          108 ms            8 bytes_per_second=75.6584G/s
ContiguousSplitStrings/4Gb10ColsNoValidity/4294967296/10/256/0/iterations:8/manual_time         64.7 ms         67.1 ms            8 bytes_per_second=129.888G/s
ContiguousSplitStrings/4Gb10ColsValidity/4294967296/10/256/1/iterations:8/manual_time           42.9 ms         43.0 ms            8 bytes_per_second=198.513G/s
ContiguousSplitStrings/4Gb4ColsNoSplits/1073741824/4/0/0/iterations:8/manual_time               15.5 ms         17.0 ms            8 bytes_per_second=145.536G/s
ContiguousSplitStrings/4Gb4ColsValidityNoSplits/1073741824/4/0/1/iterations:8/manual_time       10.1 ms         10.1 ms            8 bytes_per_second=226.487G/s
ContiguousSplitStrings/1Gb512ColsNoValidity/1073741824/512/256/0/iterations:8/manual_time       77.7 ms         77.8 ms            8 bytes_per_second=25.7544G/s
ContiguousSplitStrings/1Gb512ColsValidity/1073741824/512/256/1/iterations:8/manual_time         77.9 ms         78.0 ms            8 bytes_per_second=26.0934G/s
ContiguousSplitStrings/1Gb10ColsNoValidity/1073741824/10/256/0/iterations:8/manual_time         17.1 ms         17.7 ms            8 bytes_per_second=122.923G/s
ContiguousSplitStrings/1Gb10ColsValidity/1073741824/10/256/1/iterations:8/manual_time           12.1 ms         12.1 ms            8 bytes_per_second=176.582G/s
ContiguousSplitStrings/1Gb1ColNoSplits/1073741824/1/0/0/iterations:8/manual_time                14.6 ms         20.5 ms            8 bytes_per_second=206.009G/s
ContiguousSplitStrings/1Gb1ColValidityNoSplits/1073741824/1/0/1/iterations:8/manual_time        10.1 ms         10.1 ms            8 bytes_per_second=300.534G/s
ChunkedPack/6Gb512ColsNoValidity/6442450944/512/0/0/iterations:8/manual_time                    55.7 ms         55.7 ms            8 bytes_per_second=215.574G/s
ChunkedPack/6Gb512ColsValidity/6442450944/512/0/1/iterations:8/manual_time                      58.9 ms         58.9 ms            8 bytes_per_second=210.186G/s
ChunkedPack/6Gb10ColsNoValidity/6442450944/10/0/0/iterations:8/manual_time                      56.6 ms         56.7 ms            8 bytes_per_second=211.83G/s
ChunkedPack/6Gb10ColsValidity/6442450944/10/0/1/iterations:8/manual_time                        58.2 ms         58.2 ms            8 bytes_per_second=212.698G/s
ChunkedPack/4Gb512ColsNoValidity/4294967296/512/0/0/iterations:8/manual_time                    37.3 ms         37.4 ms            8 bytes_per_second=214.333G/s
ChunkedPack/4Gb512ColsValidity/4294967296/512/0/1/iterations:8/manual_time                      38.5 ms         38.6 ms            8 bytes_per_second=214.072G/s
ChunkedPack/4Gb10ColsNoValidity/4294967296/10/0/0/iterations:8/manual_time                      37.5 ms         37.5 ms            8 bytes_per_second=213.44G/s
ChunkedPack/4Gb10ColsValidity/4294967296/10/0/1/iterations:8/manual_time                        38.6 ms         38.6 ms            8 bytes_per_second=213.827G/s
ChunkedPack/4Gb4ColsValidity/1073741824/4/0/1/iterations:8/manual_time                          9.63 ms         9.66 ms            8 bytes_per_second=214.185G/s
ChunkedPack/1Gb512ColsNoValidity/1073741824/512/0/0/iterations:8/manual_time                    9.49 ms         9.52 ms            8 bytes_per_second=210.808G/s
ChunkedPack/1Gb512ColsValidity/1073741824/512/0/1/iterations:8/manual_time                      9.88 ms         9.91 ms            8 bytes_per_second=208.737G/s
ChunkedPack/1Gb10ColsNoValidity/1073741824/10/0/0/iterations:8/manual_time                      9.84 ms         9.87 ms            8 bytes_per_second=203.337G/s
ChunkedPack/1Gb10ColsValidity/1073741824/10/0/1/iterations:8/manual_time                        10.1 ms         10.1 ms            8 bytes_per_second=204.872G/s
ChunkedPack/1Gb1ColValidity/1073741824/1/0/1/iterations:8/manual_time                           9.69 ms         9.72 ms            8 bytes_per_second=212.915G/s
ChunkedPackStrings/4Gb512ColsNoValidity/4294967296/512/0/0/iterations:8/manual_time             59.7 ms         59.7 ms            8 bytes_per_second=134.225G/s
ChunkedPackStrings/4Gb512ColsValidity/4294967296/512/0/1/iterations:8/manual_time               39.3 ms         39.4 ms            8 bytes_per_second=206.8G/s
ChunkedPackStrings/4Gb10ColsNoValidity/4294967296/10/0/0/iterations:8/manual_time               56.4 ms         58.8 ms            8 bytes_per_second=149.014G/s
ChunkedPackStrings/4Gb10ColsValidity/4294967296/10/0/1/iterations:8/manual_time                 37.9 ms         37.9 ms            8 bytes_per_second=224.919G/s
ChunkedPackStrings/4Gb4ColsValidity/1073741824/4/0/1/iterations:8/manual_time                   9.58 ms         9.61 ms            8 bytes_per_second=238.147G/s
ChunkedPackStrings/1Gb512ColsNoValidity/1073741824/512/0/0/iterations:8/manual_time             15.2 ms         15.2 ms            8 bytes_per_second=131.806G/s
ChunkedPackStrings/1Gb512ColsValidity/1073741824/512/0/1/iterations:8/manual_time               10.3 ms         10.3 ms            8 bytes_per_second=197.485G/s
ChunkedPackStrings/1Gb10ColsNoValidity/1073741824/10/0/0/iterations:8/manual_time               14.6 ms         15.2 ms            8 bytes_per_second=143.732G/s
ChunkedPackStrings/1Gb10ColsValidity/1073741824/10/0/1/iterations:8/manual_time                 9.65 ms         9.68 ms            8 bytes_per_second=220.887G/s
ChunkedPackStrings/1Gb1ColValidity/1073741824/1/0/1/iterations:8/manual_time                    9.35 ms         9.38 ms            8 bytes_per_second=324.241G/s
