-----------------------------------------------------------------------------------------------
Benchmark                                                     Time             CPU   Iterations
-----------------------------------------------------------------------------------------------
Rank/no_nulls/1024/manual_time                            0.057 ms        0.084 ms        12183
Rank/no_nulls/4096/manual_time                            0.060 ms        0.086 ms        11782
Rank/no_nulls/32768/manual_time                           0.129 ms        0.153 ms         5418
Rank/no_nulls/262144/manual_time                          0.186 ms        0.213 ms         3770
Rank/no_nulls/2097152/manual_time                          1.48 ms         1.50 ms          474
Rank/no_nulls/16777216/manual_time                         12.2 ms         12.2 ms           57
Rank/no_nulls/67108864/manual_time                         48.4 ms         48.4 ms           14
Rank/nulls/1024/manual_time                               0.136 ms        0.163 ms         5147
Rank/nulls/4096/manual_time                               0.162 ms        0.188 ms         4331
Rank/nulls/32768/manual_time                              0.232 ms        0.257 ms         3009
Rank/nulls/262144/manual_time                             0.504 ms        0.531 ms         1000
Rank/nulls/2097152/manual_time                             4.52 ms         4.55 ms          154
Rank/nulls/16777216/manual_time                            37.4 ms         37.5 ms           19
Rank/nulls/67108864/manual_time                             157 ms          157 ms            4
Sort<false>/unstable_no_nulls/1024/1/manual_time          0.049 ms        0.076 ms        13700
Sort<false>/unstable_no_nulls/4096/1/manual_time          0.051 ms        0.077 ms        13848
Sort<false>/unstable_no_nulls/32768/1/manual_time         0.120 ms        0.145 ms         5830
Sort<false>/unstable_no_nulls/262144/1/manual_time        0.166 ms        0.194 ms         4201
Sort<false>/unstable_no_nulls/2097152/1/manual_time       0.950 ms        0.977 ms          737
Sort<false>/unstable_no_nulls/16777216/1/manual_time       6.82 ms         6.85 ms          102
Sort<false>/unstable_no_nulls/67108864/1/manual_time       27.0 ms         27.0 ms           26
Sort<false>/unstable_no_nulls/1024/8/manual_time          0.735 ms        0.762 ms          937
Sort<false>/unstable_no_nulls/4096/8/manual_time          0.965 ms        0.992 ms          726
Sort<false>/unstable_no_nulls/32768/8/manual_time          1.12 ms         1.14 ms          627
Sort<false>/unstable_no_nulls/262144/8/manual_time         2.91 ms         2.94 ms          242
Sort<false>/unstable_no_nulls/2097152/8/manual_time        54.2 ms         54.2 ms           13
Sort<false>/unstable_no_nulls/16777216/8/manual_time        701 ms          701 ms            1
Sort<false>/unstable_no_nulls/67108864/8/manual_time       3619 ms         3619 ms            1
Sort<true>/stable_no_nulls/1024/1/manual_time             0.049 ms        0.076 ms        13993
Sort<true>/stable_no_nulls/4096/1/manual_time             0.050 ms        0.077 ms        13855
Sort<true>/stable_no_nulls/32768/1/manual_time            0.120 ms        0.145 ms         5839
Sort<true>/stable_no_nulls/262144/1/manual_time           0.166 ms        0.193 ms         4208
Sort<true>/stable_no_nulls/2097152/1/manual_time          0.950 ms        0.978 ms          737
Sort<true>/stable_no_nulls/16777216/1/manual_time          6.81 ms         6.84 ms          102
Sort<true>/stable_no_nulls/67108864/1/manual_time          27.0 ms         27.0 ms           26
Sort<true>/stable_no_nulls/1024/8/manual_time             0.734 ms        0.762 ms          935
Sort<true>/stable_no_nulls/4096/8/manual_time             0.967 ms        0.994 ms          719
Sort<true>/stable_no_nulls/32768/8/manual_time             1.12 ms         1.14 ms          627
Sort<true>/stable_no_nulls/262144/8/manual_time            2.91 ms         2.94 ms          241
Sort<true>/stable_no_nulls/2097152/8/manual_time           54.2 ms         54.3 ms           13
Sort<true>/stable_no_nulls/16777216/8/manual_time           701 ms          701 ms            1
Sort<true>/stable_no_nulls/67108864/8/manual_time          3619 ms         3619 ms            1
Sort<false>/unstable/1024/1/manual_time                   0.116 ms        0.143 ms         5919
Sort<false>/unstable/4096/1/manual_time                   0.141 ms        0.168 ms         4956
Sort<false>/unstable/32768/1/manual_time                  0.211 ms        0.238 ms         3312
Sort<false>/unstable/262144/1/manual_time                 0.493 ms        0.520 ms         1424
Sort<false>/unstable/2097152/1/manual_time                 4.56 ms         4.58 ms          153
Sort<false>/unstable/16777216/1/manual_time                37.3 ms         37.3 ms           19
Sort<false>/unstable/67108864/1/manual_time                 157 ms          157 ms            5
Sort<false>/unstable/1024/8/manual_time                   0.890 ms        0.918 ms          734
Sort<false>/unstable/4096/8/manual_time                    1.28 ms         1.31 ms          546
Sort<false>/unstable/32768/8/manual_time                   1.50 ms         1.52 ms          468
Sort<false>/unstable/262144/8/manual_time                  3.74 ms         3.76 ms          189
Sort<false>/unstable/2097152/8/manual_time                 61.7 ms         61.7 ms           11
Sort<false>/unstable/16777216/8/manual_time                 892 ms          892 ms            1
Sort<false>/unstable/67108864/8/manual_time                5081 ms         5081 ms            1
Sort<true>/stable/1024/1/manual_time                      0.116 ms        0.143 ms         5911
Sort<true>/stable/4096/1/manual_time                      0.141 ms        0.168 ms         4954
Sort<true>/stable/32768/1/manual_time                     0.212 ms        0.238 ms         3310
Sort<true>/stable/262144/1/manual_time                    0.494 ms        0.522 ms         1424
Sort<true>/stable/2097152/1/manual_time                    4.56 ms         4.59 ms          153
Sort<true>/stable/16777216/1/manual_time                   37.4 ms         37.5 ms           19
Sort<true>/stable/67108864/1/manual_time                    157 ms          157 ms            5
Sort<true>/stable/1024/8/manual_time                      0.889 ms        0.917 ms          735
Sort<true>/stable/4096/8/manual_time                       1.28 ms         1.31 ms          546
Sort<true>/stable/32768/8/manual_time                      1.50 ms         1.52 ms          468
Sort<true>/stable/262144/8/manual_time                     3.74 ms         3.77 ms          189
Sort<true>/stable/2097152/8/manual_time                    61.8 ms         61.8 ms           11
Sort<true>/stable/16777216/8/manual_time                    892 ms          892 ms            1
Sort<true>/stable/67108864/8/manual_time                   5082 ms         5081 ms            1
Sort/strings/1024/manual_time                              1.07 ms         1.09 ms          638
Sort/strings/4096/manual_time                              1.82 ms         1.85 ms          385
Sort/strings/32768/manual_time                             2.46 ms         2.49 ms          284
Sort/strings/262144/manual_time                            7.78 ms         7.81 ms           92
Sort/strings/2097152/manual_time                           91.9 ms         91.9 ms            8
Sort/strings/16777216/manual_time                           829 ms          829 ms            1
