----------------------------------------------------------------------------------------------------------------------
Benchmark                                                            Time             CPU   Iterations UserCounters...
----------------------------------------------------------------------------------------------------------------------
Shift/shift_zero/1024/manual_time                                0.020 ms        0.047 ms        35861 bytes_per_second=399.632M/s
Shift/shift_zero/32768/manual_time                               0.021 ms        0.048 ms        33426 bytes_per_second=11.64G/s
Shift/shift_zero/1048576/manual_time                             0.054 ms        0.076 ms        13161 bytes_per_second=144.396G/s
Shift/shift_zero/33554432/manual_time                             1.14 ms         1.17 ms          613 bytes_per_second=218.926G/s
Shift/shift_zero/1073741824/manual_time                           35.1 ms         35.1 ms           20 bytes_per_second=228.111G/s
Shift/shift_zero_nullable_out/1024/manual_time                   0.033 ms        0.061 ms        20998 bytes_per_second=241.817M/s
Shift/shift_zero_nullable_out/32768/manual_time                  0.041 ms        0.068 ms        17258 bytes_per_second=6.17802G/s
Shift/shift_zero_nullable_out/1048576/manual_time                0.094 ms        0.117 ms         7184 bytes_per_second=85.6766G/s
Shift/shift_zero_nullable_out/33554432/manual_time                1.92 ms         1.95 ms          364 bytes_per_second=133.937G/s
Shift/shift_zero_nullable_out/1073741824/manual_time              59.7 ms         59.8 ms           12 bytes_per_second=138.107G/s
Shift/shift_ten_percent/1024/manual_time                         0.019 ms        0.047 ms        36464 bytes_per_second=385.885M/s
Shift/shift_ten_percent/32768/manual_time                        0.021 ms        0.048 ms        32709 bytes_per_second=10.7991G/s
Shift/shift_ten_percent/1048576/manual_time                      0.052 ms        0.073 ms        13475 bytes_per_second=143.076G/s
Shift/shift_ten_percent/33554432/manual_time                      1.10 ms         1.12 ms          636 bytes_per_second=216.894G/s
Shift/shift_ten_percent/1073741824/manual_time                    34.3 ms         34.3 ms           20 bytes_per_second=221.508G/s
Shift/shift_ten_percent_nullable_out/1024/manual_time            0.033 ms        0.061 ms        20747 bytes_per_second=219.134M/s
Shift/shift_ten_percent_nullable_out/32768/manual_time           0.040 ms        0.066 ms        17444 bytes_per_second=5.72804G/s
Shift/shift_ten_percent_nullable_out/1048576/manual_time         0.090 ms        0.113 ms         7826 bytes_per_second=81.148G/s
Shift/shift_ten_percent_nullable_out/33554432/manual_time         1.86 ms         1.89 ms          377 bytes_per_second=124.865G/s
Shift/shift_ten_percent_nullable_out/1073741824/manual_time       58.5 ms         58.5 ms           12 bytes_per_second=127.374G/s
Shift/shift_half/1024/manual_time                                0.019 ms        0.047 ms        36451 bytes_per_second=305.049M/s
Shift/shift_half/32768/manual_time                               0.021 ms        0.048 ms        33451 bytes_per_second=8.80313G/s
Shift/shift_half/1048576/manual_time                             0.043 ms        0.065 ms        16163 bytes_per_second=135.216G/s
Shift/shift_half/33554432/manual_time                            0.866 ms        0.894 ms          808 bytes_per_second=216.554G/s
Shift/shift_half/1073741824/manual_time                           26.7 ms         26.8 ms           26 bytes_per_second=224.426G/s
Shift/shift_half_nullable_out/1024/manual_time                   0.033 ms        0.061 ms        21067 bytes_per_second=124.734M/s
Shift/shift_half_nullable_out/32768/manual_time                  0.037 ms        0.064 ms        18954 bytes_per_second=3.50261G/s
Shift/shift_half_nullable_out/1048576/manual_time                0.082 ms        0.105 ms         8524 bytes_per_second=50.8918G/s
Shift/shift_half_nullable_out/33554432/manual_time                1.55 ms         1.58 ms          452 bytes_per_second=85.6615G/s
Shift/shift_half_nullable_out/1073741824/manual_time              48.3 ms         48.4 ms           14 bytes_per_second=87.9031G/s
Shift/shift_full/1024/manual_time                                0.019 ms        0.047 ms        36585 bytes_per_second=204.089M/s
Shift/shift_full/32768/manual_time                               0.020 ms        0.047 ms        35306 bytes_per_second=6.13973G/s
Shift/shift_full/1048576/manual_time                             0.029 ms        0.050 ms        24466 bytes_per_second=136.202G/s
Shift/shift_full/33554432/manual_time                            0.593 ms        0.621 ms         1180 bytes_per_second=210.929G/s
Shift/shift_full/1073741824/manual_time                           18.4 ms         18.5 ms           38 bytes_per_second=217.087G/s
Shift/shift_full_nullable_out/1024/manual_time                   0.033 ms        0.061 ms        21063 bytes_per_second=7.2904M/s
Shift/shift_full_nullable_out/32768/manual_time                  0.034 ms        0.062 ms        20442 bytes_per_second=227.663M/s
Shift/shift_full_nullable_out/1048576/manual_time                0.063 ms        0.086 ms        11089 bytes_per_second=3.87225G/s
Shift/shift_full_nullable_out/33554432/manual_time                1.18 ms         1.21 ms          595 bytes_per_second=6.61485G/s
Shift/shift_full_nullable_out/1073741824/manual_time              36.8 ms         36.9 ms           19 bytes_per_second=6.78617G/s
